
> sheetpilot@1.2.1 test
> cross-env VITEST=true vitest run --config __tests__/vitest.config.ts


[1m[46m RUN [49m[22m [36mv3.2.4 [39m[90mC:/Local/Sheetpilot[39m

[90mstdout[2m | __tests__/database.spec.ts[2m > [22m[2mDatabase Module[2m > [22m[2mDatabase Path Management[2m > [22m[2mshould set and get database path correctly
[22m[39m11:33:53.489 > {
  component: [32m'Database'[39m,
  operation: [32m'ensure-schema'[39m,
  message: [32m'Operation started: ensure-schema'[39m
}
11:33:53.503 > {
  component: [32m'Database'[39m,
  message: [32m'Ensuring database schema is up to date'[39m
}
11:33:53.506 > {
  component: [32m'Database'[39m,
  message: [32m'Opening database connection'[39m,
  data: {
    dbPath: [32m'C:\\Users\\ANDREW~1.HUG\\AppData\\Local\\Temp\\sheetpilot-test-1761579233488.sqlite'[39m
  }
}
11:33:53.509 > {
  component: [32m'Database'[39m,
  message: [32m'Loading better-sqlite3 native module'[39m
}
11:33:53.561 > {
  component: [32m'Database'[39m,
  message: [32m'better-sqlite3 module loaded successfully'[39m
}

[90mstdout[2m | __tests__/database.spec.ts[2m > [22m[2mDatabase Module[2m > [22m[2mDatabase Path Management[2m > [22m[2mshould resolve relative paths to absolute paths
[22m[39m11:33:53.624 > {
  component: [32m'Database'[39m,
  operation: [32m'ensure-schema'[39m,
  message: [32m'Operation started: ensure-schema'[39m
}
11:33:53.627 > {
  component: [32m'Database'[39m,
  message: [32m'Ensuring database schema is up to date'[39m
}
11:33:53.628 > {
  component: [32m'Database'[39m,
  message: [32m'Opening database connection'[39m,
  data: {
    dbPath: [32m'C:\\Users\\ANDREW~1.HUG\\AppData\\Local\\Temp\\sheetpilot-test-1761579233624.sqlite'[39m
  }
}

[90mstdout[2m | __tests__/database.spec.ts[2m > [22m[2mDatabase Module[2m > [22m[2mDatabase Path Management[2m > [22m[2mshould create database directory if it does not exist
[22m[39m11:33:53.649 > {
  component: [32m'Database'[39m,
  operation: [32m'ensure-schema'[39m,
  message: [32m'Operation started: ensure-schema'[39m
}
11:33:53.651 > {
  component: [32m'Database'[39m,
  message: [32m'Ensuring database schema is up to date'[39m
}
11:33:53.654 > {
  component: [32m'Database'[39m,
  message: [32m'Opening database connection'[39m,
  data: {
    dbPath: [32m'C:\\Users\\ANDREW~1.HUG\\AppData\\Local\\Temp\\sheetpilot-test-1761579233649.sqlite'[39m
  }
}

[90mstdout[2m | __tests__/database.spec.ts[2m > [22m[2mDatabase Module[2m > [22m[2mDatabase Connection[2m > [22m[2mshould open database connection successfully
[22m[39m11:33:53.675 > {
  component: [32m'Database'[39m,
  operation: [32m'ensure-schema'[39m,
  message: [32m'Operation started: ensure-schema'[39m
}
11:33:53.677 > {
  component: [32m'Database'[39m,
  message: [32m'Ensuring database schema is up to date'[39m
}
11:33:53.686 > {
  component: [32m'Database'[39m,
  message: [32m'Opening database connection'[39m,
  data: {
    dbPath: [32m'C:\\Users\\ANDREW~1.HUG\\AppData\\Local\\Temp\\sheetpilot-test-1761579233674.sqlite'[39m
  }
}

[90mstdout[2m | __tests__/database.spec.ts[2m > [22m[2mDatabase Module[2m > [22m[2mDatabase Connection[2m > [22m[2mshould create database file if it does not exist
[22m[39m11:33:53.708 > {
  component: [32m'Database'[39m,
  operation: [32m'ensure-schema'[39m,
  message: [32m'Operation started: ensure-schema'[39m
}
11:33:53.711 > {
  component: [32m'Database'[39m,
  message: [32m'Ensuring database schema is up to date'[39m
}
11:33:53.715 > {
  component: [32m'Database'[39m,
  message: [32m'Opening database connection'[39m,
  data: {
    dbPath: [32m'C:\\Users\\ANDREW~1.HUG\\AppData\\Local\\Temp\\sheetpilot-test-1761579233708.sqlite'[39m
  }
}

[90mstdout[2m | __tests__/database.spec.ts[2m > [22m[2mDatabase Module[2m > [22m[2mSchema Management[2m > [22m[2mshould create timesheet table with correct schema
[22m[39m11:33:53.733 > {
  component: [32m'Database'[39m,
  operation: [32m'ensure-schema'[39m,
  message: [32m'Operation started: ensure-schema'[39m
}
11:33:53.735 > {
  component: [32m'Database'[39m,
  message: [32m'Ensuring database schema is up to date'[39m
}
11:33:53.737 > {
  component: [32m'Database'[39m,
  message: [32m'Opening database connection'[39m,
  data: {
    dbPath: [32m'C:\\Users\\ANDREW~1.HUG\\AppData\\Local\\Temp\\sheetpilot-test-1761579233732.sqlite'[39m
  }
}

[90mstdout[2m | __tests__/database.spec.ts[2m > [22m[2mDatabase Module[2m > [22m[2mSchema Management[2m > [22m[2mshould create required indexes
[22m[39m11:33:53.754 > {
  component: [32m'Database'[39m,
  operation: [32m'ensure-schema'[39m,
  message: [32m'Operation started: ensure-schema'[39m
}
11:33:53.756 > {
  component: [32m'Database'[39m,
  message: [32m'Ensuring database schema is up to date'[39m
}
11:33:53.759 > {
  component: [32m'Database'[39m,
  message: [32m'Opening database connection'[39m,
  data: {
    dbPath: [32m'C:\\Users\\ANDREW~1.HUG\\AppData\\Local\\Temp\\sheetpilot-test-1761579233754.sqlite'[39m
  }
}

[90mstdout[2m | __tests__/database.spec.ts[2m > [22m[2mDatabase Module[2m > [22m[2mSchema Management[2m > [22m[2mshould create unique constraint for deduplication
[22m[39m11:33:53.775 > {
  component: [32m'Database'[39m,
  operation: [32m'ensure-schema'[39m,
  message: [32m'Operation started: ensure-schema'[39m
}
11:33:53.776 > {
  component: [32m'Database'[39m,
  message: [32m'Ensuring database schema is up to date'[39m
}
11:33:53.780 > {
  component: [32m'Database'[39m,
  message: [32m'Opening database connection'[39m,
  data: {
    dbPath: [32m'C:\\Users\\ANDREW~1.HUG\\AppData\\Local\\Temp\\sheetpilot-test-1761579233774.sqlite'[39m
  }
}

[90mstdout[2m | __tests__/database.spec.ts[2m > [22m[2mDatabase Module[2m > [22m[2mTimesheet Entry Insertion[2m > [22m[2mshould insert a new timesheet entry successfully
[22m[39m11:33:53.801 > {
  component: [32m'Database'[39m,
  operation: [32m'ensure-schema'[39m,
  message: [32m'Operation started: ensure-schema'[39m
}
11:33:53.803 > {
  component: [32m'Database'[39m,
  message: [32m'Ensuring database schema is up to date'[39m
}
11:33:53.805 > {
  component: [32m'Database'[39m,
  message: [32m'Opening database connection'[39m,
  data: {
    dbPath: [32m'C:\\Users\\ANDREW~1.HUG\\AppData\\Local\\Temp\\sheetpilot-test-1761579233801.sqlite'[39m
  }
}

[90mstdout[2m | __tests__/database.spec.ts[2m > [22m[2mDatabase Module[2m > [22m[2mTimesheet Entry Insertion[2m > [22m[2mshould calculate hours automatically
[22m[39m11:33:53.820 > {
  component: [32m'Database'[39m,
  operation: [32m'ensure-schema'[39m,
  message: [32m'Operation started: ensure-schema'[39m
}
11:33:53.821 > {
  component: [32m'Database'[39m,
  message: [32m'Ensuring database schema is up to date'[39m
}
11:33:53.823 > {
  component: [32m'Database'[39m,
  message: [32m'Opening database connection'[39m,
  data: {
    dbPath: [32m'C:\\Users\\ANDREW~1.HUG\\AppData\\Local\\Temp\\sheetpilot-test-1761579233820.sqlite'[39m
  }
}

[90mstdout[2m | __tests__/database.spec.ts[2m > [22m[2mDatabase Module[2m > [22m[2mTimesheet Entry Insertion[2m > [22m[2mshould handle optional fields correctly
[22m[39m11:33:53.837 > {
  component: [32m'Database'[39m,
  operation: [32m'ensure-schema'[39m,
  message: [32m'Operation started: ensure-schema'[39m
}
11:33:53.839 > {
  component: [32m'Database'[39m,
  message: [32m'Ensuring database schema is up to date'[39m
}
11:33:53.840 > {
  component: [32m'Database'[39m,
  message: [32m'Opening database connection'[39m,
  data: {
    dbPath: [32m'C:\\Users\\ANDREW~1.HUG\\AppData\\Local\\Temp\\sheetpilot-test-1761579233837.sqlite'[39m
  }
}

[90mstdout[2m | __tests__/database.spec.ts[2m > [22m[2mDatabase Module[2m > [22m[2mTimesheet Entry Insertion[2m > [22m[2mshould validate time constraints
[22m[39m11:33:53.853 > {
  component: [32m'Database'[39m,
  operation: [32m'ensure-schema'[39m,
  message: [32m'Operation started: ensure-schema'[39m
}
11:33:53.854 > {
  component: [32m'Database'[39m,
  message: [32m'Ensuring database schema is up to date'[39m
}
11:33:53.856 > {
  component: [32m'Database'[39m,
  message: [32m'Opening database connection'[39m,
  data: {
    dbPath: [32m'C:\\Users\\ANDREW~1.HUG\\AppData\\Local\\Temp\\sheetpilot-test-1761579233853.sqlite'[39m
  }
}

[90mstdout[2m | __tests__/database.spec.ts[2m > [22m[2mDatabase Module[2m > [22m[2mDeduplication Functionality[2m > [22m[2mshould prevent duplicate entries based on unique constraint
[22m[39m11:33:53.869 > {
  component: [32m'Database'[39m,
  operation: [32m'ensure-schema'[39m,
  message: [32m'Operation started: ensure-schema'[39m
}
11:33:53.872 > {
  component: [32m'Database'[39m,
  message: [32m'Ensuring database schema is up to date'[39m
}
11:33:53.874 > {
  component: [32m'Database'[39m,
  message: [32m'Opening database connection'[39m,
  data: {
    dbPath: [32m'C:\\Users\\ANDREW~1.HUG\\AppData\\Local\\Temp\\sheetpilot-test-1761579233869.sqlite'[39m
  }
}

[90mstdout[2m | __tests__/database.spec.ts[2m > [22m[2mDatabase Module[2m > [22m[2mDeduplication Functionality[2m > [22m[2mshould allow entries with different time_in
[22m[39m11:33:53.887 > {
  component: [32m'Database'[39m,
  operation: [32m'ensure-schema'[39m,
  message: [32m'Operation started: ensure-schema'[39m
}
11:33:53.889 > {
  component: [32m'Database'[39m,
  message: [32m'Ensuring database schema is up to date'[39m
}
11:33:53.891 > {
  component: [32m'Database'[39m,
  message: [32m'Opening database connection'[39m,
  data: {
    dbPath: [32m'C:\\Users\\ANDREW~1.HUG\\AppData\\Local\\Temp\\sheetpilot-test-1761579233887.sqlite'[39m
  }
}

[90mstdout[2m | __tests__/database.spec.ts[2m > [22m[2mDatabase Module[2m > [22m[2mDeduplication Functionality[2m > [22m[2mshould allow entries with different project
[22m[39m11:33:53.904 > {
  component: [32m'Database'[39m,
  operation: [32m'ensure-schema'[39m,
  message: [32m'Operation started: ensure-schema'[39m
}
11:33:53.906 > {
  component: [32m'Database'[39m,
  message: [32m'Ensuring database schema is up to date'[39m
}
11:33:53.908 > {
  component: [32m'Database'[39m,
  message: [32m'Opening database connection'[39m,
  data: {
    dbPath: [32m'C:\\Users\\ANDREW~1.HUG\\AppData\\Local\\Temp\\sheetpilot-test-1761579233904.sqlite'[39m
  }
}

[90mstdout[2m | __tests__/database.spec.ts[2m > [22m[2mDatabase Module[2m > [22m[2mDeduplication Functionality[2m > [22m[2mshould allow entries with different task description
[22m[39m11:33:53.921 > {
  component: [32m'Database'[39m,
  operation: [32m'ensure-schema'[39m,
  message: [32m'Operation started: ensure-schema'[39m
}
11:33:53.923 > {
  component: [32m'Database'[39m,
  message: [32m'Ensuring database schema is up to date'[39m
}
11:33:53.925 > {
  component: [32m'Database'[39m,
  message: [32m'Opening database connection'[39m,
  data: {
    dbPath: [32m'C:\\Users\\ANDREW~1.HUG\\AppData\\Local\\Temp\\sheetpilot-test-1761579233921.sqlite'[39m
  }
}

[90mstdout[2m | __tests__/database.spec.ts[2m > [22m[2mDatabase Module[2m > [22m[2mDeduplication Functionality[2m > [22m[2mshould allow entries with different date
[22m[39m11:33:53.939 > {
  component: [32m'Database'[39m,
  operation: [32m'ensure-schema'[39m,
  message: [32m'Operation started: ensure-schema'[39m
}
11:33:53.940 > {
  component: [32m'Database'[39m,
  message: [32m'Ensuring database schema is up to date'[39m
}
11:33:53.941 > {
  component: [32m'Database'[39m,
  message: [32m'Opening database connection'[39m,
  data: {
    dbPath: [32m'C:\\Users\\ANDREW~1.HUG\\AppData\\Local\\Temp\\sheetpilot-test-1761579233939.sqlite'[39m
  }
}

[90mstdout[2m | __tests__/database.spec.ts[2m > [22m[2mDatabase Module[2m > [22m[2mDeduplication Functionality[2m > [22m[2mshould allow entries with different optional fields
[22m[39m11:33:53.957 > {
  component: [32m'Database'[39m,
  operation: [32m'ensure-schema'[39m,
  message: [32m'Operation started: ensure-schema'[39m
}
11:33:53.958 > {
  component: [32m'Database'[39m,
  message: [32m'Ensuring database schema is up to date'[39m
}
11:33:53.960 > {
  component: [32m'Database'[39m,
  message: [32m'Opening database connection'[39m,
  data: {
    dbPath: [32m'C:\\Users\\ANDREW~1.HUG\\AppData\\Local\\Temp\\sheetpilot-test-1761579233957.sqlite'[39m
  }
}

[90mstdout[2m | __tests__/database.spec.ts[2m > [22m[2mDatabase Module[2m > [22m[2mDuplicate Checking Utilities[2m > [22m[2mshould correctly identify non-duplicate entries
[22m[39m11:33:53.973 > {
  component: [32m'Database'[39m,
  operation: [32m'ensure-schema'[39m,
  message: [32m'Operation started: ensure-schema'[39m
}
11:33:53.974 > {
  component: [32m'Database'[39m,
  message: [32m'Ensuring database schema is up to date'[39m
}
11:33:53.976 > {
  component: [32m'Database'[39m,
  message: [32m'Opening database connection'[39m,
  data: {
    dbPath: [32m'C:\\Users\\ANDREW~1.HUG\\AppData\\Local\\Temp\\sheetpilot-test-1761579233973.sqlite'[39m
  }
}

[90mstdout[2m | __tests__/database.spec.ts[2m > [22m[2mDatabase Module[2m > [22m[2mDuplicate Checking Utilities[2m > [22m[2mshould correctly identify duplicate entries
[22m[39m11:33:53.987 > {
  component: [32m'Database'[39m,
  operation: [32m'ensure-schema'[39m,
  message: [32m'Operation started: ensure-schema'[39m
}
11:33:53.988 > {
  component: [32m'Database'[39m,
  message: [32m'Ensuring database schema is up to date'[39m
}
11:33:53.990 > {
  component: [32m'Database'[39m,
  message: [32m'Opening database connection'[39m,
  data: {
    dbPath: [32m'C:\\Users\\ANDREW~1.HUG\\AppData\\Local\\Temp\\sheetpilot-test-1761579233987.sqlite'[39m
  }
}

[90mstdout[2m | __tests__/database.spec.ts[2m > [22m[2mDatabase Module[2m > [22m[2mDuplicate Checking Utilities[2m > [22m[2mshould find duplicate entries in database
[22m[39m11:33:54.003 > {
  component: [32m'Database'[39m,
  operation: [32m'ensure-schema'[39m,
  message: [32m'Operation started: ensure-schema'[39m
}
11:33:54.005 > {
  component: [32m'Database'[39m,
  message: [32m'Ensuring database schema is up to date'[39m
}
11:33:54.006 > {
  component: [32m'Database'[39m,
  message: [32m'Opening database connection'[39m,
  data: {
    dbPath: [32m'C:\\Users\\ANDREW~1.HUG\\AppData\\Local\\Temp\\sheetpilot-test-1761579234003.sqlite'[39m
  }
}

[90mstdout[2m | __tests__/database.spec.ts[2m > [22m[2mDatabase Module[2m > [22m[2mDuplicate Checking Utilities[2m > [22m[2mshould filter duplicates by date range
[22m[39m11:33:54.017 > {
  component: [32m'Database'[39m,
  operation: [32m'ensure-schema'[39m,
  message: [32m'Operation started: ensure-schema'[39m
}
11:33:54.019 > {
  component: [32m'Database'[39m,
  message: [32m'Ensuring database schema is up to date'[39m
}
11:33:54.020 > {
  component: [32m'Database'[39m,
  message: [32m'Opening database connection'[39m,
  data: {
    dbPath: [32m'C:\\Users\\ANDREW~1.HUG\\AppData\\Local\\Temp\\sheetpilot-test-1761579234017.sqlite'[39m
  }
}

[90mstdout[2m | __tests__/database.spec.ts[2m > [22m[2mDatabase Module[2m > [22m[2mBatch Insertion[2m > [22m[2mshould insert multiple entries successfully
[22m[39m11:33:54.031 > {
  component: [32m'Database'[39m,
  operation: [32m'ensure-schema'[39m,
  message: [32m'Operation started: ensure-schema'[39m
}
11:33:54.034 > {
  component: [32m'Database'[39m,
  message: [32m'Ensuring database schema is up to date'[39m
}
11:33:54.036 > {
  component: [32m'Database'[39m,
  message: [32m'Opening database connection'[39m,
  data: {
    dbPath: [32m'C:\\Users\\ANDREW~1.HUG\\AppData\\Local\\Temp\\sheetpilot-test-1761579234031.sqlite'[39m
  }
}

[90mstdout[2m | __tests__/database.spec.ts[2m > [22m[2mDatabase Module[2m > [22m[2mBatch Insertion[2m > [22m[2mshould handle mixed duplicates in batch insertion
[22m[39m11:33:54.048 > {
  component: [32m'Database'[39m,
  operation: [32m'ensure-schema'[39m,
  message: [32m'Operation started: ensure-schema'[39m
}
11:33:54.051 > {
  component: [32m'Database'[39m,
  message: [32m'Ensuring database schema is up to date'[39m
}
11:33:54.053 > {
  component: [32m'Database'[39m,
  message: [32m'Opening database connection'[39m,
  data: {
    dbPath: [32m'C:\\Users\\ANDREW~1.HUG\\AppData\\Local\\Temp\\sheetpilot-test-1761579234048.sqlite'[39m
  }
}

[90mstdout[2m | __tests__/database.spec.ts[2m > [22m[2mDatabase Module[2m > [22m[2mBatch Insertion[2m > [22m[2mshould handle empty batch
[22m[39m11:33:54.061 > {
  component: [32m'Database'[39m,
  operation: [32m'ensure-schema'[39m,
  message: [32m'Operation started: ensure-schema'[39m
}
11:33:54.062 > {
  component: [32m'Database'[39m,
  message: [32m'Ensuring database schema is up to date'[39m
}
11:33:54.066 > {
  component: [32m'Database'[39m,
  message: [32m'Opening database connection'[39m,
  data: {
    dbPath: [32m'C:\\Users\\ANDREW~1.HUG\\AppData\\Local\\Temp\\sheetpilot-test-1761579234061.sqlite'[39m
  }
}

[90mstdout[2m | __tests__/database.spec.ts[2m > [22m[2mDatabase Module[2m > [22m[2mBatch Insertion[2m > [22m[2mshould use transaction for atomicity
[22m[39m11:33:54.076 > {
  component: [32m'Database'[39m,
  operation: [32m'ensure-schema'[39m,
  message: [32m'Operation started: ensure-schema'[39m
}
11:33:54.078 > {
  component: [32m'Database'[39m,
  message: [32m'Ensuring database schema is up to date'[39m
}
11:33:54.079 > {
  component: [32m'Database'[39m,
  message: [32m'Opening database connection'[39m,
  data: {
    dbPath: [32m'C:\\Users\\ANDREW~1.HUG\\AppData\\Local\\Temp\\sheetpilot-test-1761579234076.sqlite'[39m
  }
}

[90mstdout[2m | __tests__/database.spec.ts[2m > [22m[2mDatabase Module[2m > [22m[2mEdge Cases and Error Handling[2m > [22m[2mshould handle database connection errors gracefully
[22m[39m11:33:54.094 > {
  component: [32m'Database'[39m,
  operation: [32m'ensure-schema'[39m,
  message: [32m'Operation started: ensure-schema'[39m
}
11:33:54.095 > {
  component: [32m'Database'[39m,
  message: [32m'Ensuring database schema is up to date'[39m
}
11:33:54.100 > {
  component: [32m'Database'[39m,
  message: [32m'Opening database connection'[39m,
  data: {
    dbPath: [32m'C:\\Users\\ANDREW~1.HUG\\AppData\\Local\\Temp\\sheetpilot-test-1761579234094.sqlite'[39m
  }
}

[90mstdout[2m | __tests__/database.spec.ts[2m > [22m[2mDatabase Module[2m > [22m[2mEdge Cases and Error Handling[2m > [22m[2mshould handle malformed entry data
[22m[39m11:33:54.109 > {
  component: [32m'Database'[39m,
  operation: [32m'ensure-schema'[39m,
  message: [32m'Operation started: ensure-schema'[39m
}
11:33:54.111 > {
  component: [32m'Database'[39m,
  message: [32m'Ensuring database schema is up to date'[39m
}
11:33:54.112 > {
  component: [32m'Database'[39m,
  message: [32m'Opening database connection'[39m,
  data: {
    dbPath: [32m'C:\\Users\\ANDREW~1.HUG\\AppData\\Local\\Temp\\sheetpilot-test-1761579234109.sqlite'[39m
  }
}

[90mstdout[2m | __tests__/database.spec.ts[2m > [22m[2mDatabase Module[2m > [22m[2mEdge Cases and Error Handling[2m > [22m[2mshould handle null and undefined values in optional fields
[22m[39m11:33:54.125 > {
  component: [32m'Database'[39m,
  operation: [32m'ensure-schema'[39m,
  message: [32m'Operation started: ensure-schema'[39m
}
11:33:54.127 > {
  component: [32m'Database'[39m,
  message: [32m'Ensuring database schema is up to date'[39m
}
11:33:54.129 > {
  component: [32m'Database'[39m,
  message: [32m'Opening database connection'[39m,
  data: {
    dbPath: [32m'C:\\Users\\ANDREW~1.HUG\\AppData\\Local\\Temp\\sheetpilot-test-1761579234125.sqlite'[39m
  }
}

 [31mΓ¥»[39m __tests__/database.spec.ts [2m([22m[2m29 tests[22m[2m | [22m[31m29 failed[39m[2m)[22m[33m 657[2mms[22m[39m
[31m   [31m├ù[31m Database Module[2m > [22mDatabase Path Management[2m > [22mshould set and get database path correctly[39m[32m 136[2mms[22m[39m
[31m     ΓåÆ The module '\\?\C:\Local\Sheetpilot\node_modules\better-sqlite3\build\Release\better_sqlite3.node'
was compiled against a different Node.js version using
NODE_MODULE_VERSION 139. This version of Node.js requires
NODE_MODULE_VERSION 127. Please try re-compiling or re-installing
the module (for instance, using `npm rebuild` or `npm install`).[39m
[31m   [31m├ù[31m Database Module[2m > [22mDatabase Path Management[2m > [22mshould resolve relative paths to absolute paths[39m[32m 24[2mms[22m[39m
[31m     ΓåÆ The module '\\?\C:\Local\Sheetpilot\node_modules\better-sqlite3\build\Release\better_sqlite3.node'
was compiled against a different Node.js version using
NODE_MODULE_VERSION 139. This version of Node.js requires
NODE_MODULE_VERSION 127. Please try re-compiling or re-installing
the module (for instance, using `npm rebuild` or `npm install`).[39m
[31m   [31m├ù[31m Database Module[2m > [22mDatabase Path Management[2m > [22mshould create database directory if it does not exist[39m[32m 25[2mms[22m[39m
[31m     ΓåÆ The module '\\?\C:\Local\Sheetpilot\node_modules\better-sqlite3\build\Release\better_sqlite3.node'
was compiled against a different Node.js version using
NODE_MODULE_VERSION 139. This version of Node.js requires
NODE_MODULE_VERSION 127. Please try re-compiling or re-installing
the module (for instance, using `npm rebuild` or `npm install`).[39m
[31m   [31m├ù[31m Database Module[2m > [22mDatabase Connection[2m > [22mshould open database connection successfully[39m[32m 34[2mms[22m[39m
[31m     ΓåÆ The module '\\?\C:\Local\Sheetpilot\node_modules\better-sqlite3\build\Release\better_sqlite3.node'
was compiled against a different Node.js version using
NODE_MODULE_VERSION 139. This version of Node.js requires
NODE_MODULE_VERSION 127. Please try re-compiling or re-installing
the module (for instance, using `npm rebuild` or `npm install`).[39m
[31m   [31m├ù[31m Database Module[2m > [22mDatabase Connection[2m > [22mshould create database file if it does not exist[39m[32m 24[2mms[22m[39m
[31m     ΓåÆ The module '\\?\C:\Local\Sheetpilot\node_modules\better-sqlite3\build\Release\better_sqlite3.node'
was compiled against a different Node.js version using
NODE_MODULE_VERSION 139. This version of Node.js requires
NODE_MODULE_VERSION 127. Please try re-compiling or re-installing
the module (for instance, using `npm rebuild` or `npm install`).[39m
[31m   [31m├ù[31m Database Module[2m > [22mSchema Management[2m > [22mshould create timesheet table with correct schema[39m[32m 21[2mms[22m[39m
[31m     ΓåÆ The module '\\?\C:\Local\Sheetpilot\node_modules\better-sqlite3\build\Release\better_sqlite3.node'
was compiled against a different Node.js version using
NODE_MODULE_VERSION 139. This version of Node.js requires
NODE_MODULE_VERSION 127. Please try re-compiling or re-installing
the module (for instance, using `npm rebuild` or `npm install`).[39m
[31m   [31m├ù[31m Database Module[2m > [22mSchema Management[2m > [22mshould create required indexes[39m[32m 21[2mms[22m[39m
[31m     ΓåÆ The module '\\?\C:\Local\Sheetpilot\node_modules\better-sqlite3\build\Release\better_sqlite3.node'
was compiled against a different Node.js version using
NODE_MODULE_VERSION 139. This version of Node.js requires
NODE_MODULE_VERSION 127. Please try re-compiling or re-installing
the module (for instance, using `npm rebuild` or `npm install`).[39m
[31m   [31m├ù[31m Database Module[2m > [22mSchema Management[2m > [22mshould create unique constraint for deduplication[39m[32m 27[2mms[22m[39m
[31m     ΓåÆ The module '\\?\C:\Local\Sheetpilot\node_modules\better-sqlite3\build\Release\better_sqlite3.node'
was compiled against a different Node.js version using
NODE_MODULE_VERSION 139. This version of Node.js requires
NODE_MODULE_VERSION 127. Please try re-compiling or re-installing
the module (for instance, using `npm rebuild` or `npm install`).[39m
[31m   [31m├ù[31m Database Module[2m > [22mTimesheet Entry Insertion[2m > [22mshould insert a new timesheet entry successfully[39m[32m 19[2mms[22m[39m
[31m     ΓåÆ The module '\\?\C:\Local\Sheetpilot\node_modules\better-sqlite3\build\Release\better_sqlite3.node'
was compiled against a different Node.js version using
NODE_MODULE_VERSION 139. This version of Node.js requires
NODE_MODULE_VERSION 127. Please try re-compiling or re-installing
the module (for instance, using `npm rebuild` or `npm install`).[39m
[31m   [31m├ù[31m Database Module[2m > [22mTimesheet Entry Insertion[2m > [22mshould calculate hours automatically[39m[32m 18[2mms[22m[39m
[31m     ΓåÆ The module '\\?\C:\Local\Sheetpilot\node_modules\better-sqlite3\build\Release\better_sqlite3.node'
was compiled against a different Node.js version using
NODE_MODULE_VERSION 139. This version of Node.js requires
NODE_MODULE_VERSION 127. Please try re-compiling or re-installing
the module (for instance, using `npm rebuild` or `npm install`).[39m
[31m   [31m├ù[31m Database Module[2m > [22mTimesheet Entry Insertion[2m > [22mshould handle optional fields correctly[39m[32m 16[2mms[22m[39m
[31m     ΓåÆ The module '\\?\C:\Local\Sheetpilot\node_modules\better-sqlite3\build\Release\better_sqlite3.node'
was compiled against a different Node.js version using
NODE_MODULE_VERSION 139. This version of Node.js requires
NODE_MODULE_VERSION 127. Please try re-compiling or re-installing
the module (for instance, using `npm rebuild` or `npm install`).[39m
[31m   [31m├ù[31m Database Module[2m > [22mTimesheet Entry Insertion[2m > [22mshould validate time constraints[39m[32m 16[2mms[22m[39m
[31m     ΓåÆ The module '\\?\C:\Local\Sheetpilot\node_modules\better-sqlite3\build\Release\better_sqlite3.node'
was compiled against a different Node.js version using
NODE_MODULE_VERSION 139. This version of Node.js requires
NODE_MODULE_VERSION 127. Please try re-compiling or re-installing
the module (for instance, using `npm rebuild` or `npm install`).[39m
[31m   [31m├ù[31m Database Module[2m > [22mDeduplication Functionality[2m > [22mshould prevent duplicate entries based on unique constraint[39m[32m 18[2mms[22m[39m
[31m     ΓåÆ The module '\\?\C:\Local\Sheetpilot\node_modules\better-sqlite3\build\Release\better_sqlite3.node'
was compiled against a different Node.js version using
NODE_MODULE_VERSION 139. This version of Node.js requires
NODE_MODULE_VERSION 127. Please try re-compiling or re-installing
the module (for instance, using `npm rebuild` or `npm install`).[39m
[31m   [31m├ù[31m Database Module[2m > [22mDeduplication Functionality[2m > [22mshould allow entries with different time_in[39m[32m 17[2mms[22m[39m
[31m     ΓåÆ The module '\\?\C:\Local\Sheetpilot\node_modules\better-sqlite3\build\Release\better_sqlite3.node'
was compiled against a different Node.js version using
NODE_MODULE_VERSION 139. This version of Node.js requires
NODE_MODULE_VERSION 127. Please try re-compiling or re-installing
the module (for instance, using `npm rebuild` or `npm install`).[39m
[31m   [31m├ù[31m Database Module[2m > [22mDeduplication Functionality[2m > [22mshould allow entries with different project[39m[32m 17[2mms[22m[39m
[31m     ΓåÆ The module '\\?\C:\Local\Sheetpilot\node_modules\better-sqlite3\build\Release\better_sqlite3.node'
was compiled against a different Node.js version using
NODE_MODULE_VERSION 139. This version of Node.js requires
NODE_MODULE_VERSION 127. Please try re-compiling or re-installing
the module (for instance, using `npm rebuild` or `npm install`).[39m
[31m   [31m├ù[31m Database Module[2m > [22mDeduplication Functionality[2m > [22mshould allow entries with different task description[39m[32m 17[2mms[22m[39m
[31m     ΓåÆ The module '\\?\C:\Local\Sheetpilot\node_modules\better-sqlite3\build\Release\better_sqlite3.node'
was compiled against a different Node.js version using
NODE_MODULE_VERSION 139. This version of Node.js requires
NODE_MODULE_VERSION 127. Please try re-compiling or re-installing
the module (for instance, using `npm rebuild` or `npm install`).[39m
[31m   [31m├ù[31m Database Module[2m > [22mDeduplication Functionality[2m > [22mshould allow entries with different date[39m[32m 18[2mms[22m[39m
[31m     ΓåÆ The module '\\?\C:\Local\Sheetpilot\node_modules\better-sqlite3\build\Release\better_sqlite3.node'
was compiled against a different Node.js version using
NODE_MODULE_VERSION 139. This version of Node.js requires
NODE_MODULE_VERSION 127. Please try re-compiling or re-installing
the module (for instance, using `npm rebuild` or `npm install`).[39m
[31m   [31m├ù[31m Database Module[2m > [22mDeduplication Functionality[2m > [22mshould allow entries with different optional fields[39m[32m 16[2mms[22m[39m
[31m     ΓåÆ The module '\\?\C:\Local\Sheetpilot\node_modules\better-sqlite3\build\Release\better_sqlite3.node'
was compiled against a different Node.js version using
NODE_MODULE_VERSION 139. This version of Node.js requires
NODE_MODULE_VERSION 127. Please try re-compiling or re-installing
the module (for instance, using `npm rebuild` or `npm install`).[39m
[31m   [31m├ù[31m Database Module[2m > [22mDuplicate Checking Utilities[2m > [22mshould correctly identify non-duplicate entries[39m[32m 14[2mms[22m[39m
[31m     ΓåÆ The module '\\?\C:\Local\Sheetpilot\node_modules\better-sqlite3\build\Release\better_sqlite3.node'
was compiled against a different Node.js version using
NODE_MODULE_VERSION 139. This version of Node.js requires
NODE_MODULE_VERSION 127. Please try re-compiling or re-installing
the module (for instance, using `npm rebuild` or `npm install`).[39m
[31m   [31m├ù[31m Database Module[2m > [22mDuplicate Checking Utilities[2m > [22mshould correctly identify duplicate entries[39m[32m 16[2mms[22m[39m
[31m     ΓåÆ The module '\\?\C:\Local\Sheetpilot\node_modules\better-sqlite3\build\Release\better_sqlite3.node'
was compiled against a different Node.js version using
NODE_MODULE_VERSION 139. This version of Node.js requires
NODE_MODULE_VERSION 127. Please try re-compiling or re-installing
the module (for instance, using `npm rebuild` or `npm install`).[39m
[31m   [31m├ù[31m Database Module[2m > [22mDuplicate Checking Utilities[2m > [22mshould find duplicate entries in database[39m[32m 14[2mms[22m[39m
[31m     ΓåÆ The module '\\?\C:\Local\Sheetpilot\node_modules\better-sqlite3\build\Release\better_sqlite3.node'
was compiled against a different Node.js version using
NODE_MODULE_VERSION 139. This version of Node.js requires
NODE_MODULE_VERSION 127. Please try re-compiling or re-installing
the module (for instance, using `npm rebuild` or `npm install`).[39m
[31m   [31m├ù[31m Database Module[2m > [22mDuplicate Checking Utilities[2m > [22mshould filter duplicates by date range[39m[32m 12[2mms[22m[39m
[31m     ΓåÆ The module '\\?\C:\Local\Sheetpilot\node_modules\better-sqlite3\build\Release\better_sqlite3.node'
was compiled against a different Node.js version using
NODE_MODULE_VERSION 139. This version of Node.js requires
NODE_MODULE_VERSION 127. Please try re-compiling or re-installing
the module (for instance, using `npm rebuild` or `npm install`).[39m
[31m   [31m├ù[31m Database Module[2m > [22mBatch Insertion[2m > [22mshould insert multiple entries successfully[39m[32m 16[2mms[22m[39m
[31m     ΓåÆ The module '\\?\C:\Local\Sheetpilot\node_modules\better-sqlite3\build\Release\better_sqlite3.node'
was compiled against a different Node.js version using
NODE_MODULE_VERSION 139. This version of Node.js requires
NODE_MODULE_VERSION 127. Please try re-compiling or re-installing
the module (for instance, using `npm rebuild` or `npm install`).[39m
[31m   [31m├ù[31m Database Module[2m > [22mBatch Insertion[2m > [22mshould handle mixed duplicates in batch insertion[39m[32m 14[2mms[22m[39m
[31m     ΓåÆ The module '\\?\C:\Local\Sheetpilot\node_modules\better-sqlite3\build\Release\better_sqlite3.node'
was compiled against a different Node.js version using
NODE_MODULE_VERSION 139. This version of Node.js requires
NODE_MODULE_VERSION 127. Please try re-compiling or re-installing
the module (for instance, using `npm rebuild` or `npm install`).[39m
[31m   [31m├ù[31m Database Module[2m > [22mBatch Insertion[2m > [22mshould handle empty batch[39m[32m 15[2mms[22m[39m
[31m     ΓåÆ The module '\\?\C:\Local\Sheetpilot\node_modules\better-sqlite3\build\Release\better_sqlite3.node'
was compiled against a different Node.js version using
NODE_MODULE_VERSION 139. This version of Node.js requires
NODE_MODULE_VERSION 127. Please try re-compiling or re-installing
the module (for instance, using `npm rebuild` or `npm install`).[39m
[31m   [31m├ù[31m Database Module[2m > [22mBatch Insertion[2m > [22mshould use transaction for atomicity[39m[32m 17[2mms[22m[39m
[31m     ΓåÆ The module '\\?\C:\Local\Sheetpilot\node_modules\better-sqlite3\build\Release\better_sqlite3.node'
was compiled against a different Node.js version using
NODE_MODULE_VERSION 139. This version of Node.js requires
NODE_MODULE_VERSION 127. Please try re-compiling or re-installing
the module (for instance, using `npm rebuild` or `npm install`).[39m
[31m   [31m├ù[31m Database Module[2m > [22mEdge Cases and Error Handling[2m > [22mshould handle database connection errors gracefully[39m[32m 16[2mms[22m[39m
[31m     ΓåÆ The module '\\?\C:\Local\Sheetpilot\node_modules\better-sqlite3\build\Release\better_sqlite3.node'
was compiled against a different Node.js version using
NODE_MODULE_VERSION 139. This version of Node.js requires
NODE_MODULE_VERSION 127. Please try re-compiling or re-installing
the module (for instance, using `npm rebuild` or `npm install`).[39m
[31m   [31m├ù[31m Database Module[2m > [22mEdge Cases and Error Handling[2m > [22mshould handle malformed entry data[39m[32m 16[2mms[22m[39m
[31m     ΓåÆ The module '\\?\C:\Local\Sheetpilot\node_modules\better-sqlite3\build\Release\better_sqlite3.node'
was compiled against a different Node.js version using
NODE_MODULE_VERSION 139. This version of Node.js requires
NODE_MODULE_VERSION 127. Please try re-compiling or re-installing
the module (for instance, using `npm rebuild` or `npm install`).[39m
[31m   [31m├ù[31m Database Module[2m > [22mEdge Cases and Error Handling[2m > [22mshould handle null and undefined values in optional fields[39m[32m 17[2mms[22m[39m
[31m     ΓåÆ The module '\\?\C:\Local\Sheetpilot\node_modules\better-sqlite3\build\Release\better_sqlite3.node'
was compiled against a different Node.js version using
NODE_MODULE_VERSION 139. This version of Node.js requires
NODE_MODULE_VERSION 127. Please try re-compiling or re-installing
the module (for instance, using `npm rebuild` or `npm install`).[39m
[90mstdout[2m | __tests__/services/bot/webform_flow.spec.ts[2m > [22m[2mWebformFiller against mock form
[22m[39m11:33:54.963 > {
  component: [32m'Bot'[39m,
  operation: [32m'browser-startup'[39m,
  message: [32m'Operation started: browser-startup'[39m
}
11:33:54.979 > {
  component: [32m'Bot'[39m,
  message: [32m'Starting browser'[39m,
  data: { browserKind: [32m'chromium'[39m, headless: [33mtrue[39m }
}
11:33:54.986 > {
  component: [32m'Bot'[39m,
  message: [32m'Launching browser'[39m,
  data: { browserKind: [32m'chromium'[39m }
}
11:33:54.990 > {
  component: [32m'Bot'[39m,
  message: [32m'Browser launch options'[39m,
  data: { headless: [33mtrue[39m }
}

[90mstdout[2m | __tests__/timesheet_submission_integration.spec.ts[2m > [22m[2mTimesheet Submission Integration[2m > [22m[2mshould fetch pending entries correctly
[22m[39m11:33:55.153 > {
  component: [32m'Database'[39m,
  operation: [32m'ensure-schema'[39m,
  message: [32m'Operation started: ensure-schema'[39m
}
11:33:55.163 > {
  component: [32m'Database'[39m,
  message: [32m'Ensuring database schema is up to date'[39m
}
11:33:55.165 > {
  component: [32m'Database'[39m,
  message: [32m'Opening database connection'[39m,
  data: { dbPath: [32m'C:\\Local\\Sheetpilot\\__tests__\\test_timesheet.db'[39m }
}
11:33:55.170 > {
  component: [32m'Database'[39m,
  message: [32m'Loading better-sqlite3 native module'[39m
}
11:33:55.231 > {
  component: [32m'Database'[39m,
  message: [32m'better-sqlite3 module loaded successfully'[39m
}

[90mstdout[2m | __tests__/ipc-workflow-integration.spec.ts[2m > [22m[2mIPC Workflow Integration[2m > [22m[2mshould handle workflow when database has pending entries
[22m[39m11:33:55.152 > {
  component: [32m'Database'[39m,
  operation: [32m'ensure-schema'[39m,
  message: [32m'Operation started: ensure-schema'[39m
}
11:33:55.163 > {
  component: [32m'Database'[39m,
  message: [32m'Ensuring database schema is up to date'[39m
}
11:33:55.166 > {
  component: [32m'Database'[39m,
  message: [32m'Opening database connection'[39m,
  data: { dbPath: [32m'C:\\Local\\Sheetpilot\\__tests__\\test_ipc_workflow.db'[39m }
}
11:33:55.170 > {
  component: [32m'Database'[39m,
  message: [32m'Loading better-sqlite3 native module'[39m
}
11:33:55.236 > {
  component: [32m'Database'[39m,
  message: [32m'better-sqlite3 module loaded successfully'[39m
}

[90mstdout[2m | __tests__/timesheet_submission_integration.spec.ts[2m > [22m[2mTimesheet Submission Integration[2m > [22m[2mshould mark entries as submitted correctly
[22m[39m11:33:55.293 > {
  component: [32m'Database'[39m,
  operation: [32m'ensure-schema'[39m,
  message: [32m'Operation started: ensure-schema'[39m
}
11:33:55.295 > {
  component: [32m'Database'[39m,
  message: [32m'Ensuring database schema is up to date'[39m
}
11:33:55.304 > {
  component: [32m'Database'[39m,
  message: [32m'Opening database connection'[39m,
  data: { dbPath: [32m'C:\\Local\\Sheetpilot\\__tests__\\test_timesheet.db'[39m }
}

[90mstdout[2m | __tests__/ipc-workflow-integration.spec.ts[2m > [22m[2mIPC Workflow Integration[2m > [22m[2mshould handle workflow when database is empty
[22m[39m11:33:55.303 > {
  component: [32m'Database'[39m,
  operation: [32m'ensure-schema'[39m,
  message: [32m'Operation started: ensure-schema'[39m
}
11:33:55.305 > {
  component: [32m'Database'[39m,
  message: [32m'Ensuring database schema is up to date'[39m
}
11:33:55.311 > {
  component: [32m'Database'[39m,
  message: [32m'Opening database connection'[39m,
  data: { dbPath: [32m'C:\\Local\\Sheetpilot\\__tests__\\test_ipc_workflow.db'[39m }
}

[90mstdout[2m | __tests__/services/bot/webform_flow.spec.ts[2m > [22m[2mWebformFiller against mock form
[22m[39m11:33:55.339 > { component: [32m'Bot'[39m, message: [32m'Browser launched successfully'[39m }

[90mstdout[2m | __tests__/timesheet_submission_integration.spec.ts[2m > [22m[2mTimesheet Submission Integration[2m > [22m[2mshould remove failed entries correctly
[22m[39m11:33:55.321 > {
  component: [32m'Database'[39m,
  operation: [32m'ensure-schema'[39m,
  message: [32m'Operation started: ensure-schema'[39m
}
11:33:55.341 > {
  component: [32m'Database'[39m,
  message: [32m'Ensuring database schema is up to date'[39m
}
11:33:55.345 > {
  component: [32m'Database'[39m,
  message: [32m'Opening database connection'[39m,
  data: { dbPath: [32m'C:\\Local\\Sheetpilot\\__tests__\\test_timesheet.db'[39m }
}

[90mstdout[2m | __tests__/ipc-workflow-integration.spec.ts[2m > [22m[2mIPC Workflow Integration[2m > [22m[2mshould not mutate database entries during failed submission
[22m[39m11:33:55.343 > {
  component: [32m'Database'[39m,
  operation: [32m'ensure-schema'[39m,
  message: [32m'Operation started: ensure-schema'[39m
}
11:33:55.349 > {
  component: [32m'Database'[39m,
  message: [32m'Ensuring database schema is up to date'[39m
}
11:33:55.360 > {
  component: [32m'Database'[39m,
  message: [32m'Opening database connection'[39m,
  data: { dbPath: [32m'C:\\Local\\Sheetpilot\\__tests__\\test_ipc_workflow.db'[39m }
}

[90mstdout[2m | __tests__/timesheet_submission_integration.spec.ts[2m > [22m[2mTimesheet Submission Integration[2m > [22m[2mshould handle empty pending entries gracefully
[22m[39m11:33:55.373 > {
  component: [32m'Database'[39m,
  operation: [32m'ensure-schema'[39m,
  message: [32m'Operation started: ensure-schema'[39m
}
11:33:55.377 > {
  component: [32m'Database'[39m,
  message: [32m'Ensuring database schema is up to date'[39m
}
11:33:55.380 > {
  component: [32m'Database'[39m,
  message: [32m'Opening database connection'[39m,
  data: { dbPath: [32m'C:\\Local\\Sheetpilot\\__tests__\\test_timesheet.db'[39m }
}

[90mstdout[2m | __tests__/ipc-workflow-integration.spec.ts[2m > [22m[2mIPC Workflow Integration[2m > [22m[2mshould handle multiple pending entries with different projects
[22m[39m11:33:55.392 > {
  component: [32m'Database'[39m,
  operation: [32m'ensure-schema'[39m,
  message: [32m'Operation started: ensure-schema'[39m
}
11:33:55.395 > {
  component: [32m'Database'[39m,
  message: [32m'Ensuring database schema is up to date'[39m
}
11:33:55.397 > {
  component: [32m'Database'[39m,
  message: [32m'Opening database connection'[39m,
  data: { dbPath: [32m'C:\\Local\\Sheetpilot\\__tests__\\test_ipc_workflow.db'[39m }
}

[90mstdout[2m | __tests__/timesheet_submission_integration.spec.ts[2m > [22m[2mTimesheet Submission Integration[2m > [22m[2mshould convert database rows to bot format correctly
[22m[39m11:33:55.404 > {
  component: [32m'Database'[39m,
  operation: [32m'ensure-schema'[39m,
  message: [32m'Operation started: ensure-schema'[39m
}
11:33:55.406 > {
  component: [32m'Database'[39m,
  message: [32m'Ensuring database schema is up to date'[39m
}
11:33:55.409 > {
  component: [32m'Database'[39m,
  message: [32m'Opening database connection'[39m,
  data: { dbPath: [32m'C:\\Local\\Sheetpilot\\__tests__\\test_timesheet.db'[39m }
}

[90mstdout[2m | __tests__/ipc-workflow-integration.spec.ts[2m > [22m[2mIPC Workflow Integration[2m > [22m[2mshould maintain data integrity across automation attempts
[22m[39m11:33:55.421 > {
  component: [32m'Database'[39m,
  operation: [32m'ensure-schema'[39m,
  message: [32m'Operation started: ensure-schema'[39m
}
11:33:55.422 > {
  component: [32m'Database'[39m,
  message: [32m'Ensuring database schema is up to date'[39m
}
11:33:55.425 > {
  component: [32m'Database'[39m,
  message: [32m'Opening database connection'[39m,
  data: { dbPath: [32m'C:\\Local\\Sheetpilot\\__tests__\\test_ipc_workflow.db'[39m }
}

 [31mΓ¥»[39m __tests__/ipc-workflow-integration.spec.ts [2m([22m[2m5 tests[22m[2m | [22m[31m5 failed[39m[2m)[22m[33m 303[2mms[22m[39m
[31m   [31m├ù[31m IPC Workflow Integration[2m > [22mshould handle workflow when database has pending entries[39m[32m 155[2mms[22m[39m
[31m     ΓåÆ The module '\\?\C:\Local\Sheetpilot\node_modules\better-sqlite3\build\Release\better_sqlite3.node'
was compiled against a different Node.js version using
NODE_MODULE_VERSION 139. This version of Node.js requires
NODE_MODULE_VERSION 127. Please try re-compiling or re-installing
the module (for instance, using `npm rebuild` or `npm install`).[39m
[31m   [31m├ù[31m IPC Workflow Integration[2m > [22mshould handle workflow when database is empty[39m[32m 40[2mms[22m[39m
[31m     ΓåÆ The module '\\?\C:\Local\Sheetpilot\node_modules\better-sqlite3\build\Release\better_sqlite3.node'
was compiled against a different Node.js version using
NODE_MODULE_VERSION 139. This version of Node.js requires
NODE_MODULE_VERSION 127. Please try re-compiling or re-installing
the module (for instance, using `npm rebuild` or `npm install`).[39m
[31m   [31m├ù[31m IPC Workflow Integration[2m > [22mshould not mutate database entries during failed submission[39m[32m 49[2mms[22m[39m
[31m     ΓåÆ The module '\\?\C:\Local\Sheetpilot\node_modules\better-sqlite3\build\Release\better_sqlite3.node'
was compiled against a different Node.js version using
NODE_MODULE_VERSION 139. This version of Node.js requires
NODE_MODULE_VERSION 127. Please try re-compiling or re-installing
the module (for instance, using `npm rebuild` or `npm install`).[39m
[31m   [31m├ù[31m IPC Workflow Integration[2m > [22mshould handle multiple pending entries with different projects[39m[32m 28[2mms[22m[39m
[31m     ΓåÆ The module '\\?\C:\Local\Sheetpilot\node_modules\better-sqlite3\build\Release\better_sqlite3.node'
was compiled against a different Node.js version using
NODE_MODULE_VERSION 139. This version of Node.js requires
NODE_MODULE_VERSION 127. Please try re-compiling or re-installing
the module (for instance, using `npm rebuild` or `npm install`).[39m
[31m   [31m├ù[31m IPC Workflow Integration[2m > [22mshould maintain data integrity across automation attempts[39m[32m 28[2mms[22m[39m
[31m     ΓåÆ The module '\\?\C:\Local\Sheetpilot\node_modules\better-sqlite3\build\Release\better_sqlite3.node'
was compiled against a different Node.js version using
NODE_MODULE_VERSION 139. This version of Node.js requires
NODE_MODULE_VERSION 127. Please try re-compiling or re-installing
the module (for instance, using `npm rebuild` or `npm install`).[39m
[90mstdout[2m | __tests__/timesheet_submission_integration.spec.ts[2m > [22m[2mTimesheet Submission Integration[2m > [22m[2mshould initialize and cleanup browser when submitting timesheets
[22m[39m11:33:55.430 > {
  component: [32m'Database'[39m,
  operation: [32m'ensure-schema'[39m,
  message: [32m'Operation started: ensure-schema'[39m
}
11:33:55.432 > {
  component: [32m'Database'[39m,
  message: [32m'Ensuring database schema is up to date'[39m
}
11:33:55.438 > {
  component: [32m'Database'[39m,
  message: [32m'Opening database connection'[39m,
  data: { dbPath: [32m'C:\\Local\\Sheetpilot\\__tests__\\test_timesheet.db'[39m }
}

[90mstdout[2m | __tests__/timesheet_submission_integration.spec.ts[2m > [22m[2mTimesheet Submission Integration[2m > [22m[2mshould properly handle browser lifecycle across multiple submission attempts
[22m[39m11:33:55.459 > {
  component: [32m'Database'[39m,
  operation: [32m'ensure-schema'[39m,
  message: [32m'Operation started: ensure-schema'[39m
}
11:33:55.462 > {
  component: [32m'Database'[39m,
  message: [32m'Ensuring database schema is up to date'[39m
}
11:33:55.466 > {
  component: [32m'Database'[39m,
  message: [32m'Opening database connection'[39m,
  data: { dbPath: [32m'C:\\Local\\Sheetpilot\\__tests__\\test_timesheet.db'[39m }
}

 [31mΓ¥»[39m __tests__/timesheet_submission_integration.spec.ts [2m([22m[2m7 tests[22m[2m | [22m[31m7 failed[39m[2m)[22m[33m 335[2mms[22m[39m
[31m   [31m├ù[31m Timesheet Submission Integration[2m > [22mshould fetch pending entries correctly[39m[32m 144[2mms[22m[39m
[31m     ΓåÆ The module '\\?\C:\Local\Sheetpilot\node_modules\better-sqlite3\build\Release\better_sqlite3.node'
was compiled against a different Node.js version using
NODE_MODULE_VERSION 139. This version of Node.js requires
NODE_MODULE_VERSION 127. Please try re-compiling or re-installing
the module (for instance, using `npm rebuild` or `npm install`).[39m
[31m   [31m├ù[31m Timesheet Submission Integration[2m > [22mshould mark entries as submitted correctly[39m[32m 28[2mms[22m[39m
[31m     ΓåÆ The module '\\?\C:\Local\Sheetpilot\node_modules\better-sqlite3\build\Release\better_sqlite3.node'
was compiled against a different Node.js version using
NODE_MODULE_VERSION 139. This version of Node.js requires
NODE_MODULE_VERSION 127. Please try re-compiling or re-installing
the module (for instance, using `npm rebuild` or `npm install`).[39m
[31m   [31m├ù[31m Timesheet Submission Integration[2m > [22mshould remove failed entries correctly[39m[32m 53[2mms[22m[39m
[31m     ΓåÆ The module '\\?\C:\Local\Sheetpilot\node_modules\better-sqlite3\build\Release\better_sqlite3.node'
was compiled against a different Node.js version using
NODE_MODULE_VERSION 139. This version of Node.js requires
NODE_MODULE_VERSION 127. Please try re-compiling or re-installing
the module (for instance, using `npm rebuild` or `npm install`).[39m
[31m   [31m├ù[31m Timesheet Submission Integration[2m > [22mshould handle empty pending entries gracefully[39m[32m 31[2mms[22m[39m
[31m     ΓåÆ The module '\\?\C:\Local\Sheetpilot\node_modules\better-sqlite3\build\Release\better_sqlite3.node'
was compiled against a different Node.js version using
NODE_MODULE_VERSION 139. This version of Node.js requires
NODE_MODULE_VERSION 127. Please try re-compiling or re-installing
the module (for instance, using `npm rebuild` or `npm install`).[39m
[31m   [31m├ù[31m Timesheet Submission Integration[2m > [22mshould convert database rows to bot format correctly[39m[32m 26[2mms[22m[39m
[31m     ΓåÆ The module '\\?\C:\Local\Sheetpilot\node_modules\better-sqlite3\build\Release\better_sqlite3.node'
was compiled against a different Node.js version using
NODE_MODULE_VERSION 139. This version of Node.js requires
NODE_MODULE_VERSION 127. Please try re-compiling or re-installing
the module (for instance, using `npm rebuild` or `npm install`).[39m
[31m   [31m├ù[31m Timesheet Submission Integration[2m > [22mshould initialize and cleanup browser when submitting timesheets[39m[32m 30[2mms[22m[39m
[31m     ΓåÆ The module '\\?\C:\Local\Sheetpilot\node_modules\better-sqlite3\build\Release\better_sqlite3.node'
was compiled against a different Node.js version using
NODE_MODULE_VERSION 139. This version of Node.js requires
NODE_MODULE_VERSION 127. Please try re-compiling or re-installing
the module (for instance, using `npm rebuild` or `npm install`).[39m
[31m   [31m├ù[31m Timesheet Submission Integration[2m > [22mshould properly handle browser lifecycle across multiple submission attempts[39m[32m 22[2mms[22m[39m
[31m     ΓåÆ The module '\\?\C:\Local\Sheetpilot\node_modules\better-sqlite3\build\Release\better_sqlite3.node'
was compiled against a different Node.js version using
NODE_MODULE_VERSION 139. This version of Node.js requires
NODE_MODULE_VERSION 127. Please try re-compiling or re-installing
the module (for instance, using `npm rebuild` or `npm install`).[39m
[90mstdout[2m | __tests__/services/bot/webform_flow.spec.ts[2m > [22m[2mWebformFiller against mock form
[22m[39m11:33:55.660 > { component: [32m'Bot'[39m, message: [32m'Browser started successfully'[39m }
11:33:55.661 > {
  component: [32m'Bot'[39m,
  operation: [32m'browser-startup'[39m,
  message: [32m'Operation completed: browser-startup'[39m,
  data: { durationMs: [33m699[39m }
}

[90mstdout[2m | __tests__/services/bot/webform_flow.spec.ts[2m > [22m[2mWebformFiller against mock form
[22m[39m11:33:55.688 > { component: [32m'Bot'[39m, message: [32m'Closing browser'[39m }

[90mstdout[2m | __tests__/services/bot/webform_flow.spec.ts[2m > [22m[2mWebformFiller against mock form
[22m[39m11:33:55.803 > { component: [32m'Bot'[39m, message: [32m'Browser closed successfully'[39m }

 [31mΓ¥»[39m __tests__/services/bot/webform_flow.spec.ts [2m([22m[2m1 test[22m[2m | [22m[33m1 skipped[39m[2m)[22m[33m 847[2mms[22m[39m
   [2m[90mΓåô[39m[22m WebformFiller against mock form[2m > [22mfills required fields and submits successfully
 [31mΓ¥»[39m __tests__/ipc-handlers-comprehensive.spec.ts [2m([22m[2m39 tests[22m[2m | [22m[31m39 failed[39m[2m)[22m[32m 75[2mms[22m[39m
[31m   [31m├ù[31m IPC Handlers Comprehensive Tests[2m > [22mping handler[2m > [22mshould return pong with message[39m[32m 19[2mms[22m[39m
[31m     ΓåÆ app.getAppPath is not a function[39m
[31m   [31m├ù[31m IPC Handlers Comprehensive Tests[2m > [22mping handler[2m > [22mshould handle empty message[39m[32m 2[2mms[22m[39m
[31m     ΓåÆ app.getAppPath is not a function[39m
[31m   [31m├ù[31m IPC Handlers Comprehensive Tests[2m > [22mping handler[2m > [22mshould handle undefined message[39m[32m 2[2mms[22m[39m
[31m     ΓåÆ app.getAppPath is not a function[39m
[31m   [31m├ù[31m IPC Handlers Comprehensive Tests[2m > [22mcredentials:store handler[2m > [22mshould store credentials successfully[39m[32m 3[2mms[22m[39m
[31m     ΓåÆ app.getAppPath is not a function[39m
[31m   [31m├ù[31m IPC Handlers Comprehensive Tests[2m > [22mcredentials:store handler[2m > [22mshould handle storage failure[39m[32m 2[2mms[22m[39m
[31m     ΓåÆ app.getAppPath is not a function[39m
[31m   [31m├ù[31m IPC Handlers Comprehensive Tests[2m > [22mcredentials:store handler[2m > [22mshould handle invalid parameters[39m[32m 1[2mms[22m[39m
[31m     ΓåÆ app.getAppPath is not a function[39m
[31m   [31m├ù[31m IPC Handlers Comprehensive Tests[2m > [22mcredentials:get handler[2m > [22mshould retrieve credentials successfully[39m[32m 2[2mms[22m[39m
[31m     ΓåÆ app.getAppPath is not a function[39m
[31m   [31m├ù[31m IPC Handlers Comprehensive Tests[2m > [22mcredentials:get handler[2m > [22mshould handle missing credentials[39m[32m 1[2mms[22m[39m
[31m     ΓåÆ app.getAppPath is not a function[39m
[31m   [31m├ù[31m IPC Handlers Comprehensive Tests[2m > [22mcredentials:get handler[2m > [22mshould handle invalid service parameter[39m[32m 1[2mms[22m[39m
[31m     ΓåÆ app.getAppPath is not a function[39m
[31m   [31m├ù[31m IPC Handlers Comprehensive Tests[2m > [22mcredentials:list handler[2m > [22mshould list all credentials[39m[32m 1[2mms[22m[39m
[31m     ΓåÆ app.getAppPath is not a function[39m
[31m   [31m├ù[31m IPC Handlers Comprehensive Tests[2m > [22mcredentials:list handler[2m > [22mshould handle empty credentials list[39m[32m 1[2mms[22m[39m
[31m     ΓåÆ app.getAppPath is not a function[39m
[31m   [31m├ù[31m IPC Handlers Comprehensive Tests[2m > [22mcredentials:delete handler[2m > [22mshould delete credentials successfully[39m[32m 1[2mms[22m[39m
[31m     ΓåÆ app.getAppPath is not a function[39m
[31m   [31m├ù[31m IPC Handlers Comprehensive Tests[2m > [22mcredentials:delete handler[2m > [22mshould handle deletion failure[39m[32m 1[2mms[22m[39m
[31m     ΓåÆ app.getAppPath is not a function[39m
[31m   [31m├ù[31m IPC Handlers Comprehensive Tests[2m > [22mcredentials:delete handler[2m > [22mshould handle invalid service parameter[39m[32m 1[2mms[22m[39m
[31m     ΓåÆ app.getAppPath is not a function[39m
[31m   [31m├ù[31m IPC Handlers Comprehensive Tests[2m > [22mdatabase:getAllTimesheetEntries handler[2m > [22mshould retrieve all timesheet entries[39m[32m 2[2mms[22m[39m
[31m     ΓåÆ app.getAppPath is not a function[39m
[31m   [31m├ù[31m IPC Handlers Comprehensive Tests[2m > [22mdatabase:getAllTimesheetEntries handler[2m > [22mshould handle empty entries list[39m[32m 3[2mms[22m[39m
[31m     ΓåÆ app.getAppPath is not a function[39m
[31m   [31m├ù[31m IPC Handlers Comprehensive Tests[2m > [22mdatabase:getAllTimesheetEntries handler[2m > [22mshould handle database errors[39m[32m 1[2mms[22m[39m
[31m     ΓåÆ app.getAppPath is not a function[39m
[31m   [31m├ù[31m IPC Handlers Comprehensive Tests[2m > [22mdatabase:getAllCredentials handler[2m > [22mshould retrieve all credentials[39m[32m 1[2mms[22m[39m
[31m     ΓåÆ app.getAppPath is not a function[39m
[31m   [31m├ù[31m IPC Handlers Comprehensive Tests[2m > [22mtimesheet:exportToCSV handler[2m > [22mshould export timesheet data to CSV[39m[32m 1[2mms[22m[39m
[31m     ΓåÆ app.getAppPath is not a function[39m
[31m   [31m├ù[31m IPC Handlers Comprehensive Tests[2m > [22mtimesheet:exportToCSV handler[2m > [22mshould handle empty data export[39m[32m 1[2mms[22m[39m
[31m     ΓåÆ app.getAppPath is not a function[39m
[31m   [31m├ù[31m IPC Handlers Comprehensive Tests[2m > [22mtimesheet:exportToCSV handler[2m > [22mshould handle export errors[39m[32m 1[2mms[22m[39m
[31m     ΓåÆ app.getAppPath is not a function[39m
[31m   [31m├ù[31m IPC Handlers Comprehensive Tests[2m > [22mdatabase:clearDatabase handler[2m > [22mshould clear all database tables[39m[32m 1[2mms[22m[39m
[31m     ΓåÆ app.getAppPath is not a function[39m
[31m   [31m├ù[31m IPC Handlers Comprehensive Tests[2m > [22mdatabase:clearDatabase handler[2m > [22mshould handle clear database errors[39m[32m 1[2mms[22m[39m
[31m     ΓåÆ app.getAppPath is not a function[39m
[31m   [31m├ù[31m IPC Handlers Comprehensive Tests[2m > [22mtimesheet:saveDraft handler[2m > [22mshould save valid draft data[39m[32m 1[2mms[22m[39m
[31m     ΓåÆ app.getAppPath is not a function[39m
[31m   [31m├ù[31m IPC Handlers Comprehensive Tests[2m > [22mtimesheet:saveDraft handler[2m > [22mshould validate required fields[39m[32m 1[2mms[22m[39m
[31m     ΓåÆ app.getAppPath is not a function[39m
[31m   [31m├ù[31m IPC Handlers Comprehensive Tests[2m > [22mtimesheet:saveDraft handler[2m > [22mshould validate time format[39m[32m 1[2mms[22m[39m
[31m     ΓåÆ app.getAppPath is not a function[39m
[31m   [31m├ù[31m IPC Handlers Comprehensive Tests[2m > [22mtimesheet:saveDraft handler[2m > [22mshould validate quarter constraints[39m[32m 1[2mms[22m[39m
[31m     ΓåÆ app.getAppPath is not a function[39m
[31m   [31m├ù[31m IPC Handlers Comprehensive Tests[2m > [22mtimesheet:saveDraft handler[2m > [22mshould handle duplicate entries[39m[32m 1[2mms[22m[39m
[31m     ΓåÆ app.getAppPath is not a function[39m
[31m   [31m├ù[31m IPC Handlers Comprehensive Tests[2m > [22mtimesheet:loadDraft handler[2m > [22mshould load pending timesheet entries[39m[32m 5[2mms[22m[39m
[31m     ΓåÆ app.getAppPath is not a function[39m
[31m   [31m├ù[31m IPC Handlers Comprehensive Tests[2m > [22mtimesheet:loadDraft handler[2m > [22mshould handle empty draft data[39m[32m 2[2mms[22m[39m
[31m     ΓåÆ app.getAppPath is not a function[39m
[31m   [31m├ù[31m IPC Handlers Comprehensive Tests[2m > [22mtimesheet:loadDraft handler[2m > [22mshould handle load errors[39m[32m 1[2mms[22m[39m
[31m     ΓåÆ app.getAppPath is not a function[39m
[31m   [31m├ù[31m IPC Handlers Comprehensive Tests[2m > [22mtimesheet:deleteDraft handler[2m > [22mshould delete valid draft entry[39m[32m 1[2mms[22m[39m
[31m     ΓåÆ app.getAppPath is not a function[39m
[31m   [31m├ù[31m IPC Handlers Comprehensive Tests[2m > [22mtimesheet:deleteDraft handler[2m > [22mshould validate ID parameter[39m[32m 1[2mms[22m[39m
[31m     ΓåÆ app.getAppPath is not a function[39m
[31m   [31m├ù[31m IPC Handlers Comprehensive Tests[2m > [22mtimesheet:deleteDraft handler[2m > [22mshould handle non-existent entry[39m[32m 1[2mms[22m[39m
[31m     ΓåÆ app.getAppPath is not a function[39m
[31m   [31m├ù[31m IPC Handlers Comprehensive Tests[2m > [22mtimesheet:deleteDraft handler[2m > [22mshould handle database errors[39m[32m 1[2mms[22m[39m
[31m     ΓåÆ app.getAppPath is not a function[39m
[31m   [31m├ù[31m IPC Handlers Comprehensive Tests[2m > [22mtimesheet:deleteDraft handler[2m > [22mshould only delete draft entries (status IS NULL)[39m[32m 1[2mms[22m[39m
[31m     ΓåÆ app.getAppPath is not a function[39m
[31m   [31m├ù[31m IPC Handlers Comprehensive Tests[2m > [22mtimesheet:submit handler[2m > [22mshould submit timesheets with valid credentials[39m[32m 1[2mms[22m[39m
[31m     ΓåÆ app.getAppPath is not a function[39m
[31m   [31m├ù[31m IPC Handlers Comprehensive Tests[2m > [22mtimesheet:submit handler[2m > [22mshould handle missing credentials[39m[32m 1[2mms[22m[39m
[31m     ΓåÆ app.getAppPath is not a function[39m
[31m   [31m├ù[31m IPC Handlers Comprehensive Tests[2m > [22mtimesheet:submit handler[2m > [22mshould handle submission failures[39m[32m 1[2mms[22m[39m
[31m     ΓåÆ app.getAppPath is not a function[39m
[90mstdout[2m | __tests__/ipc-main.spec.ts
[22m[39mDefault plugins registered successfully
Active plugins: { data: [32m'sqlite'[39m, credentials: [32m'sqlite'[39m, submission: [32m'playwright'[39m }

node.exe : [90mstderr[2m | __tests__/renderer/DatabaseViewer.spec.tsx[2m > 
[22m[2mDatabaseViewer[2m > [22m[2mrenders without crashing
At C:\Program Files\nodejs\npm.ps1:29 char:3
+   & $NODE_EXE $NPM_CLI_JS $args
+   ~~~~~~~~~~~~~~~~~~~~~~~~~~~~~
    + CategoryInfo          : NotSpecified: ([90mstderr[2m...ithout crashing 
   :String) [], RemoteException
    + FullyQualifiedErrorId : NativeCommandError
 
[22m[39mInvalid hook call. Hooks can only be called inside of the body of a 
function component. This could happen for one of the following reasons:
1. You might have mismatching versions of React and the renderer (such as 
React DOM)
2. You might be breaking the Rules of Hooks
3. You might have more than one copy of React in the same app
See https://react.dev/link/invalid-hook-call for tips about how to debug and 
fix this problem.
Invalid hook call. Hooks can only be called inside of the body of a function 
component. This could happen for one of the following reasons:
1. You might have mismatching versions of React and the renderer (such as 
React DOM)
2. You might be breaking the Rules of Hooks
3. You might have more than one copy of React in the same app
See https://react.dev/link/invalid-hook-call for tips about how to debug and 
fix this problem.

 [31mΓ¥»[39m __tests__/renderer/DatabaseViewer.spec.tsx [2m([22m[2m11 tests[22m[2m | [22m[31m1 failed[39m[2m)[22m[32m 61[2mms[22m[39m
[31m   [31m├ù[31m DatabaseViewer[2m > [22mrenders without crashing[39m[32m 50[2mms[22m[39m
[31m     ΓåÆ Cannot read properties of null (reading 'useState')[39m
   [32mΓ£ô[39m Archive Non-Editability[2m > [22mvalidates that archive table is configured as read-only[32m 1[2mms[22m[39m
   [32mΓ£ô[39m Archive Non-Editability[2m > [22mvalidates that archive has no selection mode[32m 1[2mms[22m[39m
   [32mΓ£ô[39m Archive Non-Editability[2m > [22mvalidates that archive cells do not allow focus or editing[32m 1[2mms[22m[39m
   [32mΓ£ô[39m Archive Non-Editability[2m > [22mvalidates that archive has no context menu[32m 2[2mms[22m[39m
   [32mΓ£ô[39m Archive Non-Editability[2m > [22mvalidates that archive cells have default cursor style[32m 1[2mms[22m[39m
   [32mΓ£ô[39m Archive Non-Editability[2m > [22mvalidates that archive prevents all visual selection feedback[32m 0[2mms[22m[39m
   [32mΓ£ô[39m Archive Non-Editability[2m > [22mvalidates that archive data is display-only[32m 0[2mms[22m[39m
   [32mΓ£ô[39m Archive Non-Editability[2m > [22mvalidates that both timesheet and credentials tables are non-editable[32m 2[2mms[22m[39m
   [32mΓ£ô[39m Archive Non-Editability[2m > [22mvalidates that archive prevents copy operations[32m 0[2mms[22m[39m
   [32mΓ£ô[39m Archive Non-Editability[2m > [22mvalidates that archive configuration prevents all forms of data modification[32m 1[2mms[22m[39m
[90mstdout[2m | __tests__/services/bot/runTimesheet_wrapper.spec.ts[2m > [22m[2mrunTimesheet wrapper function[2m > [22m[2mshould handle empty rows array gracefully
[22m[39m[Bot] No rows to process, returning success
[Bot] Closing browser...
11:34:09.411 > { component: [32m'Bot'[39m, message: [32m'Closing browser'[39m }

[90mstdout[2m | __tests__/services/bot/runTimesheet_wrapper.spec.ts[2m > [22m[2mrunTimesheet wrapper function[2m > [22m[2mshould handle empty rows array gracefully
[22m[39m11:34:09.424 > { component: [32m'Bot'[39m, message: [32m'Browser closed successfully'[39m }

[90mstdout[2m | __tests__/services/bot/runTimesheet_wrapper.spec.ts[2m > [22m[2mrunTimesheet wrapper function[2m > [22m[2mshould handle empty rows array gracefully
[22m[39m[Bot] Browser closed successfully

[90mstdout[2m | __tests__/services/bot/runTimesheet_wrapper.spec.ts[2m > [22m[2mrunTimesheet wrapper function[2m > [22m[2mshould return proper error structure when authentication fails
[22m[39m[Bot] Starting browser initialization...
11:34:09.431 > {
  component: [32m'Bot'[39m,
  operation: [32m'browser-startup'[39m,
  message: [32m'Operation started: browser-startup'[39m
}
11:34:09.435 > {
  component: [32m'Bot'[39m,
  message: [32m'Starting browser'[39m,
  data: { browserKind: [32m'chromium'[39m, headless: [33mfalse[39m }
}
11:34:09.439 > {
  component: [32m'Bot'[39m,
  message: [32m'Launching browser'[39m,
  data: { browserKind: [32m'chromium'[39m }
}
11:34:09.441 > {
  component: [32m'Bot'[39m,
  message: [32m'Browser launch options'[39m,
  data: { headless: [33mfalse[39m }
}

[90mstdout[2m | __tests__/services/bot/runTimesheet_wrapper.spec.ts[2m > [22m[2mrunTimesheet wrapper function[2m > [22m[2mshould return proper error structure when authentication fails
[22m[39m11:34:12.477 > { component: [32m'Bot'[39m, message: [32m'Browser launched successfully'[39m }

[90mstdout[2m | __tests__/services/bot/runTimesheet_wrapper.spec.ts[2m > [22m[2mrunTimesheet wrapper function[2m > [22m[2mshould return proper error structure when authentication fails
[22m[39m11:34:13.389 > { component: [32m'Bot'[39m, message: [32m'Browser started successfully'[39m }
11:34:13.395 > {
  component: [32m'Bot'[39m,
  operation: [32m'browser-startup'[39m,
  message: [32m'Operation completed: browser-startup'[39m,
  data: { durationMs: [33m3964[39m }
}

[90mstdout[2m | __tests__/services/bot/runTimesheet_wrapper.spec.ts[2m > [22m[2mrunTimesheet wrapper function[2m > [22m[2mshould return proper error structure when authentication fails
[22m[39m[Bot] Browser started successfully
[Bot] Starting automation with [33m1[39m rows
11:34:13.402 > {
  component: [32m'Bot'[39m,
  message: [32m'Starting automation workflow'[39m,
  data: { totalRows: [33m1[39m, email: [32m'test@example.com'[39m }
}
11:34:13.404 > { component: [32m'Bot'[39m, message: [32m'Logging in'[39m, data: { progress: [33m10[39m } }
11:34:13.406 > {
  component: [32m'Authentication'[39m,
  operation: [32m'login-flow'[39m,
  message: [32m'Operation started: login-flow'[39m
}
11:34:13.411 > {
  component: [32m'Authentication'[39m,
  message: [32m'Starting login process'[39m,
  data: {
    email: [32m'test@example.com'[39m,
    baseUrl: [32m'https://test.forms.smartsheet.com/test'[39m
  }
}
11:34:13.414 > {
  component: [32m'Authentication'[39m,
  message: [32m'Navigation attempt'[39m,
  data: { attempt: [33m1[39m, maxRetries: [33m3[39m }
}

[90mstdout[2m | __tests__/services/bot/runTimesheet_wrapper.spec.ts[2m > [22m[2mrunTimesheet wrapper function[2m > [22m[2mshould return proper error structure when authentication fails
[22m[39m11:34:13.635 > {
  component: [32m'Authentication'[39m,
  message: [32m'Navigating to base URL'[39m,
  data: {
    baseUrl: [32m'https://test.forms.smartsheet.com/test'[39m,
    timeoutMs: [33m10000[39m
  }
}

[90mstderr[2m | __tests__/services/bot/runTimesheet_wrapper.spec.ts[2m > 
[22m[2mrunTimesheet wrapper function[2m > [22m[2mshould return proper 
error structure when authentication fails
[22m[39m11:34:13.750 > {
  component: [32m'Authentication'[39m,
  message: [32m'Navigation attempt failed'[39m,
  data: {
    attempt: [33m1[39m,
    error: [32m'Error: page.goto: net::ERR_NAME_NOT_RESOLVED at 
https://test.forms.smartsheet.com/test\n'[39m +
      [32m'Call log:\n'[39m +
      [32m'\x1B[2m  - navigating to "https://test.forms.smartsheet.com/test", 
waiting until "load"\x1B[22m\n'[39m
  }
}

[90mstdout[2m | __tests__/services/bot/runTimesheet_wrapper.spec.ts[2m > [22m[2mrunTimesheet wrapper function[2m > [22m[2mshould return proper error structure when authentication fails
[22m[39m11:34:14.469 > {
  component: [32m'Authentication'[39m,
  message: [32m'Navigation attempt'[39m,
  data: { attempt: [33m2[39m, maxRetries: [33m3[39m }
}

[90mstdout[2m | __tests__/services/bot/runTimesheet_wrapper.spec.ts[2m > [22m[2mrunTimesheet wrapper function[2m > [22m[2mshould return proper error structure when authentication fails
[22m[39m11:34:14.575 > {
  component: [32m'Authentication'[39m,
  message: [32m'Navigating to base URL'[39m,
  data: {
    baseUrl: [32m'https://test.forms.smartsheet.com/test'[39m,
    timeoutMs: [33m10000[39m
  }
}

[90mstderr[2m | __tests__/services/bot/runTimesheet_wrapper.spec.ts[2m > 
[22m[2mrunTimesheet wrapper function[2m > [22m[2mshould return proper 
error structure when authentication fails
[22m[39m11:34:14.625 > {
  component: [32m'Authentication'[39m,
  message: [32m'Navigation attempt failed'[39m,
  data: {
    attempt: [33m2[39m,
    error: [32m'Error: page.goto: net::ERR_NAME_NOT_RESOLVED at 
https://test.forms.smartsheet.com/test\n'[39m +
      [32m'Call log:\n'[39m +
      [32m'\x1B[2m  - navigating to "https://test.forms.smartsheet.com/test", 
waiting until "load"\x1B[22m\n'[39m
  }
}

[90mstdout[2m | __tests__/services/bot/runTimesheet_wrapper.spec.ts[2m > [22m[2mrunTimesheet wrapper function[2m > [22m[2mshould return proper error structure when authentication fails
[22m[39m11:34:14.777 > {
  component: [32m'Authentication'[39m,
  message: [32m'Navigation attempt'[39m,
  data: { attempt: [33m3[39m, maxRetries: [33m3[39m }
}

[90mstdout[2m | __tests__/services/bot/runTimesheet_wrapper.spec.ts[2m > [22m[2mrunTimesheet wrapper function[2m > [22m[2mshould return proper error structure when authentication fails
[22m[39m11:34:14.906 > {
  component: [32m'Authentication'[39m,
  message: [32m'Navigating to base URL'[39m,
  data: {
    baseUrl: [32m'https://test.forms.smartsheet.com/test'[39m,
    timeoutMs: [33m10000[39m
  }
}

[90mstderr[2m | __tests__/services/bot/runTimesheet_wrapper.spec.ts[2m > 
[22m[2mrunTimesheet wrapper function[2m > [22m[2mshould return proper 
error structure when authentication fails
[22m[39m11:34:14.963 > {
  component: [32m'Authentication'[39m,
  message: [32m'Navigation attempt failed'[39m,
  data: {
    attempt: [33m3[39m,
    error: [32m'Error: page.goto: net::ERR_NAME_NOT_RESOLVED at 
https://test.forms.smartsheet.com/test\n'[39m +
      [32m'Call log:\n'[39m +
      [32m'\x1B[2m  - navigating to "https://test.forms.smartsheet.com/test", 
waiting until "load"\x1B[22m\n'[39m
  }
}
11:34:14.967 > {
  component: [32m'Authentication'[39m,
  message: [32m'All navigation attempts failed'[39m,
  data: {
    maxRetries: [33m3[39m,
    baseUrl: [32m'https://test.forms.smartsheet.com/test'[39m,
    error: [32m'Error: page.goto: net::ERR_NAME_NOT_RESOLVED at 
https://test.forms.smartsheet.com/test\n'[39m +
      [32m'Call log:\n'[39m +
      [32m'\x1B[2m  - navigating to "https://test.forms.smartsheet.com/test", 
waiting until "load"\x1B[22m\n'[39m
  }
}

[90mstdout[2m | __tests__/services/bot/runTimesheet_wrapper.spec.ts[2m > [22m[2mrunTimesheet wrapper function[2m > [22m[2mshould return proper error structure when authentication fails
[22m[39m[Bot] Automation completed: { success: [33mfalse[39m, submittedCount: [33m0[39m, errorCount: [33m1[39m }
[Bot] Closing browser...
11:34:14.971 > { component: [32m'Bot'[39m, message: [32m'Closing browser'[39m }

[90mstdout[2m | __tests__/services/bot/runTimesheet_wrapper.spec.ts[2m > [22m[2mrunTimesheet wrapper function[2m > [22m[2mshould return proper error structure when authentication fails
[22m[39m11:34:15.444 > { component: [32m'Bot'[39m, message: [32m'Browser closed successfully'[39m }

[90mstdout[2m | __tests__/services/bot/runTimesheet_wrapper.spec.ts[2m > [22m[2mrunTimesheet wrapper function[2m > [22m[2mshould return proper error structure when authentication fails
[22m[39m[Bot] Browser closed successfully

[90mstdout[2m | __tests__/services/bot/runTimesheet_wrapper.spec.ts[2m > [22m[2mrunTimesheet wrapper function[2m > [22m[2mshould handle invalid credentials gracefully
[22m[39m[Bot] Starting browser initialization...
11:34:15.450 > {
  component: [32m'Bot'[39m,
  operation: [32m'browser-startup'[39m,
  message: [32m'Operation started: browser-startup'[39m
}
11:34:15.453 > {
  component: [32m'Bot'[39m,
  message: [32m'Starting browser'[39m,
  data: { browserKind: [32m'chromium'[39m, headless: [33mfalse[39m }
}
11:34:15.455 > {
  component: [32m'Bot'[39m,
  message: [32m'Launching browser'[39m,
  data: { browserKind: [32m'chromium'[39m }
}
11:34:15.458 > {
  component: [32m'Bot'[39m,
  message: [32m'Browser launch options'[39m,
  data: { headless: [33mfalse[39m }
}

[90mstdout[2m | __tests__/services/bot/browser_lifecycle.spec.ts[2m > [22m[2mBrowser Lifecycle Management[2m > [22m[2mshould allow start() to be called multiple times safely
[22m[39m11:34:15.906 > {
  component: [32m'Bot'[39m,
  operation: [32m'browser-startup'[39m,
  message: [32m'Operation started: browser-startup'[39m
}
11:34:15.918 > {
  component: [32m'Bot'[39m,
  message: [32m'Starting browser'[39m,
  data: { browserKind: [32m'chromium'[39m, headless: [33mtrue[39m }
}
11:34:15.921 > {
  component: [32m'Bot'[39m,
  message: [32m'Launching browser'[39m,
  data: { browserKind: [32m'chromium'[39m }
}
11:34:15.923 > {
  component: [32m'Bot'[39m,
  message: [32m'Browser launch options'[39m,
  data: { headless: [33mtrue[39m }
}

[90mstdout[2m | __tests__/services/bot/runTimesheet_wrapper.spec.ts[2m > [22m[2mrunTimesheet wrapper function[2m > [22m[2mshould handle invalid credentials gracefully
[22m[39m11:34:16.118 > { component: [32m'Bot'[39m, message: [32m'Browser launched successfully'[39m }

[90mstdout[2m | __tests__/services/bot/browser_lifecycle.spec.ts[2m > [22m[2mBrowser Lifecycle Management[2m > [22m[2mshould allow start() to be called multiple times safely
[22m[39m11:34:16.408 > { component: [32m'Bot'[39m, message: [32m'Browser launched successfully'[39m }

[90mstdout[2m | __tests__/services/bot/runTimesheet_wrapper.spec.ts[2m > [22m[2mrunTimesheet wrapper function[2m > [22m[2mshould handle invalid credentials gracefully
[22m[39m11:34:17.176 > { component: [32m'Bot'[39m, message: [32m'Browser started successfully'[39m }
11:34:17.178 > {
  component: [32m'Bot'[39m,
  operation: [32m'browser-startup'[39m,
  message: [32m'Operation completed: browser-startup'[39m,
  data: { durationMs: [33m1728[39m }
}

[90mstdout[2m | __tests__/services/bot/browser_lifecycle.spec.ts[2m > [22m[2mBrowser Lifecycle Management[2m > [22m[2mshould allow start() to be called multiple times safely
[22m[39m11:34:17.191 > { component: [32m'Bot'[39m, message: [32m'Browser started successfully'[39m }
11:34:17.195 > {
  component: [32m'Bot'[39m,
  operation: [32m'browser-startup'[39m,
  message: [32m'Operation completed: browser-startup'[39m,
  data: { durationMs: [33m1289[39m }
}

[90mstdout[2m | __tests__/services/bot/runTimesheet_wrapper.spec.ts[2m > [22m[2mrunTimesheet wrapper function[2m > [22m[2mshould handle invalid credentials gracefully
[22m[39m[Bot] Browser started successfully
[Bot] Starting automation with [33m1[39m rows
11:34:17.180 > {
  component: [32m'Bot'[39m,
  message: [32m'Starting automation workflow'[39m,
  data: { totalRows: [33m1[39m, email: [32m''[39m }
}
11:34:17.182 > { component: [32m'Bot'[39m, message: [32m'Logging in'[39m, data: { progress: [33m10[39m } }
11:34:17.187 > {
  component: [32m'Authentication'[39m,
  operation: [32m'login-flow'[39m,
  message: [32m'Operation started: login-flow'[39m
}
11:34:17.192 > {
  component: [32m'Authentication'[39m,
  message: [32m'Starting login process'[39m,
  data: { email: [32m''[39m, baseUrl: [32m'https://test.forms.smartsheet.com/test'[39m }
}
11:34:17.194 > {
  component: [32m'Authentication'[39m,
  message: [32m'Navigation attempt'[39m,
  data: { attempt: [33m1[39m, maxRetries: [33m3[39m }
}

[90mstdout[2m | __tests__/services/bot/browser_lifecycle.spec.ts[2m > [22m[2mBrowser Lifecycle Management[2m > [22m[2mshould allow start() to be called multiple times safely
[22m[39m11:34:17.198 > {
  component: [32m'Bot'[39m,
  message: [32m'Browser already initialized, skipping start'[39m
}

[90mstdout[2m | __tests__/services/bot/browser_lifecycle.spec.ts[2m > [22m[2mBrowser Lifecycle Management[2m > [22m[2mshould allow start() to be called multiple times safely
[22m[39m11:34:17.210 > { component: [32m'Bot'[39m, message: [32m'Closing browser'[39m }

[90mstdout[2m | __tests__/services/bot/runTimesheet_wrapper.spec.ts[2m > [22m[2mrunTimesheet wrapper function[2m > [22m[2mshould handle invalid credentials gracefully
[22m[39m11:34:17.369 > {
  component: [32m'Authentication'[39m,
  message: [32m'Navigating to base URL'[39m,
  data: {
    baseUrl: [32m'https://test.forms.smartsheet.com/test'[39m,
    timeoutMs: [33m10000[39m
  }
}

[90mstderr[2m | __tests__/services/bot/runTimesheet_wrapper.spec.ts[2m > 
[22m[2mrunTimesheet wrapper function[2m > [22m[2mshould handle invalid 
credentials gracefully
[22m[39m11:34:17.403 > {
  component: [32m'Authentication'[39m,
  message: [32m'Navigation attempt failed'[39m,
  data: {
    attempt: [33m1[39m,
    error: [32m'Error: page.goto: net::ERR_NAME_NOT_RESOLVED at 
https://test.forms.smartsheet.com/test\n'[39m +
      [32m'Call log:\n'[39m +
      [32m'\x1B[2m  - navigating to "https://test.forms.smartsheet.com/test", 
waiting until "load"\x1B[22m\n'[39m
  }
}

[90mstdout[2m | __tests__/services/bot/browser_lifecycle.spec.ts[2m > [22m[2mBrowser Lifecycle Management[2m > [22m[2mshould allow start() to be called multiple times safely
[22m[39m11:34:17.463 > { component: [32m'Bot'[39m, message: [32m'Browser closed successfully'[39m }

[90mstdout[2m | __tests__/services/bot/browser_lifecycle.spec.ts[2m > [22m[2mBrowser Lifecycle Management[2m > [22m[2mshould allow start() to be called multiple times safely
[22m[39m11:34:17.467 > { component: [32m'Bot'[39m, message: [32m'Closing browser'[39m }

[90mstdout[2m | __tests__/services/bot/browser_lifecycle.spec.ts[2m > [22m[2mBrowser Lifecycle Management[2m > [22m[2mshould allow start() to be called multiple times safely
[22m[39m11:34:17.470 > { component: [32m'Bot'[39m, message: [32m'Browser closed successfully'[39m }

[90mstdout[2m | __tests__/services/bot/browser_lifecycle.spec.ts[2m > [22m[2mBrowser Lifecycle Management[2m > [22m[2mshould allow close() to be called multiple times safely
[22m[39m11:34:17.475 > {
  component: [32m'Bot'[39m,
  operation: [32m'browser-startup'[39m,
  message: [32m'Operation started: browser-startup'[39m
}
11:34:17.478 > {
  component: [32m'Bot'[39m,
  message: [32m'Starting browser'[39m,
  data: { browserKind: [32m'chromium'[39m, headless: [33mtrue[39m }
}
11:34:17.480 > {
  component: [32m'Bot'[39m,
  message: [32m'Launching browser'[39m,
  data: { browserKind: [32m'chromium'[39m }
}
11:34:17.486 > {
  component: [32m'Bot'[39m,
  message: [32m'Browser launch options'[39m,
  data: { headless: [33mtrue[39m }
}

[90mstdout[2m | __tests__/services/bot/browser_lifecycle.spec.ts[2m > [22m[2mBrowser Lifecycle Management[2m > [22m[2mshould allow close() to be called multiple times safely
[22m[39m11:34:17.871 > { component: [32m'Bot'[39m, message: [32m'Browser launched successfully'[39m }

[90mstdout[2m | __tests__/services/bot/runTimesheet_wrapper.spec.ts[2m > [22m[2mrunTimesheet wrapper function[2m > [22m[2mshould handle invalid credentials gracefully
[22m[39m11:34:17.891 > {
  component: [32m'Authentication'[39m,
  message: [32m'Navigation attempt'[39m,
  data: { attempt: [33m2[39m, maxRetries: [33m3[39m }
}

[90mstdout[2m | __tests__/services/bot/runTimesheet_wrapper.spec.ts[2m > [22m[2mrunTimesheet wrapper function[2m > [22m[2mshould handle invalid credentials gracefully
[22m[39m11:34:17.997 > {
  component: [32m'Authentication'[39m,
  message: [32m'Navigating to base URL'[39m,
  data: {
    baseUrl: [32m'https://test.forms.smartsheet.com/test'[39m,
    timeoutMs: [33m10000[39m
  }
}

[90mstderr[2m | __tests__/services/bot/runTimesheet_wrapper.spec.ts[2m > 
[22m[2mrunTimesheet wrapper function[2m > [22m[2mshould handle invalid 
credentials gracefully
[22m[39m11:34:18.081 > {
  component: [32m'Authentication'[39m,
  message: [32m'Navigation attempt failed'[39m,
  data: {
    attempt: [33m2[39m,
    error: [32m'Error: page.goto: net::ERR_NAME_NOT_RESOLVED at 
https://test.forms.smartsheet.com/test\n'[39m +
      [32m'Call log:\n'[39m +
      [32m'\x1B[2m  - navigating to "https://test.forms.smartsheet.com/test", 
waiting until "load"\x1B[22m\n'[39m
  }
}

[90mstdout[2m | __tests__/services/bot/runTimesheet_wrapper.spec.ts[2m > [22m[2mrunTimesheet wrapper function[2m > [22m[2mshould handle invalid credentials gracefully
[22m[39m11:34:18.230 > {
  component: [32m'Authentication'[39m,
  message: [32m'Navigation attempt'[39m,
  data: { attempt: [33m3[39m, maxRetries: [33m3[39m }
}

[90mstdout[2m | __tests__/services/bot/browser_lifecycle.spec.ts[2m > [22m[2mBrowser Lifecycle Management[2m > [22m[2mshould allow close() to be called multiple times safely
[22m[39m11:34:18.265 > { component: [32m'Bot'[39m, message: [32m'Browser started successfully'[39m }
11:34:18.267 > {
  component: [32m'Bot'[39m,
  operation: [32m'browser-startup'[39m,
  message: [32m'Operation completed: browser-startup'[39m,
  data: { durationMs: [33m792[39m }
}

[90mstdout[2m | __tests__/services/bot/browser_lifecycle.spec.ts[2m > [22m[2mBrowser Lifecycle Management[2m > [22m[2mshould allow close() to be called multiple times safely
[22m[39m11:34:18.272 > { component: [32m'Bot'[39m, message: [32m'Closing browser'[39m }

[90mstdout[2m | __tests__/services/bot/runTimesheet_wrapper.spec.ts[2m > [22m[2mrunTimesheet wrapper function[2m > [22m[2mshould handle invalid credentials gracefully
[22m[39m11:34:18.339 > {
  component: [32m'Authentication'[39m,
  message: [32m'Navigating to base URL'[39m,
  data: {
    baseUrl: [32m'https://test.forms.smartsheet.com/test'[39m,
    timeoutMs: [33m10000[39m
  }
}

[90mstderr[2m | __tests__/services/bot/runTimesheet_wrapper.spec.ts[2m > 
[22m[2mrunTimesheet wrapper function[2m > [22m[2mshould handle invalid 
credentials gracefully
[22m[39m11:34:18.430 > {
  component: [32m'Authentication'[39m,
  message: [32m'Navigation attempt failed'[39m,
  data: {
    attempt: [33m3[39m,
    error: [32m'Error: page.goto: net::ERR_NAME_NOT_RESOLVED at 
https://test.forms.smartsheet.com/test\n'[39m +
      [32m'Call log:\n'[39m +
[90mstdout[2m | __tests__/services/bot/runTimesheet_wrapper.spec.ts[2m > [22m[2mrunTimesheet wrapper function[2m > [22m[2mshould handle invalid credentials gracefully
[22m[39m[Bot] Automation completed: { success: [33mfalse[39m, submittedCount: [33m0[39m, errorCount: [33m1[39m }
[Bot] Closing browser...
11:34:18.441 > { component: [32m'Bot'[39m, message: [32m'Closing browser'[39m }
      [32m'\x1B[2m  - navigating to "https://test.forms.smartsheet.com/test", 
waiting until "load"\x1B[22m\n'[39m
  }
}
11:34:18.433 > {
  component: [32m'Authentication'[39m,
  message: [32m'All navigation attempts failed'[39m,
  data: {
    maxRetries: [33m3[39m,
    baseUrl: [32m'https://test.forms.smartsheet.com/test'[39m,
    error: [32m'Error: page.goto: net::ERR_NAME_NOT_RESOLVED at 
https://test.forms.smartsheet.com/test\n'[39m +
      [32m'Call log:\n'[39m +
      [32m'\x1B[2m  - navigating to "https://test.forms.smartsheet.com/test", 
waiting until "load"\x1B[22m\n'[39m
  }
}


[90mstdout[2m | __tests__/services/bot/browser_lifecycle.spec.ts[2m > [22m[2mBrowser Lifecycle Management[2m > [22m[2mshould allow close() to be called multiple times safely
[22m[39m11:34:18.579 > { component: [32m'Bot'[39m, message: [32m'Browser closed successfully'[39m }

[90mstdout[2m | __tests__/services/bot/browser_lifecycle.spec.ts[2m > [22m[2mBrowser Lifecycle Management[2m > [22m[2mshould allow close() to be called multiple times safely
[22m[39m11:34:18.582 > { component: [32m'Bot'[39m, message: [32m'Closing browser'[39m }

[90mstdout[2m | __tests__/services/bot/browser_lifecycle.spec.ts[2m > [22m[2mBrowser Lifecycle Management[2m > [22m[2mshould allow close() to be called multiple times safely
[22m[39m11:34:18.588 > { component: [32m'Bot'[39m, message: [32m'Browser closed successfully'[39m }

[90mstdout[2m | __tests__/services/bot/browser_lifecycle.spec.ts[2m > [22m[2mBrowser Lifecycle Management[2m > [22m[2mshould allow close() to be called multiple times safely
[22m[39m11:34:18.593 > { component: [32m'Bot'[39m, message: [32m'Closing browser'[39m }

[90mstdout[2m | __tests__/services/bot/browser_lifecycle.spec.ts[2m > [22m[2mBrowser Lifecycle Management[2m > [22m[2mshould allow close() to be called multiple times safely
[22m[39m11:34:18.597 > { component: [32m'Bot'[39m, message: [32m'Browser closed successfully'[39m }

[90mstdout[2m | __tests__/services/bot/browser_lifecycle.spec.ts[2m > [22m[2mBrowser Lifecycle Management[2m > [22m[2mshould handle close() when start() was never called
[22m[39m11:34:18.600 > { component: [32m'Bot'[39m, message: [32m'Closing browser'[39m }

[90mstdout[2m | __tests__/services/bot/browser_lifecycle.spec.ts[2m > [22m[2mBrowser Lifecycle Management[2m > [22m[2mshould handle close() when start() was never called
[22m[39m11:34:18.605 > { component: [32m'Bot'[39m, message: [32m'Browser closed successfully'[39m }

[90mstdout[2m | __tests__/services/bot/browser_lifecycle.spec.ts[2m > [22m[2mBrowser Lifecycle Management[2m > [22m[2mshould handle close() when start() was never called
[22m[39m11:34:18.608 > { component: [32m'Bot'[39m, message: [32m'Closing browser'[39m }

[90mstdout[2m | __tests__/services/bot/browser_lifecycle.spec.ts[2m > [22m[2mBrowser Lifecycle Management[2m > [22m[2mshould handle close() when start() was never called
[22m[39m11:34:18.611 > { component: [32m'Bot'[39m, message: [32m'Browser closed successfully'[39m }

[90mstdout[2m | __tests__/services/bot/browser_lifecycle.spec.ts[2m > [22m[2mBrowser Lifecycle Management[2m > [22m[2mshould prevent operations after close()
[22m[39m11:34:18.616 > {
  component: [32m'Bot'[39m,
  operation: [32m'browser-startup'[39m,
  message: [32m'Operation started: browser-startup'[39m
}
11:34:18.618 > {
  component: [32m'Bot'[39m,
  message: [32m'Starting browser'[39m,
  data: { browserKind: [32m'chromium'[39m, headless: [33mtrue[39m }
}
11:34:18.626 > {
  component: [32m'Bot'[39m,
  message: [32m'Launching browser'[39m,
  data: { browserKind: [32m'chromium'[39m }
}
11:34:18.642 > {
  component: [32m'Bot'[39m,
  message: [32m'Browser launch options'[39m,
  data: { headless: [33mtrue[39m }
}

[90mstdout[2m | __tests__/services/bot/runTimesheet_wrapper.spec.ts[2m > [22m[2mrunTimesheet wrapper function[2m > [22m[2mshould handle invalid credentials gracefully
[22m[39m11:34:18.764 > { component: [32m'Bot'[39m, message: [32m'Browser closed successfully'[39m }

[90mstdout[2m | __tests__/services/bot/runTimesheet_wrapper.spec.ts[2m > [22m[2mrunTimesheet wrapper function[2m > [22m[2mshould handle invalid credentials gracefully
[22m[39m[Bot] Browser closed successfully

[90mstdout[2m | __tests__/services/bot/runTimesheet_wrapper.spec.ts[2m > [22m[2mrunTimesheet wrapper function[2m > [22m[2mshould process multiple rows and report individual failures
[22m[39m[Bot] Starting browser initialization...
11:34:18.768 > {
  component: [32m'Bot'[39m,
  operation: [32m'browser-startup'[39m,
  message: [32m'Operation started: browser-startup'[39m
}
11:34:18.772 > {
  component: [32m'Bot'[39m,
  message: [32m'Starting browser'[39m,
  data: { browserKind: [32m'chromium'[39m, headless: [33mfalse[39m }
}
11:34:18.775 > {
  component: [32m'Bot'[39m,
  message: [32m'Launching browser'[39m,
  data: { browserKind: [32m'chromium'[39m }
}
11:34:18.778 > {
  component: [32m'Bot'[39m,
  message: [32m'Browser launch options'[39m,
  data: { headless: [33mfalse[39m }
}

[90mstdout[2m | __tests__/services/bot/browser_lifecycle.spec.ts[2m > [22m[2mBrowser Lifecycle Management[2m > [22m[2mshould prevent operations after close()
[22m[39m11:34:18.934 > { component: [32m'Bot'[39m, message: [32m'Browser launched successfully'[39m }

[90mstdout[2m | __tests__/services/bot/browser_lifecycle.spec.ts[2m > [22m[2mBrowser Lifecycle Management[2m > [22m[2mshould prevent operations after close()
[22m[39m11:34:19.280 > { component: [32m'Bot'[39m, message: [32m'Browser started successfully'[39m }
11:34:19.281 > {
  component: [32m'Bot'[39m,
  operation: [32m'browser-startup'[39m,
  message: [32m'Operation completed: browser-startup'[39m,
  data: { durationMs: [33m665[39m }
}

[90mstdout[2m | __tests__/services/bot/browser_lifecycle.spec.ts[2m > [22m[2mBrowser Lifecycle Management[2m > [22m[2mshould prevent operations after close()
[22m[39m11:34:19.283 > { component: [32m'Bot'[39m, message: [32m'Closing browser'[39m }

[90mstdout[2m | __tests__/services/bot/browser_lifecycle.spec.ts[2m > [22m[2mBrowser Lifecycle Management[2m > [22m[2mshould prevent operations after close()
[22m[39m11:34:19.368 > { component: [32m'Bot'[39m, message: [32m'Browser closed successfully'[39m }

[90mstderr[2m | __tests__/services/bot/browser_lifecycle.spec.ts[2m > 
[22m[2mBrowser Lifecycle Management[2m > [22m[2mshould prevent operations 
after close()
[22m[39m11:34:19.380 > {
  component: [32m'Authentication'[39m,
  message: [32m'Navigation attempt failed'[39m,
  data: {
    attempt: [33m1[39m,
    error: [32m'Error: Page is not available; call start() first'[39m
  }
}

[90mstdout[2m | __tests__/services/bot/browser_lifecycle.spec.ts[2m > [22m[2mBrowser Lifecycle Management[2m > [22m[2mshould prevent operations after close()
[22m[39m11:34:19.372 > {
  component: [32m'Bot'[39m,
  message: [32m'Starting automation workflow'[39m,
  data: { totalRows: [33m1[39m, email: [32m'test@example.com'[39m }
}
11:34:19.374 > { component: [32m'Bot'[39m, message: [32m'Logging in'[39m, data: { progress: [33m10[39m } }
11:34:19.376 > {
  component: [32m'Authentication'[39m,
  operation: [32m'login-flow'[39m,
  message: [32m'Operation started: login-flow'[39m
}
11:34:19.377 > {
  component: [32m'Authentication'[39m,
  message: [32m'Starting login process'[39m,
  data: {
    email: [32m'test@example.com'[39m,
    baseUrl: [32m'https://test.forms.smartsheet.com/test'[39m
  }
}
11:34:19.379 > {
  component: [32m'Authentication'[39m,
  message: [32m'Navigation attempt'[39m,
  data: { attempt: [33m1[39m, maxRetries: [33m3[39m }
}

[90mstdout[2m | __tests__/services/bot/browser_lifecycle.spec.ts[2m > [22m[2mBrowser Lifecycle Management[2m > [22m[2mshould prevent operations after close()
[22m[39m11:34:19.384 > { component: [32m'Bot'[39m, message: [32m'Closing browser'[39m }

[90mstdout[2m | __tests__/services/bot/browser_lifecycle.spec.ts[2m > [22m[2mBrowser Lifecycle Management[2m > [22m[2mshould prevent operations after close()
[22m[39m11:34:19.386 > { component: [32m'Bot'[39m, message: [32m'Browser closed successfully'[39m }

[90mstdout[2m | __tests__/services/bot/browser_lifecycle.spec.ts[2m > [22m[2mBrowser Lifecycle Management[2m > [22m[2mshould properly cleanup resources on automation error
[22m[39m11:34:19.390 > {
  component: [32m'Bot'[39m,
  operation: [32m'browser-startup'[39m,
  message: [32m'Operation started: browser-startup'[39m
}
11:34:19.392 > {
  component: [32m'Bot'[39m,
  message: [32m'Starting browser'[39m,
  data: { browserKind: [32m'chromium'[39m, headless: [33mtrue[39m }
}
11:34:19.394 > {
  component: [32m'Bot'[39m,
  message: [32m'Launching browser'[39m,
  data: { browserKind: [32m'chromium'[39m }
}
11:34:19.396 > {
  component: [32m'Bot'[39m,
  message: [32m'Browser launch options'[39m,
  data: { headless: [33mtrue[39m }
}

[90mstdout[2m | __tests__/services/bot/runTimesheet_wrapper.spec.ts[2m > [22m[2mrunTimesheet wrapper function[2m > [22m[2mshould process multiple rows and report individual failures
[22m[39m11:34:19.620 > { component: [32m'Bot'[39m, message: [32m'Browser launched successfully'[39m }

[90mstdout[2m | __tests__/services/bot/browser_lifecycle.spec.ts[2m > [22m[2mBrowser Lifecycle Management[2m > [22m[2mshould properly cleanup resources on automation error
[22m[39m11:34:19.744 > { component: [32m'Bot'[39m, message: [32m'Browser launched successfully'[39m }

[90mstdout[2m | __tests__/services/bot/browser_lifecycle.spec.ts[2m > [22m[2mBrowser Lifecycle Management[2m > [22m[2mshould properly cleanup resources on automation error
[22m[39m11:34:20.811 > { component: [32m'Bot'[39m, message: [32m'Browser started successfully'[39m }
11:34:20.812 > {
  component: [32m'Bot'[39m,
  operation: [32m'browser-startup'[39m,
  message: [32m'Operation completed: browser-startup'[39m,
  data: { durationMs: [33m1422[39m }
}

[90mstdout[2m | __tests__/services/bot/browser_lifecycle.spec.ts[2m > [22m[2mBrowser Lifecycle Management[2m > [22m[2mshould properly cleanup resources on automation error
[22m[39m11:34:20.816 > {
  component: [32m'Bot'[39m,
  message: [32m'Starting automation workflow'[39m,
  data: { totalRows: [33m1[39m, email: [32m'bad@email.com'[39m }
}
11:34:20.817 > { component: [32m'Bot'[39m, message: [32m'Logging in'[39m, data: { progress: [33m10[39m } }
11:34:20.822 > {
  component: [32m'Authentication'[39m,
  operation: [32m'login-flow'[39m,
  message: [32m'Operation started: login-flow'[39m
}
11:34:20.829 > {
  component: [32m'Authentication'[39m,
  message: [32m'Starting login process'[39m,
  data: {
    email: [32m'bad@email.com'[39m,
    baseUrl: [32m'https://test.forms.smartsheet.com/test'[39m
  }
}
11:34:20.832 > {
  component: [32m'Authentication'[39m,
  message: [32m'Navigation attempt'[39m,
  data: { attempt: [33m1[39m, maxRetries: [33m3[39m }
}

[90mstdout[2m | __tests__/services/bot/runTimesheet_wrapper.spec.ts[2m > [22m[2mrunTimesheet wrapper function[2m > [22m[2mshould process multiple rows and report individual failures
[22m[39m11:34:21.021 > { component: [32m'Bot'[39m, message: [32m'Browser started successfully'[39m }
11:34:21.024 > {
  component: [32m'Bot'[39m,
  operation: [32m'browser-startup'[39m,
  message: [32m'Operation completed: browser-startup'[39m,
  data: { durationMs: [33m2256[39m }
}

[90mstdout[2m | __tests__/services/bot/runTimesheet_wrapper.spec.ts[2m > [22m[2mrunTimesheet wrapper function[2m > [22m[2mshould process multiple rows and report individual failures
[22m[39m[Bot] Browser started successfully
[Bot] Starting automation with [33m2[39m rows
11:34:21.030 > {
  component: [32m'Bot'[39m,
  message: [32m'Starting automation workflow'[39m,
  data: { totalRows: [33m2[39m, email: [32m'test@example.com'[39m }
}
11:34:21.033 > { component: [32m'Bot'[39m, message: [32m'Logging in'[39m, data: { progress: [33m10[39m } }
11:34:21.035 > {
  component: [32m'Authentication'[39m,
  operation: [32m'login-flow'[39m,
  message: [32m'Operation started: login-flow'[39m
}
11:34:21.037 > {
  component: [32m'Authentication'[39m,
  message: [32m'Starting login process'[39m,
  data: {
    email: [32m'test@example.com'[39m,
    baseUrl: [32m'https://test.forms.smartsheet.com/test'[39m
  }
}
11:34:21.039 > {
  component: [32m'Authentication'[39m,
  message: [32m'Navigation attempt'[39m,
  data: { attempt: [33m1[39m, maxRetries: [33m3[39m }
}

[90mstdout[2m | __tests__/services/bot/browser_lifecycle.spec.ts[2m > [22m[2mBrowser Lifecycle Management[2m > [22m[2mshould properly cleanup resources on automation error
[22m[39m11:34:21.097 > {
  component: [32m'Authentication'[39m,
  message: [32m'Navigating to base URL'[39m,
  data: {
    baseUrl: [32m'https://test.forms.smartsheet.com/test'[39m,
    timeoutMs: [33m10000[39m
  }
}

[90mstdout[2m | __tests__/services/bot/runTimesheet_wrapper.spec.ts[2m > [22m[2mrunTimesheet wrapper function[2m > [22m[2mshould process multiple rows and report individual failures
[22m[39m11:34:21.221 > {
  component: [32m'Authentication'[39m,
  message: [32m'Navigating to base URL'[39m,
  data: {
    baseUrl: [32m'https://test.forms.smartsheet.com/test'[39m,
    timeoutMs: [33m10000[39m
  }
}

[90mstderr[2m | __tests__/services/bot/browser_lifecycle.spec.ts[2m > 
[22m[2mBrowser Lifecycle Management[2m > [22m[2mshould properly cleanup 
resources on automation error
[22m[39m11:34:21.252 > {
  component: [32m'Authentication'[39m,
  message: [32m'Navigation attempt failed'[39m,
  data: {
    attempt: [33m1[39m,
    error: [32m'Error: page.goto: net::ERR_NAME_NOT_RESOLVED at 
https://test.forms.smartsheet.com/test\n'[39m +
      [32m'Call log:\n'[39m +
      [32m'\x1B[2m  - navigating to "https://test.forms.smartsheet.com/test", 
waiting until "load"\x1B[22m\n'[39m
  }
}

[90mstderr[2m | __tests__/services/bot/runTimesheet_wrapper.spec.ts[2m > 
[22m[2mrunTimesheet wrapper function[2m > [22m[2mshould process multiple 
rows and report individual failures
[22m[39m11:34:21.254 > {
  component: [32m'Authentication'[39m,
  message: [32m'Navigation attempt failed'[39m,
  data: {
    attempt: [33m1[39m,
    error: [32m'Error: page.goto: net::ERR_NAME_NOT_RESOLVED at 
https://test.forms.smartsheet.com/test\n'[39m +
      [32m'Call log:\n'[39m +
      [32m'\x1B[2m  - navigating to "https://test.forms.smartsheet.com/test", 
waiting until "load"\x1B[22m\n'[39m
  }
}

[90mstdout[2m | __tests__/services/bot/browser_lifecycle.spec.ts[2m > [22m[2mBrowser Lifecycle Management[2m > [22m[2mshould properly cleanup resources on automation error
[22m[39m11:34:21.747 > {
  component: [32m'Authentication'[39m,
  message: [32m'Navigation attempt'[39m,
  data: { attempt: [33m2[39m, maxRetries: [33m3[39m }
}

[90mstdout[2m | __tests__/services/bot/browser_lifecycle.spec.ts[2m > [22m[2mBrowser Lifecycle Management[2m > [22m[2mshould properly cleanup resources on automation error
[22m[39m11:34:21.867 > {
  component: [32m'Authentication'[39m,
  message: [32m'Navigating to base URL'[39m,
  data: {
    baseUrl: [32m'https://test.forms.smartsheet.com/test'[39m,
    timeoutMs: [33m10000[39m
  }
}

[90mstderr[2m | __tests__/services/bot/browser_lifecycle.spec.ts[2m > 
[22m[2mBrowser Lifecycle Management[2m > [22m[2mshould properly cleanup 
resources on automation error
[22m[39m11:34:21.882 > {
  component: [32m'Authentication'[39m,
  message: [32m'Navigation attempt failed'[39m,
  data: {
    attempt: [33m2[39m,
    error: [32m'Error: page.goto: net::ERR_NAME_NOT_RESOLVED at 
https://test.forms.smartsheet.com/test\n'[39m +
      [32m'Call log:\n'[39m +
      [32m'\x1B[2m  - navigating to "https://test.forms.smartsheet.com/test", 
waiting until "load"\x1B[22m\n'[39m
  }
}

[90mstdout[2m | __tests__/services/bot/runTimesheet_wrapper.spec.ts[2m > [22m[2mrunTimesheet wrapper function[2m > [22m[2mshould process multiple rows and report individual failures
[22m[39m11:34:21.915 > {
  component: [32m'Authentication'[39m,
  message: [32m'Navigation attempt'[39m,
  data: { attempt: [33m2[39m, maxRetries: [33m3[39m }
}

[90mstdout[2m | __tests__/services/bot/runTimesheet_wrapper.spec.ts[2m > [22m[2mrunTimesheet wrapper function[2m > [22m[2mshould process multiple rows and report individual failures
[22m[39m11:34:22.019 > {
  component: [32m'Authentication'[39m,
  message: [32m'Navigating to base URL'[39m,
  data: {
    baseUrl: [32m'https://test.forms.smartsheet.com/test'[39m,
    timeoutMs: [33m10000[39m
  }
}

[90mstderr[2m | __tests__/services/bot/runTimesheet_wrapper.spec.ts[2m > 
[22m[2mrunTimesheet wrapper function[2m > [22m[2mshould process multiple 
rows and report individual failures
[22m[39m11:34:22.047 > {
  component: [32m'Authentication'[39m,
  message: [32m'Navigation attempt failed'[39m,
  data: {
    attempt: [33m2[39m,
    error: [32m'Error: page.goto: net::ERR_NAME_NOT_RESOLVED at 
https://test.forms.smartsheet.com/test\n'[39m +
      [32m'Call log:\n'[39m +
      [32m'\x1B[2m  - navigating to "https://test.forms.smartsheet.com/test", 
waiting until "load"\x1B[22m\n'[39m
  }
}

[90mstdout[2m | __tests__/services/bot/browser_lifecycle.spec.ts[2m > [22m[2mBrowser Lifecycle Management[2m > [22m[2mshould properly cleanup resources on automation error
[22m[39m11:34:22.057 > {
  component: [32m'Authentication'[39m,
  message: [32m'Navigation attempt'[39m,
  data: { attempt: [33m3[39m, maxRetries: [33m3[39m }
}

[90mstdout[2m | __tests__/services/bot/browser_lifecycle.spec.ts[2m > [22m[2mBrowser Lifecycle Management[2m > [22m[2mshould properly cleanup resources on automation error
[22m[39m11:34:22.175 > {
  component: [32m'Authentication'[39m,
  message: [32m'Navigating to base URL'[39m,
  data: {
    baseUrl: [32m'https://test.forms.smartsheet.com/test'[39m,
    timeoutMs: [33m10000[39m
  }
}

[90mstdout[2m | __tests__/services/bot/runTimesheet_wrapper.spec.ts[2m > [22m[2mrunTimesheet wrapper function[2m > [22m[2mshould process multiple rows and report individual failures
[22m[39m11:34:22.191 > {
  component: [32m'Authentication'[39m,
  message: [32m'Navigation attempt'[39m,
  data: { attempt: [33m3[39m, maxRetries: [33m3[39m }
}

[90mstderr[2m | __tests__/services/bot/browser_lifecycle.spec.ts[2m > 
[22m[2mBrowser Lifecycle Management[2m > [22m[2mshould properly cleanup 
resources on automation error
[22m[39m11:34:22.192 > {
  component: [32m'Authentication'[39m,
  message: [32m'Navigation attempt failed'[39m,
  data: {
    attempt: [33m3[39m,
    error: [32m'Error: page.goto: net::ERR_NAME_NOT_RESOLVED at 
https://test.forms.smartsheet.com/test\n'[39m +
      [32m'Call log:\n'[39m +
      [32m'\x1B[2m  - navigating to "https://test.forms.smartsheet.com/test", 
waiting until "load"\x1B[22m\n'[39m
  }
}
11:34:22.197 > {
  component: [32m'Authentication'[39m,
  message: [32m'All navigation attempts failed'[39m,
  data: {
    maxRetries: [33m3[39m,
    baseUrl: [32m'https://test.forms.smartsheet.com/test'[39m,
    error: [32m'Error: page.goto: net::ERR_NAME_NOT_RESOLVED at 
https://test.forms.smartsheet.com/test\n'[39m +
      [32m'Call log:\n'[39m +
      [32m'\x1B[2m  - navigating to "https://test.forms.smartsheet.com/test", 
waiting until "load"\x1B[22m\n'[39m
  }
}

[90mstdout[2m | __tests__/services/bot/browser_lifecycle.spec.ts[2m > [22m[2mBrowser Lifecycle Management[2m > [22m[2mshould properly cleanup resources on automation error
[22m[39m11:34:22.200 > { component: [32m'Bot'[39m, message: [32m'Closing browser'[39m }

[90mstdout[2m | __tests__/services/bot/runTimesheet_wrapper.spec.ts[2m > [22m[2mrunTimesheet wrapper function[2m > [22m[2mshould process multiple rows and report individual failures
[22m[39m11:34:22.300 > {
  component: [32m'Authentication'[39m,
  message: [32m'Navigating to base URL'[39m,
  data: {
    baseUrl: [32m'https://test.forms.smartsheet.com/test'[39m,
    timeoutMs: [33m10000[39m
  }
}

[90mstderr[2m | __tests__/services/bot/runTimesheet_wrapper.spec.ts[2m > 
[22m[2mrunTimesheet wrapper function[2m > [22m[2mshould process multiple 
rows and report individual failures
[22m[39m11:34:22.326 > {
  component: [32m'Authentication'[39m,
  message: [32m'Navigation attempt failed'[39m,
  data: {
    attempt: [33m3[39m,
    error: [32m'Error: page.goto: net::ERR_NAME_NOT_RESOLVED at 
https://test.forms.smartsheet.com/test\n'[39m +
      [32m'Call log:\n'[39m +
      [32m'\x1B[2m  - navigating to "https://test.forms.smartsheet.com/test", 
waiting until "load"\x1B[22m\n'[39m
  }
}
11:34:22.333 > {
  component: [32m'Authentication'[39m,
  message: [32m'All navigation attempts failed'[39m,
  data: {
    maxRetries: [33m3[39m,
    baseUrl: [32m'https://test.forms.smartsheet.com/test'[39m,
    error: [32m'Error: page.goto: net::ERR_NAME_NOT_RESOLVED at 
https://test.forms.smartsheet.com/test\n'[39m +
      [32m'Call log:\n'[39m +
      [32m'\x1B[2m  - navigating to "https://test.forms.smartsheet.com/test", 
waiting until "load"\x1B[22m\n'[39m
  }
}

[90mstdout[2m | __tests__/services/bot/runTimesheet_wrapper.spec.ts[2m > [22m[2mrunTimesheet wrapper function[2m > [22m[2mshould process multiple rows and report individual failures
[22m[39m[Bot] Automation completed: { success: [33mfalse[39m, submittedCount: [33m0[39m, errorCount: [33m1[39m }
[Bot] Closing browser...
11:34:22.337 > { component: [32m'Bot'[39m, message: [32m'Closing browser'[39m }

[90mstdout[2m | __tests__/services/bot/browser_lifecycle.spec.ts[2m > [22m[2mBrowser Lifecycle Management[2m > [22m[2mshould properly cleanup resources on automation error
[22m[39m11:34:22.418 > { component: [32m'Bot'[39m, message: [32m'Browser closed successfully'[39m }

[90mstdout[2m | __tests__/services/bot/browser_lifecycle.spec.ts[2m > [22m[2mBrowser Lifecycle Management[2m > [22m[2mshould properly cleanup resources on automation error
[22m[39m11:34:22.422 > { component: [32m'Bot'[39m, message: [32m'Closing browser'[39m }

[90mstdout[2m | __tests__/services/bot/browser_lifecycle.spec.ts[2m > [22m[2mBrowser Lifecycle Management[2m > [22m[2mshould properly cleanup resources on automation error
[22m[39m11:34:22.425 > { component: [32m'Bot'[39m, message: [32m'Browser closed successfully'[39m }

[90mstdout[2m | __tests__/services/bot/browser_lifecycle.spec.ts[2m > [22m[2mBrowser Lifecycle Management[2m > [22m[2mshould handle concurrent automation attempts gracefully
[22m[39m11:34:22.428 > {
  component: [32m'Bot'[39m,
  operation: [32m'browser-startup'[39m,
  message: [32m'Operation started: browser-startup'[39m
}
11:34:22.433 > {
  component: [32m'Bot'[39m,
  message: [32m'Starting browser'[39m,
  data: { browserKind: [32m'chromium'[39m, headless: [33mtrue[39m }
}
11:34:22.437 > {
  component: [32m'Bot'[39m,
  message: [32m'Launching browser'[39m,
  data: { browserKind: [32m'chromium'[39m }
}
11:34:22.440 > {
  component: [32m'Bot'[39m,
  message: [32m'Browser launch options'[39m,
  data: { headless: [33mtrue[39m }
}

[90mstdout[2m | __tests__/services/bot/runTimesheet_wrapper.spec.ts[2m > [22m[2mrunTimesheet wrapper function[2m > [22m[2mshould process multiple rows and report individual failures
[22m[39m11:34:22.687 > { component: [32m'Bot'[39m, message: [32m'Browser closed successfully'[39m }

[90mstdout[2m | __tests__/services/bot/runTimesheet_wrapper.spec.ts[2m > [22m[2mrunTimesheet wrapper function[2m > [22m[2mshould process multiple rows and report individual failures
[22m[39m[Bot] Browser closed successfully

 [32mΓ£ô[39m __tests__/services/bot/runTimesheet_wrapper.spec.ts [2m([22m[2m4 tests[22m[2m)[22m[33m 13283[2mms[22m[39m
   [33m[2mΓ£ô[22m[39m runTimesheet wrapper function[2m > [22mshould return proper error structure when authentication fails [33m 6020[2mms[22m[39m
   [33m[2mΓ£ô[22m[39m runTimesheet wrapper function[2m > [22mshould handle invalid credentials gracefully [33m 3317[2mms[22m[39m
   [33m[2mΓ£ô[22m[39m runTimesheet wrapper function[2m > [22mshould process multiple rows and report individual failures [33m 3923[2mms[22m[39m
[90mstdout[2m | __tests__/services/bot/browser_lifecycle.spec.ts[2m > [22m[2mBrowser Lifecycle Management[2m > [22m[2mshould handle concurrent automation attempts gracefully
[22m[39m11:34:22.836 > { component: [32m'Bot'[39m, message: [32m'Browser launched successfully'[39m }

[90mstdout[2m | __tests__/services/bot/browser_lifecycle.spec.ts[2m > [22m[2mBrowser Lifecycle Management[2m > [22m[2mshould handle concurrent automation attempts gracefully
[22m[39m11:34:23.154 > { component: [32m'Bot'[39m, message: [32m'Browser started successfully'[39m }
11:34:23.156 > {
  component: [32m'Bot'[39m,
  operation: [32m'browser-startup'[39m,
  message: [32m'Operation completed: browser-startup'[39m,
  data: { durationMs: [33m728[39m }
}

[90mstdout[2m | __tests__/services/bot/browser_lifecycle.spec.ts[2m > [22m[2mBrowser Lifecycle Management[2m > [22m[2mshould handle concurrent automation attempts gracefully
[22m[39m11:34:23.157 > {
  component: [32m'Bot'[39m,
  message: [32m'Starting automation workflow'[39m,
  data: { totalRows: [33m1[39m, email: [32m'test1@example.com'[39m }
}
11:34:23.158 > { component: [32m'Bot'[39m, message: [32m'Logging in'[39m, data: { progress: [33m10[39m } }
11:34:23.160 > {
  component: [32m'Authentication'[39m,
  operation: [32m'login-flow'[39m,
  message: [32m'Operation started: login-flow'[39m
}
11:34:23.162 > {
  component: [32m'Authentication'[39m,
  message: [32m'Starting login process'[39m,
  data: {
    email: [32m'test1@example.com'[39m,
    baseUrl: [32m'https://test.forms.smartsheet.com/test'[39m
  }
}
11:34:23.165 > {
  component: [32m'Authentication'[39m,
  message: [32m'Navigation attempt'[39m,
  data: { attempt: [33m1[39m, maxRetries: [33m3[39m }
}
11:34:23.167 > {
  component: [32m'Bot'[39m,
  message: [32m'Starting automation workflow'[39m,
  data: { totalRows: [33m1[39m, email: [32m'test2@example.com'[39m }
}
11:34:23.168 > { component: [32m'Bot'[39m, message: [32m'Logging in'[39m, data: { progress: [33m10[39m } }
11:34:23.170 > {
  component: [32m'Authentication'[39m,
  operation: [32m'login-flow'[39m,
  message: [32m'Operation started: login-flow'[39m
}
11:34:23.171 > {
  component: [32m'Authentication'[39m,
  message: [32m'Starting login process'[39m,
  data: {
    email: [32m'test2@example.com'[39m,
    baseUrl: [32m'https://test.forms.smartsheet.com/test'[39m
  }
}
11:34:23.175 > {
  component: [32m'Authentication'[39m,
  message: [32m'Navigation attempt'[39m,
  data: { attempt: [33m1[39m, maxRetries: [33m3[39m }
}

[90mstdout[2m | __tests__/services/bot/browser_lifecycle.spec.ts[2m > [22m[2mBrowser Lifecycle Management[2m > [22m[2mshould handle concurrent automation attempts gracefully
[22m[39m11:34:23.333 > {
  component: [32m'Authentication'[39m,
  message: [32m'Navigating to base URL'[39m,
  data: {
    baseUrl: [32m'https://test.forms.smartsheet.com/test'[39m,
    timeoutMs: [33m10000[39m
  }
}

[90mstdout[2m | __tests__/services/bot/browser_lifecycle.spec.ts[2m > [22m[2mBrowser Lifecycle Management[2m > [22m[2mshould handle concurrent automation attempts gracefully
[22m[39m11:34:23.340 > {
  component: [32m'Authentication'[39m,
  message: [32m'Navigating to base URL'[39m,
  data: {
    baseUrl: [32m'https://test.forms.smartsheet.com/test'[39m,
    timeoutMs: [33m10000[39m
  }
}

[90mstderr[2m | __tests__/services/bot/browser_lifecycle.spec.ts[2m > 
[22m[2mBrowser Lifecycle Management[2m > [22m[2mshould handle concurrent 
automation attempts gracefully
[22m[39m11:34:23.356 > {
  component: [32m'Authentication'[39m,
  message: [32m'Navigation attempt failed'[39m,
  data: {
    attempt: [33m1[39m,
    error: [32m'Error: page.goto: net::ERR_ABORTED at 
https://test.forms.smartsheet.com/test\n'[39m +
      [32m'Call log:\n'[39m +
      [32m'\x1B[2m  - navigating to "https://test.forms.smartsheet.com/test", 
waiting until "load"\x1B[22m\n'[39m
  }
}

[90mstderr[2m | __tests__/services/bot/browser_lifecycle.spec.ts[2m > 
[22m[2mBrowser Lifecycle Management[2m > [22m[2mshould handle concurrent 
automation attempts gracefully
[22m[39m11:34:23.388 > {
  component: [32m'Authentication'[39m,
  message: [32m'Navigation attempt failed'[39m,
  data: {
    attempt: [33m1[39m,
    error: [32m'Error: page.goto: net::ERR_NAME_NOT_RESOLVED at 
https://test.forms.smartsheet.com/test\n'[39m +
      [32m'Call log:\n'[39m +
      [32m'\x1B[2m  - navigating to "https://test.forms.smartsheet.com/test", 
waiting until "load"\x1B[22m\n'[39m
  }
}

[90mstdout[2m | __tests__/services/bot/browser_lifecycle.spec.ts[2m > [22m[2mBrowser Lifecycle Management[2m > [22m[2mshould handle concurrent automation attempts gracefully
[22m[39m11:34:23.676 > {
  component: [32m'Authentication'[39m,
  message: [32m'Navigation attempt'[39m,
  data: { attempt: [33m2[39m, maxRetries: [33m3[39m }
}

[90mstdout[2m | __tests__/services/bot/browser_lifecycle.spec.ts[2m > [22m[2mBrowser Lifecycle Management[2m > [22m[2mshould handle concurrent automation attempts gracefully
[22m[39m11:34:23.679 > {
  component: [32m'Authentication'[39m,
  message: [32m'Navigation attempt'[39m,
  data: { attempt: [33m2[39m, maxRetries: [33m3[39m }
}

[90mstdout[2m | __tests__/services/bot/browser_lifecycle.spec.ts[2m > [22m[2mBrowser Lifecycle Management[2m > [22m[2mshould handle concurrent automation attempts gracefully
[22m[39m11:34:23.797 > {
  component: [32m'Authentication'[39m,
  message: [32m'Navigating to base URL'[39m,
  data: {
    baseUrl: [32m'https://test.forms.smartsheet.com/test'[39m,
    timeoutMs: [33m10000[39m
  }
}

[90mstdout[2m | __tests__/services/bot/browser_lifecycle.spec.ts[2m > [22m[2mBrowser Lifecycle Management[2m > [22m[2mshould handle concurrent automation attempts gracefully
[22m[39m11:34:23.803 > {
  component: [32m'Authentication'[39m,
  message: [32m'Navigating to base URL'[39m,
  data: {
    baseUrl: [32m'https://test.forms.smartsheet.com/test'[39m,
    timeoutMs: [33m10000[39m
  }
}

[90mstderr[2m | __tests__/services/bot/browser_lifecycle.spec.ts[2m > 
[22m[2mBrowser Lifecycle Management[2m > [22m[2mshould handle concurrent 
automation attempts gracefully
[22m[39m11:34:23.811 > {
  component: [32m'Authentication'[39m,
  message: [32m'Navigation attempt failed'[39m,
  data: {
    attempt: [33m2[39m,
    error: [32m'Error: page.goto: net::ERR_NAME_NOT_RESOLVED at 
https://test.forms.smartsheet.com/test\n'[39m +
      [32m'Call log:\n'[39m +
      [32m'\x1B[2m  - navigating to "https://test.forms.smartsheet.com/test", 
waiting until "load"\x1B[22m\n'[39m
  }
}

[90mstderr[2m | __tests__/services/bot/browser_lifecycle.spec.ts[2m > 
[22m[2mBrowser Lifecycle Management[2m > [22m[2mshould handle concurrent 
automation attempts gracefully
[22m[39m11:34:23.827 > {
  component: [32m'Authentication'[39m,
  message: [32m'Navigation attempt failed'[39m,
  data: {
    attempt: [33m2[39m,
    error: [32m'Error: page.goto: net::ERR_NAME_NOT_RESOLVED at 
https://test.forms.smartsheet.com/test\n'[39m +
      [32m'Call log:\n'[39m +
      [32m'\x1B[2m  - navigating to "https://test.forms.smartsheet.com/test", 
waiting until "load"\x1B[22m\n'[39m
  }
}

[90mstdout[2m | __tests__/services/bot/browser_lifecycle.spec.ts[2m > [22m[2mBrowser Lifecycle Management[2m > [22m[2mshould handle concurrent automation attempts gracefully
[22m[39m11:34:23.989 > {
  component: [32m'Authentication'[39m,
  message: [32m'Navigation attempt'[39m,
  data: { attempt: [33m3[39m, maxRetries: [33m3[39m }
}

[90mstdout[2m | __tests__/services/bot/browser_lifecycle.spec.ts[2m > [22m[2mBrowser Lifecycle Management[2m > [22m[2mshould handle concurrent automation attempts gracefully
[22m[39m11:34:23.994 > {
  component: [32m'Authentication'[39m,
  message: [32m'Navigation attempt'[39m,
  data: { attempt: [33m3[39m, maxRetries: [33m3[39m }
}

[90mstdout[2m | __tests__/services/bot/browser_lifecycle.spec.ts[2m > [22m[2mBrowser Lifecycle Management[2m > [22m[2mshould handle concurrent automation attempts gracefully
[22m[39m11:34:24.104 > {
  component: [32m'Authentication'[39m,
  message: [32m'Navigating to base URL'[39m,
  data: {
    baseUrl: [32m'https://test.forms.smartsheet.com/test'[39m,
    timeoutMs: [33m10000[39m
  }
}

[90mstdout[2m | __tests__/services/bot/browser_lifecycle.spec.ts[2m > [22m[2mBrowser Lifecycle Management[2m > [22m[2mshould handle concurrent automation attempts gracefully
[22m[39m11:34:24.107 > {
  component: [32m'Authentication'[39m,
  message: [32m'Navigating to base URL'[39m,
  data: {
    baseUrl: [32m'https://test.forms.smartsheet.com/test'[39m,
    timeoutMs: [33m10000[39m
  }
}

[90mstderr[2m | __tests__/services/bot/browser_lifecycle.spec.ts[2m > 
[22m[2mBrowser Lifecycle Management[2m > [22m[2mshould handle concurrent 
automation attempts gracefully
[22m[39m11:34:24.119 > {
  component: [32m'Authentication'[39m,
  message: [32m'Navigation attempt failed'[39m,
  data: {
    attempt: [33m3[39m,
    error: [32m'Error: page.goto: net::ERR_ABORTED at 
https://test.forms.smartsheet.com/test\n'[39m +
      [32m'Call log:\n'[39m +
      [32m'\x1B[2m  - navigating to "https://test.forms.smartsheet.com/test", 
waiting until "load"\x1B[22m\n'[39m
  }
}
11:34:24.121 > {
  component: [32m'Authentication'[39m,
  message: [32m'All navigation attempts failed'[39m,
  data: {
    maxRetries: [33m3[39m,
    baseUrl: [32m'https://test.forms.smartsheet.com/test'[39m,
    error: [32m'Error: page.goto: net::ERR_ABORTED at 
https://test.forms.smartsheet.com/test\n'[39m +
      [32m'Call log:\n'[39m +
      [32m'\x1B[2m  - navigating to "https://test.forms.smartsheet.com/test", 
waiting until "load"\x1B[22m\n'[39m
  }
}

[90mstderr[2m | __tests__/services/bot/browser_lifecycle.spec.ts[2m > 
[22m[2mBrowser Lifecycle Management[2m > [22m[2mshould handle concurrent 
automation attempts gracefully
[22m[39m11:34:24.129 > {
  component: [32m'Authentication'[39m,
  message: [32m'Navigation attempt failed'[39m,
  data: {
    attempt: [33m3[39m,
    error: [32m'Error: page.goto: net::ERR_NAME_NOT_RESOLVED at 
https://test.forms.smartsheet.com/test\n'[39m +
      [32m'Call log:\n'[39m +
      [32m'\x1B[2m  - navigating to "https://test.forms.smartsheet.com/test", 
waiting until "load"\x1B[22m\n'[39m
  }
}
11:34:24.134 > {
  component: [32m'Authentication'[39m,
  message: [32m'All navigation attempts failed'[39m,
  data: {
    maxRetries: [33m3[39m,
    baseUrl: [32m'https://test.forms.smartsheet.com/test'[39m,
    error: [32m'Error: page.goto: net::ERR_NAME_NOT_RESOLVED at 
https://test.forms.smartsheet.com/test\n'[39m +
      [32m'Call log:\n'[39m +
      [32m'\x1B[2m  - navigating to "https://test.forms.smartsheet.com/test", 
waiting until "load"\x1B[22m\n'[39m
  }
}

[90mstdout[2m | __tests__/services/bot/browser_lifecycle.spec.ts[2m > [22m[2mBrowser Lifecycle Management[2m > [22m[2mshould handle concurrent automation attempts gracefully
[22m[39m11:34:24.137 > { component: [32m'Bot'[39m, message: [32m'Closing browser'[39m }

[90mstdout[2m | __tests__/services/bot/bot_orchestation.spec.ts[2m > [22m[2mBotOrchestrator small logic[2m > [22m[2mshould return error when run_automation is called without start()
[22m[39m11:34:24.179 > {
  component: [32m'Bot'[39m,
  message: [32m'Starting automation workflow'[39m,
  data: { totalRows: [33m1[39m, email: [32m'test@example.com'[39m }
}
11:34:24.191 > { component: [32m'Bot'[39m, message: [32m'Logging in'[39m, data: { progress: [33m10[39m } }
11:34:24.194 > {
  component: [32m'Authentication'[39m,
  operation: [32m'login-flow'[39m,
  message: [32m'Operation started: login-flow'[39m
}
11:34:24.198 > {
  component: [32m'Authentication'[39m,
  message: [32m'Starting login process'[39m,
  data: {
    email: [32m'test@example.com'[39m,
    baseUrl: [32m'https://test.forms.smartsheet.com/test'[39m
  }
}
11:34:24.202 > {
  component: [32m'Authentication'[39m,
  message: [32m'Navigation attempt'[39m,
  data: { attempt: [33m1[39m, maxRetries: [33m3[39m }
}

[90mstderr[2m | __tests__/services/bot/bot_orchestation.spec.ts[2m > 
[22m[2mBotOrchestrator small logic[2m > [22m[2mshould return error when 
run_automation is called without start()
[22m[39m11:34:24.204 > {
  component: [32m'Authentication'[39m,
  message: [32m'Navigation attempt failed'[39m,
  data: {
    attempt: [33m1[39m,
    error: [32m'Error: Page is not available; call start() first'[39m
  }
}

[90mstdout[2m | __tests__/services/bot/browser_lifecycle.spec.ts[2m > [22m[2mBrowser Lifecycle Management[2m > [22m[2mshould handle concurrent automation attempts gracefully
[22m[39m11:34:24.245 > { component: [32m'Bot'[39m, message: [32m'Browser closed successfully'[39m }

[90mstdout[2m | __tests__/services/bot/browser_lifecycle.spec.ts[2m > [22m[2mBrowser Lifecycle Management[2m > [22m[2mshould handle concurrent automation attempts gracefully
[22m[39m11:34:24.246 > { component: [32m'Bot'[39m, message: [32m'Closing browser'[39m }

[90mstdout[2m | __tests__/services/bot/browser_lifecycle.spec.ts[2m > [22m[2mBrowser Lifecycle Management[2m > [22m[2mshould handle concurrent automation attempts gracefully
[22m[39m11:34:24.248 > { component: [32m'Bot'[39m, message: [32m'Browser closed successfully'[39m }

[90mstdout[2m | __tests__/services/bot/browser_lifecycle.spec.ts[2m > [22m[2mBrowser Lifecycle Management[2m > [22m[2mshould handle headless mode configuration correctly
[22m[39m11:34:24.253 > {
  component: [32m'Bot'[39m,
  operation: [32m'browser-startup'[39m,
  message: [32m'Operation started: browser-startup'[39m
}
11:34:24.257 > {
  component: [32m'Bot'[39m,
  message: [32m'Starting browser'[39m,
  data: { browserKind: [32m'chromium'[39m, headless: [33mtrue[39m }
}
11:34:24.263 > {
  component: [32m'Bot'[39m,
  message: [32m'Launching browser'[39m,
  data: { browserKind: [32m'chromium'[39m }
}
11:34:24.265 > {
  component: [32m'Bot'[39m,
  message: [32m'Browser launch options'[39m,
  data: { headless: [33mtrue[39m }
}

[90mstdout[2m | __tests__/services/bot/bot_orchestation.spec.ts[2m > [22m[2mBotOrchestrator small logic[2m > [22m[2mshould work when start() is called before run_automation()
[22m[39m11:34:24.211 > {
  component: [32m'Bot'[39m,
  operation: [32m'browser-startup'[39m,
  message: [32m'Operation started: browser-startup'[39m
}
11:34:24.213 > {
  component: [32m'Bot'[39m,
  message: [32m'Starting browser'[39m,
  data: { browserKind: [32m'chromium'[39m, headless: [33mtrue[39m }
}
11:34:24.216 > {
  component: [32m'Bot'[39m,
  message: [32m'Launching browser'[39m,
  data: { browserKind: [32m'chromium'[39m }
}
11:34:24.219 > {
  component: [32m'Bot'[39m,
  message: [32m'Browser launch options'[39m,
  data: { headless: [33mtrue[39m }
}

[90mstdout[2m | __tests__/services/bot/browser_lifecycle.spec.ts[2m > [22m[2mBrowser Lifecycle Management[2m > [22m[2mshould handle headless mode configuration correctly
[22m[39m11:34:24.596 > { component: [32m'Bot'[39m, message: [32m'Browser launched successfully'[39m }

[90mstdout[2m | __tests__/services/bot/bot_orchestation.spec.ts[2m > [22m[2mBotOrchestrator small logic[2m > [22m[2mshould work when start() is called before run_automation()
[22m[39m11:34:24.614 > { component: [32m'Bot'[39m, message: [32m'Browser launched successfully'[39m }

[90mstdout[2m | __tests__/services/bot/browser_lifecycle.spec.ts[2m > [22m[2mBrowser Lifecycle Management[2m > [22m[2mshould handle headless mode configuration correctly
[22m[39m11:34:25.023 > { component: [32m'Bot'[39m, message: [32m'Browser started successfully'[39m }
11:34:25.026 > {
  component: [32m'Bot'[39m,
  operation: [32m'browser-startup'[39m,
  message: [32m'Operation completed: browser-startup'[39m,
  data: { durationMs: [33m772[39m }
}

[90mstdout[2m | __tests__/services/bot/browser_lifecycle.spec.ts[2m > [22m[2mBrowser Lifecycle Management[2m > [22m[2mshould handle headless mode configuration correctly
[22m[39m11:34:25.028 > { component: [32m'Bot'[39m, message: [32m'Closing browser'[39m }

[90mstdout[2m | __tests__/services/bot/bot_orchestation.spec.ts[2m > [22m[2mBotOrchestrator small logic[2m > [22m[2mshould work when start() is called before run_automation()
[22m[39m11:34:25.068 > { component: [32m'Bot'[39m, message: [32m'Browser started successfully'[39m }
11:34:25.071 > {
  component: [32m'Bot'[39m,
  operation: [32m'browser-startup'[39m,
  message: [32m'Operation completed: browser-startup'[39m,
  data: { durationMs: [33m860[39m }
}

[90mstdout[2m | __tests__/services/bot/bot_orchestation.spec.ts[2m > [22m[2mBotOrchestrator small logic[2m > [22m[2mshould work when start() is called before run_automation()
[22m[39m11:34:25.072 > {
  component: [32m'Bot'[39m,
  message: [32m'Starting automation workflow'[39m,
  data: { totalRows: [33m1[39m, email: [32m'test@example.com'[39m }
}
11:34:25.075 > { component: [32m'Bot'[39m, message: [32m'Logging in'[39m, data: { progress: [33m10[39m } }
11:34:25.076 > {
  component: [32m'Authentication'[39m,
  operation: [32m'login-flow'[39m,
  message: [32m'Operation started: login-flow'[39m
}
11:34:25.078 > {
  component: [32m'Authentication'[39m,
  message: [32m'Starting login process'[39m,
  data: {
    email: [32m'test@example.com'[39m,
    baseUrl: [32m'https://test.forms.smartsheet.com/test'[39m
  }
}
11:34:25.079 > {
  component: [32m'Authentication'[39m,
  message: [32m'Navigation attempt'[39m,
  data: { attempt: [33m1[39m, maxRetries: [33m3[39m }
}

[90mstdout[2m | __tests__/services/bot/browser_lifecycle.spec.ts[2m > [22m[2mBrowser Lifecycle Management[2m > [22m[2mshould handle headless mode configuration correctly
[22m[39m11:34:25.137 > { component: [32m'Bot'[39m, message: [32m'Browser closed successfully'[39m }

[90mstdout[2m | __tests__/services/bot/browser_lifecycle.spec.ts[2m > [22m[2mBrowser Lifecycle Management[2m > [22m[2mshould handle headless mode configuration correctly
[22m[39m11:34:25.139 > {
  component: [32m'Bot'[39m,
  operation: [32m'browser-startup'[39m,
  message: [32m'Operation started: browser-startup'[39m
}
11:34:25.142 > {
  component: [32m'Bot'[39m,
  message: [32m'Starting browser'[39m,
  data: { browserKind: [32m'chromium'[39m, headless: [33mfalse[39m }
}
11:34:25.144 > {
  component: [32m'Bot'[39m,
  message: [32m'Launching browser'[39m,
  data: { browserKind: [32m'chromium'[39m }
}
11:34:25.146 > {
  component: [32m'Bot'[39m,
  message: [32m'Browser launch options'[39m,
  data: { headless: [33mfalse[39m }
}

[90mstdout[2m | __tests__/smoke/critical-paths.spec.ts[2m > [22m[2mCritical Path Smoke Tests[2m > [22m[2mApplication Initialization[2m > [22m[2mshould register IPC handlers successfully
[22m[39mDefault plugins registered successfully
Active plugins: { data: [32m'sqlite'[39m, credentials: [32m'sqlite'[39m, submission: [32m'playwright'[39m }

 [32mΓ£ô[39m __tests__/smoke/critical-paths.spec.ts [2m([22m[2m19 tests[22m[2m)[22m[33m 2574[2mms[22m[39m
   [33m[2mΓ£ô[22m[39m Critical Path Smoke Tests[2m > [22mApplication Initialization[2m > [22mshould register IPC handlers successfully [33m 2548[2mms[22m[39m
[90mstdout[2m | __tests__/services/bot/bot_orchestation.spec.ts[2m > [22m[2mBotOrchestrator small logic[2m > [22m[2mshould work when start() is called before run_automation()
[22m[39m11:34:25.295 > {
  component: [32m'Authentication'[39m,
  message: [32m'Navigating to base URL'[39m,
  data: {
    baseUrl: [32m'https://test.forms.smartsheet.com/test'[39m,
    timeoutMs: [33m10000[39m
  }
}

[90mstderr[2m | __tests__/services/bot/bot_orchestation.spec.ts[2m > 
[22m[2mBotOrchestrator small logic[2m > [22m[2mshould work when start() 
is called before run_automation()
[22m[39m11:34:25.359 > {
  component: [32m'Authentication'[39m,
  message: [32m'Navigation attempt failed'[39m,
  data: {
    attempt: [33m1[39m,
    error: [32m'Error: page.goto: net::ERR_NAME_NOT_RESOLVED at 
https://test.forms.smartsheet.com/test\n'[39m +
      [32m'Call log:\n'[39m +
      [32m'\x1B[2m  - navigating to "https://test.forms.smartsheet.com/test", 
waiting until "load"\x1B[22m\n'[39m
  }
}

[90mstdout[2m | __tests__/services/bot/bot_orchestation.spec.ts[2m > [22m[2mBotOrchestrator small logic[2m > [22m[2mshould work when start() is called before run_automation()
[22m[39m11:34:25.663 > {
  component: [32m'Authentication'[39m,
  message: [32m'Navigation attempt'[39m,
  data: { attempt: [33m2[39m, maxRetries: [33m3[39m }
}

[90mstdout[2m | __tests__/services/bot/bot_orchestation.spec.ts[2m > [22m[2mBotOrchestrator small logic[2m > [22m[2mshould work when start() is called before run_automation()
[22m[39m11:34:25.761 > {
  component: [32m'Authentication'[39m,
  message: [32m'Navigating to base URL'[39m,
  data: {
    baseUrl: [32m'https://test.forms.smartsheet.com/test'[39m,
    timeoutMs: [33m10000[39m
  }
}

[90mstderr[2m | __tests__/services/bot/bot_orchestation.spec.ts[2m > 
[22m[2mBotOrchestrator small logic[2m > [22m[2mshould work when start() 
is called before run_automation()
[22m[39m11:34:25.778 > {
  component: [32m'Authentication'[39m,
  message: [32m'Navigation attempt failed'[39m,
  data: {
    attempt: [33m2[39m,
    error: [32m'Error: page.goto: net::ERR_NAME_NOT_RESOLVED at 
https://test.forms.smartsheet.com/test\n'[39m +
      [32m'Call log:\n'[39m +
      [32m'\x1B[2m  - navigating to "https://test.forms.smartsheet.com/test", 
waiting until "load"\x1B[22m\n'[39m
  }
}

[90mstdout[2m | __tests__/services/bot/browser_lifecycle.spec.ts[2m > [22m[2mBrowser Lifecycle Management[2m > [22m[2mshould handle headless mode configuration correctly
[22m[39m11:34:25.815 > { component: [32m'Bot'[39m, message: [32m'Browser launched successfully'[39m }

[90mstdout[2m | __tests__/services/bot/bot_orchestation.spec.ts[2m > [22m[2mBotOrchestrator small logic[2m > [22m[2mshould work when start() is called before run_automation()
[22m[39m11:34:25.944 > {
  component: [32m'Authentication'[39m,
  message: [32m'Navigation attempt'[39m,
  data: { attempt: [33m3[39m, maxRetries: [33m3[39m }
}

[90mstdout[2m | __tests__/services/bot/bot_orchestation.spec.ts[2m > [22m[2mBotOrchestrator small logic[2m > [22m[2mshould work when start() is called before run_automation()
[22m[39m11:34:26.068 > {
  component: [32m'Authentication'[39m,
  message: [32m'Navigating to base URL'[39m,
  data: {
    baseUrl: [32m'https://test.forms.smartsheet.com/test'[39m,
    timeoutMs: [33m10000[39m
  }
}

[90mstderr[2m | __tests__/services/bot/bot_orchestation.spec.ts[2m > 
[22m[2mBotOrchestrator small logic[2m > [22m[2mshould work when start() 
is called before run_automation()
[22m[39m11:34:26.159 > {
  component: [32m'Authentication'[39m,
  message: [32m'Navigation attempt failed'[39m,
  data: {
    attempt: [33m3[39m,
    error: [32m'Error: page.goto: net::ERR_NAME_NOT_RESOLVED at 
https://test.forms.smartsheet.com/test\n'[39m +
      [32m'Call log:\n'[39m +
      [32m'\x1B[2m  - navigating to "https://test.forms.smartsheet.com/test", 
waiting until "load"\x1B[22m\n'[39m
  }
}
11:34:26.167 > {
  component: [32m'Authentication'[39m,
  message: [32m'All navigation attempts failed'[39m,
  data: {
    maxRetries: [33m3[39m,
    baseUrl: [32m'https://test.forms.smartsheet.com/test'[39m,
    error: [32m'Error: page.goto: net::ERR_NAME_NOT_RESOLVED at 
https://test.forms.smartsheet.com/test\n'[39m +
      [32m'Call log:\n'[39m +
      [32m'\x1B[2m  - navigating to "https://test.forms.smartsheet.com/test", 
waiting until "load"\x1B[22m\n'[39m
  }
}

[90mstdout[2m | __tests__/services/bot/bot_orchestation.spec.ts[2m > [22m[2mBotOrchestrator small logic[2m > [22m[2mshould work when start() is called before run_automation()
[22m[39m11:34:26.178 > { component: [32m'Bot'[39m, message: [32m'Closing browser'[39m }

[90mstdout[2m | __tests__/services/bot/browser_lifecycle.spec.ts[2m > [22m[2mBrowser Lifecycle Management[2m > [22m[2mshould handle headless mode configuration correctly
[22m[39m11:34:26.976 > { component: [32m'Bot'[39m, message: [32m'Browser started successfully'[39m }
11:34:26.978 > {
  component: [32m'Bot'[39m,
  operation: [32m'browser-startup'[39m,
  message: [32m'Operation completed: browser-startup'[39m,
  data: { durationMs: [33m1839[39m }
}

[90mstdout[2m | __tests__/services/bot/browser_lifecycle.spec.ts[2m > [22m[2mBrowser Lifecycle Management[2m > [22m[2mshould handle headless mode configuration correctly
[22m[39m11:34:26.983 > { component: [32m'Bot'[39m, message: [32m'Closing browser'[39m }

[90mstdout[2m | __tests__/services/bot/bot_orchestation.spec.ts[2m > [22m[2mBotOrchestrator small logic[2m > [22m[2mshould work when start() is called before run_automation()
[22m[39m11:34:27.213 > { component: [32m'Bot'[39m, message: [32m'Browser closed successfully'[39m }

 [32mΓ£ô[39m __tests__/services/bot/bot_orchestation.spec.ts [2m([22m[2m4 tests[22m[2m)[22m[33m 3043[2mms[22m[39m
   [33m[2mΓ£ô[22m[39m BotOrchestrator small logic[2m > [22mshould work when start() is called before run_automation() [33m 3006[2mms[22m[39m
[90mstdout[2m | __tests__/services/bot/browser_lifecycle.spec.ts[2m > [22m[2mBrowser Lifecycle Management[2m > [22m[2mshould handle headless mode configuration correctly
[22m[39m11:34:27.847 > { component: [32m'Bot'[39m, message: [32m'Browser closed successfully'[39m }

[90mstdout[2m | __tests__/services/bot/browser_lifecycle.spec.ts[2m > [22m[2mBrowser Lifecycle Management[2m > [22m[2mshould handle headless mode configuration correctly
[22m[39m11:34:27.850 > { component: [32m'Bot'[39m, message: [32m'Closing browser'[39m }

[90mstdout[2m | __tests__/services/bot/browser_lifecycle.spec.ts[2m > [22m[2mBrowser Lifecycle Management[2m > [22m[2mshould handle headless mode configuration correctly
[22m[39m11:34:27.852 > { component: [32m'Bot'[39m, message: [32m'Browser closed successfully'[39m }

 [32mΓ£ô[39m __tests__/services/bot/browser_lifecycle.spec.ts [2m([22m[2m8 tests[22m[2m | [22m[33m1 skipped[39m[2m)[22m[33m 11953[2mms[22m[39m
   [33m[2mΓ£ô[22m[39m Browser Lifecycle Management[2m > [22mshould allow start() to be called multiple times safely [33m 1570[2mms[22m[39m
   [33m[2mΓ£ô[22m[39m Browser Lifecycle Management[2m > [22mshould allow close() to be called multiple times safely [33m 1126[2mms[22m[39m
   [33m[2mΓ£ô[22m[39m Browser Lifecycle Management[2m > [22mshould prevent operations after close() [33m 775[2mms[22m[39m
   [33m[2mΓ£ô[22m[39m Browser Lifecycle Management[2m > [22mshould properly cleanup resources on automation error [33m 3038[2mms[22m[39m
   [33m[2mΓ£ô[22m[39m Browser Lifecycle Management[2m > [22mshould handle concurrent automation attempts gracefully [33m 1825[2mms[22m[39m
   [33m[2mΓ£ô[22m[39m Browser Lifecycle Management[2m > [22mshould handle headless mode configuration correctly [33m 3601[2mms[22m[39m
 [32mΓ£ô[39m __tests__/contracts/database-schema.spec.ts [2m([22m[2m21 tests[22m[2m)[22m[33m 470[2mms[22m[39m
   [33m[2mΓ£ô[22m[39m Database Schema Contract Validation[2m > [22mPerformance Constraints[2m > [22mshould handle large datasets efficiently [33m 435[2mms[22m[39m
 [32mΓ£ô[39m __tests__/renderer/EnhancedComponentTests.spec.tsx [2m([22m[2m17 tests[22m[2m)[22m[32m 149[2mms[22m[39m
[90mstdout[2m | __tests__/renderer/TimesheetGrid.spec.tsx[2m > [22m[2mTimesheetGrid Row Deletion Functionality[2m > [22m[2mshould handle row deletion with valid ID
[22m[39mSuccessfully deleted draft row: [33m1[39m

[90mstdout[2m | __tests__/renderer/TimesheetGrid.spec.tsx[2m > [22m[2mTimesheetGrid Row Deletion Functionality[2m > [22m[2mshould handle multiple row deletions
[22m[39mSuccessfully deleted draft row: [33m1[39m

[90mstdout[2m | __tests__/renderer/TimesheetGrid.spec.tsx[2m > [22m[2mTimesheetGrid Row Deletion Functionality[2m > [22m[2mshould handle multiple row deletions
[22m[39mSuccessfully deleted draft row: [33m2[39m

[90mstderr[2m | __tests__/renderer/TimesheetGrid.spec.tsx[2m > 
[22m[2mTimesheetGrid Row Deletion Functionality[2m > [22m[2mshould skip 
rows without IDs
[22m[39mFailed to delete draft row: [90mundefined[39m

 [32mΓ£ô[39m __tests__/renderer/TimesheetGrid.spec.tsx [2m([22m[2m62 tests[22m[2m)[22m[32m 60[2mms[22m[39m
[90mstdout[2m | __tests__/services/bot/orchestrator_submit_retry.spec.ts[2m > [22m[2mBotOrchestrator submit retry behavior (one retry only)[2m > [22m[2msucceeds when first submit fails and second succeeds (one retry)
[22m[39m11:34:34.250 > {
  component: [32m'Bot'[39m,
  message: [32m'Starting automation workflow'[39m,
  data: { totalRows: [33m1[39m, email: [32m'user@test'[39m }
}
11:34:34.268 > { component: [32m'Bot'[39m, message: [32m'Logging in'[39m, data: { progress: [33m10[39m } }

[90mstdout[2m | __tests__/services/bot/orchestrator_submit_retry.spec.ts[2m > [22m[2mBotOrchestrator submit retry behavior (one retry only)[2m > [22m[2msucceeds when first submit fails and second succeeds (one retry)
[22m[39m11:34:34.273 > { component: [32m'Bot'[39m, message: [32m'Login complete'[39m, data: { progress: [33m20[39m } }
11:34:34.276 > {
  component: [32m'Bot'[39m,
  message: [32m'Processing rows'[39m,
  data: { totalRows: [33m1[39m, statusColumn: [32m'Status'[39m, completeValue: [32m'Complete'[39m }
}
11:34:34.280 > {
  component: [32m'Bot'[39m,
  message: [32m'Processing row'[39m,
  data: { rowIndex: [33m1[39m, totalRows: [33m1[39m, progress: [33m80[39m }
}

[90mstdout[2m | __tests__/services/bot/orchestrator_submit_retry.spec.ts[2m > [22m[2mBotOrchestrator submit retry behavior (one retry only)[2m > [22m[2msucceeds when first submit fails and second succeeds (one retry)
[22m[39m11:34:34.283 > {
  component: [32m'Bot'[39m,
  message: [32m'Filling form fields'[39m,
  data: { rowIndex: [33m0[39m }
}
11:34:34.286 > {
  component: [32m'Bot'[39m,
  message: [32m'Processing fields for form filling'[39m,
  data: {
    fieldCount: [33m4[39m,
    fields: {
      project_code: [32m'OSC-BBB'[39m,
      date: [32m'07/15/2025'[39m,
      hours: [33m1[39m,
      task_description: [32m'Test task'[39m
    }
  }
}
11:34:34.288 > {
  component: [32m'Bot'[39m,
  message: [32m'Processing field'[39m,
  data: { fieldKey: [32m'project_code'[39m, value: [32m'OSC-BBB'[39m }
}
11:34:34.292 > {
  component: [32m'Bot'[39m,
  message: [32m'Field specification'[39m,
  data: {
    fieldKey: [32m'project_code'[39m,
    label: [32m'Project'[39m,
    type: [32m'text'[39m,
    locator: [32m"input[aria-label='Project']"[39m
  }
}
11:34:34.294 > {
  component: [32m'Bot'[39m,
  message: [32m'Injecting field value'[39m,
  data: { fieldKey: [32m'project_code'[39m, value: [32m'OSC-BBB'[39m }
}

[90mstdout[2m | __tests__/services/bot/orchestrator_submit_retry.spec.ts[2m > [22m[2mBotOrchestrator submit retry behavior (one retry only)[2m > [22m[2msucceeds when first submit fails and second succeeds (one retry)
[22m[39m11:34:34.298 > {
  component: [32m'Bot'[39m,
  message: [32m'Processing field'[39m,
  data: { fieldKey: [32m'date'[39m, value: [32m'07/15/2025'[39m }
}
11:34:34.299 > {
  component: [32m'Bot'[39m,
  message: [32m'Field specification'[39m,
  data: {
    fieldKey: [32m'date'[39m,
    label: [32m'Date'[39m,
    type: [32m'text'[39m,
    locator: [32m"input[placeholder='mm/dd/yyyy']"[39m
  }
}
11:34:34.301 > {
  component: [32m'Bot'[39m,
  message: [32m'Injecting field value'[39m,
  data: { fieldKey: [32m'date'[39m, value: [32m'07/15/2025'[39m }
}

[90mstdout[2m | __tests__/services/bot/orchestrator_submit_retry.spec.ts[2m > [22m[2mBotOrchestrator submit retry behavior (one retry only)[2m > [22m[2msucceeds when first submit fails and second succeeds (one retry)
[22m[39m11:34:34.303 > {
  component: [32m'Bot'[39m,
  message: [32m'Processing field'[39m,
  data: { fieldKey: [32m'hours'[39m, value: [33m1[39m }
}
11:34:34.307 > {
  component: [32m'Bot'[39m,
  message: [32m'Field specification'[39m,
  data: {
    fieldKey: [32m'hours'[39m,
    label: [32m'Hours'[39m,
    type: [32m'text'[39m,
    locator: [32m"input[aria-label='Hours']"[39m
  }
}
11:34:34.309 > {
  component: [32m'Bot'[39m,
  message: [32m'Injecting field value'[39m,
  data: { fieldKey: [32m'hours'[39m, value: [32m'1'[39m }
}

[90mstdout[2m | __tests__/services/bot/orchestrator_submit_retry.spec.ts[2m > [22m[2mBotOrchestrator submit retry behavior (one retry only)[2m > [22m[2msucceeds when first submit fails and second succeeds (one retry)
[22m[39m11:34:34.311 > {
  component: [32m'Bot'[39m,
  message: [32m'Processing field'[39m,
  data: { fieldKey: [32m'task_description'[39m, value: [32m'Test task'[39m }
}
11:34:34.315 > {
  component: [32m'Bot'[39m,
  message: [32m'Field specification'[39m,
  data: {
    fieldKey: [32m'task_description'[39m,
    label: [32m'Task Description'[39m,
    type: [32m'text'[39m,
    locator: [32m"role=textbox[name='Task Description']"[39m
  }
}
11:34:34.316 > {
  component: [32m'Bot'[39m,
  message: [32m'Injecting field value'[39m,
  data: { fieldKey: [32m'task_description'[39m, value: [32m'Test task'[39m }
}

[90mstdout[2m | __tests__/services/bot/orchestrator_submit_retry.spec.ts[2m > [22m[2mBotOrchestrator submit retry behavior (one retry only)[2m > [22m[2msucceeds when first submit fails and second succeeds (one retry)
[22m[39m11:34:34.319 > {
  component: [32m'Bot'[39m,
  message: [32m'Waiting for form to stabilize before submission'[39m,
  data: { rowIndex: [33m0[39m }
}

[90mstdout[2m | __tests__/services/bot/orchestrator_submit_retry.spec.ts[2m > [22m[2mBotOrchestrator submit retry behavior (one retry only)[2m > [22m[2msucceeds when first submit fails and second succeeds (one retry)
[22m[39m11:34:34.321 > {
  component: [32m'Bot'[39m,
  message: [32m'Submitting form'[39m,
  data: { rowIndex: [33m0[39m, attempt: [33m1[39m, maxRetries: [33m3[39m }
}

[90mstderr[2m | __tests__/services/bot/orchestrator_submit_retry.spec.ts[2m 
> [22m[2mBotOrchestrator submit retry behavior (one retry only)[2m > 
[22m[2msucceeds when first submit fails and second succeeds (one retry)
[22m[39m11:34:34.325 > {
  component: [32m'Bot'[39m,
  message: [32m'Submission attempt unsuccessful'[39m,
  data: { rowIndex: [33m0[39m, attempt: [33m1[39m, reason: [32m'No HTTP 
200 response'[39m }
}

[90mstdout[2m | __tests__/services/bot/orchestrator_submit_retry.spec.ts[2m > [22m[2mBotOrchestrator submit retry behavior (one retry only)[2m > [22m[2msucceeds when first submit fails and second succeeds (one retry)
[22m[39m11:34:34.327 > {
  component: [32m'Bot'[39m,
  message: [32m'Waiting for page to stabilize before retry'[39m,
  data: { rowIndex: [33m0[39m, retryDelay: [33m2[39m }
}

[90mstdout[2m | __tests__/services/bot/orchestrator_submit_retry.spec.ts[2m > [22m[2mBotOrchestrator submit retry behavior (one retry only)[2m > [22m[2msucceeds when first submit fails and second succeeds (one retry)
[22m[39m11:34:34.330 > {
  component: [32m'Bot'[39m,
  message: [32m'Re-filling form fields for retry attempt'[39m,
  data: { rowIndex: [33m0[39m }
}
11:34:34.332 > {
  component: [32m'Bot'[39m,
  message: [32m'Processing fields for form filling'[39m,
  data: {
    fieldCount: [33m4[39m,
    fields: {
      project_code: [32m'OSC-BBB'[39m,
      date: [32m'07/15/2025'[39m,
      hours: [33m1[39m,
      task_description: [32m'Test task'[39m
    }
  }
}
11:34:34.334 > {
  component: [32m'Bot'[39m,
  message: [32m'Processing field'[39m,
  data: { fieldKey: [32m'project_code'[39m, value: [32m'OSC-BBB'[39m }
}
11:34:34.336 > {
  component: [32m'Bot'[39m,
  message: [32m'Field specification'[39m,
  data: {
    fieldKey: [32m'project_code'[39m,
    label: [32m'Project'[39m,
    type: [32m'text'[39m,
    locator: [32m"input[aria-label='Project']"[39m
  }
}
11:34:34.338 > {
  component: [32m'Bot'[39m,
  message: [32m'Injecting field value'[39m,
  data: { fieldKey: [32m'project_code'[39m, value: [32m'OSC-BBB'[39m }
}

[90mstdout[2m | __tests__/services/bot/orchestrator_submit_retry.spec.ts[2m > [22m[2mBotOrchestrator submit retry behavior (one retry only)[2m > [22m[2msucceeds when first submit fails and second succeeds (one retry)
[22m[39m11:34:34.341 > {
  component: [32m'Bot'[39m,
  message: [32m'Processing field'[39m,
  data: { fieldKey: [32m'date'[39m, value: [32m'07/15/2025'[39m }
}
11:34:34.343 > {
  component: [32m'Bot'[39m,
  message: [32m'Field specification'[39m,
  data: {
    fieldKey: [32m'date'[39m,
    label: [32m'Date'[39m,
    type: [32m'text'[39m,
    locator: [32m"input[placeholder='mm/dd/yyyy']"[39m
  }
}
11:34:34.344 > {
  component: [32m'Bot'[39m,
  message: [32m'Injecting field value'[39m,
  data: { fieldKey: [32m'date'[39m, value: [32m'07/15/2025'[39m }
}

[90mstdout[2m | __tests__/services/bot/orchestrator_submit_retry.spec.ts[2m > [22m[2mBotOrchestrator submit retry behavior (one retry only)[2m > [22m[2msucceeds when first submit fails and second succeeds (one retry)
[22m[39m11:34:34.347 > {
  component: [32m'Bot'[39m,
  message: [32m'Processing field'[39m,
  data: { fieldKey: [32m'hours'[39m, value: [33m1[39m }
}
11:34:34.349 > {
  component: [32m'Bot'[39m,
  message: [32m'Field specification'[39m,
  data: {
    fieldKey: [32m'hours'[39m,
    label: [32m'Hours'[39m,
    type: [32m'text'[39m,
    locator: [32m"input[aria-label='Hours']"[39m
  }
}
11:34:34.351 > {
  component: [32m'Bot'[39m,
  message: [32m'Injecting field value'[39m,
  data: { fieldKey: [32m'hours'[39m, value: [32m'1'[39m }
}

[90mstdout[2m | __tests__/services/bot/orchestrator_submit_retry.spec.ts[2m > [22m[2mBotOrchestrator submit retry behavior (one retry only)[2m > [22m[2msucceeds when first submit fails and second succeeds (one retry)
[22m[39m11:34:34.358 > {
  component: [32m'Bot'[39m,
  message: [32m'Processing field'[39m,
  data: { fieldKey: [32m'task_description'[39m, value: [32m'Test task'[39m }
}
11:34:34.359 > {
  component: [32m'Bot'[39m,
  message: [32m'Field specification'[39m,
  data: {
    fieldKey: [32m'task_description'[39m,
    label: [32m'Task Description'[39m,
    type: [32m'text'[39m,
    locator: [32m"role=textbox[name='Task Description']"[39m
  }
}
11:34:34.361 > {
  component: [32m'Bot'[39m,
  message: [32m'Injecting field value'[39m,
  data: { fieldKey: [32m'task_description'[39m, value: [32m'Test task'[39m }
}

[90mstdout[2m | __tests__/services/bot/orchestrator_submit_retry.spec.ts[2m > [22m[2mBotOrchestrator submit retry behavior (one retry only)[2m > [22m[2msucceeds when first submit fails and second succeeds (one retry)
[22m[39m11:34:34.364 > {
  component: [32m'Bot'[39m,
  message: [32m'Submitting form'[39m,
  data: { rowIndex: [33m0[39m, attempt: [33m2[39m, maxRetries: [33m3[39m }
}

[90mstdout[2m | __tests__/services/bot/orchestrator_submit_retry.spec.ts[2m > [22m[2mBotOrchestrator submit retry behavior (one retry only)[2m > [22m[2msucceeds when first submit fails and second succeeds (one retry)
[22m[39m11:34:34.367 > {
  component: [32m'Bot'[39m,
  message: [32m'Row submitted successfully'[39m,
  data: { rowIndex: [33m0[39m, httpStatus: [33m200[39m }
}
11:34:34.369 > {
  component: [32m'Bot'[39m,
  message: [32m'Row completed successfully'[39m,
  data: { rowIndex: [33m0[39m }
}
11:34:34.371 > {
  component: [32m'Bot'[39m,
  message: [32m'Automation workflow completed'[39m,
  data: {
    totalRows: [33m1[39m,
    successCount: [33m1[39m,
    failureCount: [33m0[39m,
    successRate: [32m'100.0%'[39m
  }
}

[90mstdout[2m | __tests__/services/bot/orchestrator_submit_retry.spec.ts[2m > [22m[2mBotOrchestrator submit retry behavior (one retry only)[2m > [22m[2mfails when both first and retry submissions fail
[22m[39m11:34:34.381 > {
  component: [32m'Bot'[39m,
  message: [32m'Starting automation workflow'[39m,
  data: { totalRows: [33m1[39m, email: [32m'user@test'[39m }
}
11:34:34.383 > { component: [32m'Bot'[39m, message: [32m'Logging in'[39m, data: { progress: [33m10[39m } }

[90mstdout[2m | __tests__/services/bot/orchestrator_submit_retry.spec.ts[2m > [22m[2mBotOrchestrator submit retry behavior (one retry only)[2m > [22m[2mfails when both first and retry submissions fail
[22m[39m11:34:34.384 > { component: [32m'Bot'[39m, message: [32m'Login complete'[39m, data: { progress: [33m20[39m } }
11:34:34.386 > {
  component: [32m'Bot'[39m,
  message: [32m'Processing rows'[39m,
  data: { totalRows: [33m1[39m, statusColumn: [32m'Status'[39m, completeValue: [32m'Complete'[39m }
}
11:34:34.387 > {
  component: [32m'Bot'[39m,
  message: [32m'Processing row'[39m,
  data: { rowIndex: [33m1[39m, totalRows: [33m1[39m, progress: [33m80[39m }
}

[90mstdout[2m | __tests__/services/bot/orchestrator_submit_retry.spec.ts[2m > [22m[2mBotOrchestrator submit retry behavior (one retry only)[2m > [22m[2mfails when both first and retry submissions fail
[22m[39m11:34:34.393 > {
  component: [32m'Bot'[39m,
  message: [32m'Filling form fields'[39m,
  data: { rowIndex: [33m0[39m }
}
11:34:34.395 > {
  component: [32m'Bot'[39m,
  message: [32m'Processing fields for form filling'[39m,
  data: {
    fieldCount: [33m4[39m,
    fields: {
      project_code: [32m'OSC-BBB'[39m,
      date: [32m'07/15/2025'[39m,
      hours: [33m1[39m,
      task_description: [32m'Test task'[39m
    }
  }
}
11:34:34.397 > {
  component: [32m'Bot'[39m,
  message: [32m'Processing field'[39m,
  data: { fieldKey: [32m'project_code'[39m, value: [32m'OSC-BBB'[39m }
}
11:34:34.399 > {
  component: [32m'Bot'[39m,
  message: [32m'Field specification'[39m,
  data: {
    fieldKey: [32m'project_code'[39m,
    label: [32m'Project'[39m,
    type: [32m'text'[39m,
    locator: [32m"input[aria-label='Project']"[39m
  }
}
11:34:34.401 > {
  component: [32m'Bot'[39m,
  message: [32m'Injecting field value'[39m,
  data: { fieldKey: [32m'project_code'[39m, value: [32m'OSC-BBB'[39m }
}

[90mstdout[2m | __tests__/services/bot/orchestrator_submit_retry.spec.ts[2m > [22m[2mBotOrchestrator submit retry behavior (one retry only)[2m > [22m[2mfails when both first and retry submissions fail
[22m[39m11:34:34.403 > {
  component: [32m'Bot'[39m,
  message: [32m'Processing field'[39m,
  data: { fieldKey: [32m'date'[39m, value: [32m'07/15/2025'[39m }
}
11:34:34.407 > {
  component: [32m'Bot'[39m,
  message: [32m'Field specification'[39m,
  data: {
    fieldKey: [32m'date'[39m,
    label: [32m'Date'[39m,
    type: [32m'text'[39m,
    locator: [32m"input[placeholder='mm/dd/yyyy']"[39m
  }
}
11:34:34.409 > {
  component: [32m'Bot'[39m,
  message: [32m'Injecting field value'[39m,
  data: { fieldKey: [32m'date'[39m, value: [32m'07/15/2025'[39m }
}

[90mstdout[2m | __tests__/services/bot/orchestrator_submit_retry.spec.ts[2m > [22m[2mBotOrchestrator submit retry behavior (one retry only)[2m > [22m[2mfails when both first and retry submissions fail
[22m[39m11:34:34.410 > {
  component: [32m'Bot'[39m,
  message: [32m'Processing field'[39m,
  data: { fieldKey: [32m'hours'[39m, value: [33m1[39m }
}
11:34:34.414 > {
  component: [32m'Bot'[39m,
  message: [32m'Field specification'[39m,
  data: {
    fieldKey: [32m'hours'[39m,
    label: [32m'Hours'[39m,
    type: [32m'text'[39m,
    locator: [32m"input[aria-label='Hours']"[39m
  }
}
11:34:34.416 > {
  component: [32m'Bot'[39m,
  message: [32m'Injecting field value'[39m,
  data: { fieldKey: [32m'hours'[39m, value: [32m'1'[39m }
}

[90mstdout[2m | __tests__/services/bot/orchestrator_submit_retry.spec.ts[2m > [22m[2mBotOrchestrator submit retry behavior (one retry only)[2m > [22m[2mfails when both first and retry submissions fail
[22m[39m11:34:34.418 > {
  component: [32m'Bot'[39m,
  message: [32m'Processing field'[39m,
  data: { fieldKey: [32m'task_description'[39m, value: [32m'Test task'[39m }
}
11:34:34.419 > {
  component: [32m'Bot'[39m,
  message: [32m'Field specification'[39m,
  data: {
    fieldKey: [32m'task_description'[39m,
    label: [32m'Task Description'[39m,
    type: [32m'text'[39m,
    locator: [32m"role=textbox[name='Task Description']"[39m
  }
}
11:34:34.423 > {
  component: [32m'Bot'[39m,
  message: [32m'Injecting field value'[39m,
  data: { fieldKey: [32m'task_description'[39m, value: [32m'Test task'[39m }
}

[90mstdout[2m | __tests__/services/bot/orchestrator_submit_retry.spec.ts[2m > [22m[2mBotOrchestrator submit retry behavior (one retry only)[2m > [22m[2mfails when both first and retry submissions fail
[22m[39m11:34:34.425 > {
  component: [32m'Bot'[39m,
  message: [32m'Waiting for form to stabilize before submission'[39m,
  data: { rowIndex: [33m0[39m }
}

[90mstdout[2m | __tests__/services/bot/orchestrator_submit_retry.spec.ts[2m > [22m[2mBotOrchestrator submit retry behavior (one retry only)[2m > [22m[2mfails when both first and retry submissions fail
[22m[39m11:34:34.427 > {
  component: [32m'Bot'[39m,
  message: [32m'Submitting form'[39m,
  data: { rowIndex: [33m0[39m, attempt: [33m1[39m, maxRetries: [33m3[39m }
}

[90mstderr[2m | __tests__/services/bot/orchestrator_submit_retry.spec.ts[2m 
> [22m[2mBotOrchestrator submit retry behavior (one retry only)[2m > 
[22m[2mfails when both first and retry submissions fail
[22m[39m11:34:34.430 > {
  component: [32m'Bot'[39m,
  message: [32m'Submission attempt unsuccessful'[39m,
  data: { rowIndex: [33m0[39m, attempt: [33m1[39m, reason: [32m'No HTTP 
200 response'[39m }
}

[90mstdout[2m | __tests__/services/bot/orchestrator_submit_retry.spec.ts[2m > [22m[2mBotOrchestrator submit retry behavior (one retry only)[2m > [22m[2mfails when both first and retry submissions fail
[22m[39m11:34:34.432 > {
  component: [32m'Bot'[39m,
  message: [32m'Waiting for page to stabilize before retry'[39m,
  data: { rowIndex: [33m0[39m, retryDelay: [33m2[39m }
}

[90mstdout[2m | __tests__/services/bot/orchestrator_submit_retry.spec.ts[2m > [22m[2mBotOrchestrator submit retry behavior (one retry only)[2m > [22m[2mfails when both first and retry submissions fail
[22m[39m11:34:34.434 > {
  component: [32m'Bot'[39m,
  message: [32m'Re-filling form fields for retry attempt'[39m,
  data: { rowIndex: [33m0[39m }
}
11:34:34.436 > {
  component: [32m'Bot'[39m,
  message: [32m'Processing fields for form filling'[39m,
  data: {
    fieldCount: [33m4[39m,
    fields: {
      project_code: [32m'OSC-BBB'[39m,
      date: [32m'07/15/2025'[39m,
      hours: [33m1[39m,
      task_description: [32m'Test task'[39m
    }
  }
}
11:34:34.439 > {
  component: [32m'Bot'[39m,
  message: [32m'Processing field'[39m,
  data: { fieldKey: [32m'project_code'[39m, value: [32m'OSC-BBB'[39m }
}
11:34:34.443 > {
  component: [32m'Bot'[39m,
  message: [32m'Field specification'[39m,
  data: {
    fieldKey: [32m'project_code'[39m,
    label: [32m'Project'[39m,
    type: [32m'text'[39m,
    locator: [32m"input[aria-label='Project']"[39m
  }
}
11:34:34.445 > {
  component: [32m'Bot'[39m,
  message: [32m'Injecting field value'[39m,
  data: { fieldKey: [32m'project_code'[39m, value: [32m'OSC-BBB'[39m }
}

[90mstdout[2m | __tests__/services/bot/orchestrator_submit_retry.spec.ts[2m > [22m[2mBotOrchestrator submit retry behavior (one retry only)[2m > [22m[2mfails when both first and retry submissions fail
[22m[39m11:34:34.447 > {
  component: [32m'Bot'[39m,
  message: [32m'Processing field'[39m,
  data: { fieldKey: [32m'date'[39m, value: [32m'07/15/2025'[39m }
}
11:34:34.449 > {
  component: [32m'Bot'[39m,
  message: [32m'Field specification'[39m,
  data: {
    fieldKey: [32m'date'[39m,
    label: [32m'Date'[39m,
    type: [32m'text'[39m,
    locator: [32m"input[placeholder='mm/dd/yyyy']"[39m
  }
}
11:34:34.451 > {
  component: [32m'Bot'[39m,
  message: [32m'Injecting field value'[39m,
  data: { fieldKey: [32m'date'[39m, value: [32m'07/15/2025'[39m }
}

[90mstdout[2m | __tests__/services/bot/orchestrator_submit_retry.spec.ts[2m > [22m[2mBotOrchestrator submit retry behavior (one retry only)[2m > [22m[2mfails when both first and retry submissions fail
[22m[39m11:34:34.453 > {
  component: [32m'Bot'[39m,
  message: [32m'Processing field'[39m,
  data: { fieldKey: [32m'hours'[39m, value: [33m1[39m }
}
11:34:34.458 > {
  component: [32m'Bot'[39m,
  message: [32m'Field specification'[39m,
  data: {
    fieldKey: [32m'hours'[39m,
    label: [32m'Hours'[39m,
    type: [32m'text'[39m,
    locator: [32m"input[aria-label='Hours']"[39m
  }
}
11:34:34.461 > {
  component: [32m'Bot'[39m,
  message: [32m'Injecting field value'[39m,
  data: { fieldKey: [32m'hours'[39m, value: [32m'1'[39m }
}

[90mstdout[2m | __tests__/services/bot/orchestrator_submit_retry.spec.ts[2m > [22m[2mBotOrchestrator submit retry behavior (one retry only)[2m > [22m[2mfails when both first and retry submissions fail
[22m[39m11:34:34.465 > {
  component: [32m'Bot'[39m,
  message: [32m'Processing field'[39m,
  data: { fieldKey: [32m'task_description'[39m, value: [32m'Test task'[39m }
}
11:34:34.467 > {
  component: [32m'Bot'[39m,
  message: [32m'Field specification'[39m,
  data: {
    fieldKey: [32m'task_description'[39m,
    label: [32m'Task Description'[39m,
    type: [32m'text'[39m,
    locator: [32m"role=textbox[name='Task Description']"[39m
  }
}
11:34:34.470 > {
  component: [32m'Bot'[39m,
  message: [32m'Injecting field value'[39m,
  data: { fieldKey: [32m'task_description'[39m, value: [32m'Test task'[39m }
}

[90mstdout[2m | __tests__/services/bot/orchestrator_submit_retry.spec.ts[2m > [22m[2mBotOrchestrator submit retry behavior (one retry only)[2m > [22m[2mfails when both first and retry submissions fail
[22m[39m11:34:34.472 > {
  component: [32m'Bot'[39m,
  message: [32m'Submitting form'[39m,
  data: { rowIndex: [33m0[39m, attempt: [33m2[39m, maxRetries: [33m3[39m }
}

[90mstderr[2m | __tests__/services/bot/orchestrator_submit_retry.spec.ts[2m 
> [22m[2mBotOrchestrator submit retry behavior (one retry only)[2m > 
[22m[2mfails when both first and retry submissions fail
[22m[39m11:34:34.477 > {
  component: [32m'Bot'[39m,
  message: [32m'Submission attempt unsuccessful'[39m,
  data: { rowIndex: [33m0[39m, attempt: [33m2[39m, reason: [32m'No HTTP 
200 response'[39m }
}

[90mstdout[2m | __tests__/services/bot/orchestrator_submit_retry.spec.ts[2m > [22m[2mBotOrchestrator submit retry behavior (one retry only)[2m > [22m[2mfails when both first and retry submissions fail
[22m[39m11:34:34.481 > {
  component: [32m'Bot'[39m,
  message: [32m'Waiting for page to stabilize before retry'[39m,
  data: { rowIndex: [33m0[39m, retryDelay: [33m2[39m }
}

[90mstdout[2m | __tests__/services/bot/orchestrator_submit_retry.spec.ts[2m > [22m[2mBotOrchestrator submit retry behavior (one retry only)[2m > [22m[2mfails when both first and retry submissions fail
[22m[39m11:34:34.484 > {
  component: [32m'Bot'[39m,
  message: [32m'Re-filling form fields for retry attempt'[39m,
  data: { rowIndex: [33m0[39m }
}
11:34:34.486 > {
  component: [32m'Bot'[39m,
  message: [32m'Processing fields for form filling'[39m,
  data: {
    fieldCount: [33m4[39m,
    fields: {
      project_code: [32m'OSC-BBB'[39m,
      date: [32m'07/15/2025'[39m,
      hours: [33m1[39m,
      task_description: [32m'Test task'[39m
    }
  }
}
11:34:34.489 > {
  component: [32m'Bot'[39m,
  message: [32m'Processing field'[39m,
  data: { fieldKey: [32m'project_code'[39m, value: [32m'OSC-BBB'[39m }
}
11:34:34.492 > {
  component: [32m'Bot'[39m,
  message: [32m'Field specification'[39m,
  data: {
    fieldKey: [32m'project_code'[39m,
    label: [32m'Project'[39m,
    type: [32m'text'[39m,
    locator: [32m"input[aria-label='Project']"[39m
  }
}
11:34:34.493 > {
  component: [32m'Bot'[39m,
  message: [32m'Injecting field value'[39m,
  data: { fieldKey: [32m'project_code'[39m, value: [32m'OSC-BBB'[39m }
}

[90mstdout[2m | __tests__/services/bot/orchestrator_submit_retry.spec.ts[2m > [22m[2mBotOrchestrator submit retry behavior (one retry only)[2m > [22m[2mfails when both first and retry submissions fail
[22m[39m11:34:34.495 > {
  component: [32m'Bot'[39m,
  message: [32m'Processing field'[39m,
  data: { fieldKey: [32m'date'[39m, value: [32m'07/15/2025'[39m }
}
11:34:34.497 > {
  component: [32m'Bot'[39m,
  message: [32m'Field specification'[39m,
  data: {
    fieldKey: [32m'date'[39m,
    label: [32m'Date'[39m,
    type: [32m'text'[39m,
    locator: [32m"input[placeholder='mm/dd/yyyy']"[39m
  }
}
11:34:34.498 > {
  component: [32m'Bot'[39m,
  message: [32m'Injecting field value'[39m,
  data: { fieldKey: [32m'date'[39m, value: [32m'07/15/2025'[39m }
}

[90mstdout[2m | __tests__/services/bot/orchestrator_submit_retry.spec.ts[2m > [22m[2mBotOrchestrator submit retry behavior (one retry only)[2m > [22m[2mfails when both first and retry submissions fail
[22m[39m11:34:34.501 > {
  component: [32m'Bot'[39m,
  message: [32m'Processing field'[39m,
  data: { fieldKey: [32m'hours'[39m, value: [33m1[39m }
}
11:34:34.503 > {
  component: [32m'Bot'[39m,
  message: [32m'Field specification'[39m,
  data: {
    fieldKey: [32m'hours'[39m,
    label: [32m'Hours'[39m,
    type: [32m'text'[39m,
    locator: [32m"input[aria-label='Hours']"[39m
  }
}
11:34:34.504 > {
  component: [32m'Bot'[39m,
  message: [32m'Injecting field value'[39m,
  data: { fieldKey: [32m'hours'[39m, value: [32m'1'[39m }
}

[90mstdout[2m | __tests__/services/bot/orchestrator_submit_retry.spec.ts[2m > [22m[2mBotOrchestrator submit retry behavior (one retry only)[2m > [22m[2mfails when both first and retry submissions fail
[22m[39m11:34:34.507 > {
  component: [32m'Bot'[39m,
  message: [32m'Processing field'[39m,
  data: { fieldKey: [32m'task_description'[39m, value: [32m'Test task'[39m }
}
11:34:34.509 > {
  component: [32m'Bot'[39m,
  message: [32m'Field specification'[39m,
  data: {
    fieldKey: [32m'task_description'[39m,
    label: [32m'Task Description'[39m,
    type: [32m'text'[39m,
    locator: [32m"role=textbox[name='Task Description']"[39m
  }
}
11:34:34.510 > {
  component: [32m'Bot'[39m,
  message: [32m'Injecting field value'[39m,
  data: { fieldKey: [32m'task_description'[39m, value: [32m'Test task'[39m }
}

[90mstdout[2m | __tests__/services/bot/orchestrator_submit_retry.spec.ts[2m > [22m[2mBotOrchestrator submit retry behavior (one retry only)[2m > [22m[2mfails when both first and retry submissions fail
[22m[39m11:34:34.513 > {
  component: [32m'Bot'[39m,
  message: [32m'Submitting form'[39m,
  data: { rowIndex: [33m0[39m, attempt: [33m3[39m, maxRetries: [33m3[39m }
}

[90mstderr[2m | __tests__/services/bot/orchestrator_submit_retry.spec.ts[2m 
> [22m[2mBotOrchestrator submit retry behavior (one retry only)[2m > 
[22m[2mfails when both first and retry submissions fail
[22m[39m11:34:34.515 > {
  component: [32m'Bot'[39m,
  message: [32m'Submission attempt unsuccessful'[39m,
  data: { rowIndex: [33m0[39m, attempt: [33m3[39m, reason: [32m'No HTTP 
200 response'[39m }
}
11:34:34.517 > {
  component: [32m'Bot'[39m,
  message: [32m'Row processing failed after retries'[39m,
  data: { rowIndex: [33m0[39m, maxRetries: [33m3[39m, reason: [32m'No 
HTTP 200 response'[39m }
}

[90mstdout[2m | __tests__/services/bot/orchestrator_submit_retry.spec.ts[2m > [22m[2mBotOrchestrator submit retry behavior (one retry only)[2m > [22m[2mfails when both first and retry submissions fail
[22m[39m11:34:34.518 > {
  component: [32m'Bot'[39m,
  message: [32m'Automation workflow completed'[39m,
  data: {
    totalRows: [33m1[39m,
    successCount: [33m0[39m,
    failureCount: [33m1[39m,
    successRate: [32m'0.0%'[39m
  }
}

 [32mΓ£ô[39m __tests__/services/bot/orchestrator_submit_retry.spec.ts [2m([22m[2m2 tests[22m[2m)[22m[32m 279[2mms[22m[39m
 [32mΓ£ô[39m __tests__/renderer/fallback-utilities.spec.tsx [2m([22m[2m13 tests[22m[2m)[22m[32m 46[2mms[22m[39m
 [32mΓ£ô[39m __tests__/unit/dropdown-cascading.spec.ts [2m([22m[2m31 tests[22m[2m)[22m[32m 59[2mms[22m[39m
 [32mΓ£ô[39m __tests__/contracts/plugin-contracts.spec.ts [2m([22m[2m24 tests[22m[2m)[22m[32m 70[2mms[22m[39m
[90mstderr[2m | __tests__/main-application-logic.spec.ts[2m > [22m[2mMain 
Application Logic Tests[2m > [22m[2mWindow State Management[2m > 
[22m[2mshould handle corrupted saved state gracefully
[22m[39mCould not load window state: SyntaxError: Unexpected token 'i', 
"invalid-json" is not valid JSON
    at JSON.parse (<anonymous>)
    at getWindowState [90m(C:\Local\Sheetpilot\[39m__tests__\main-application
-logic.spec.ts:302:35[90m)[39m
    at 
[90mC:\Local\Sheetpilot\[39m__tests__\main-application-logic.spec.ts:433:21
    at [90mfile:///C:/Local/Sheetpilot/[39mnode_modules/[4m@vitest[24m/runn
er/dist/chunk-hooks.js:155:11
    at [90mfile:///C:/Local/Sheetpilot/[39mnode_modules/[4m@vitest[24m/runn
er/dist/chunk-hooks.js:752:26
    at [90mfile:///C:/Local/Sheetpilot/[39mnode_modules/[4m@vitest[24m/runn
er/dist/chunk-hooks.js:1897:20
    at new Promise (<anonymous>)
    at runWithTimeout [90m(file:///C:/Local/Sheetpilot/[39mnode_modules/[4m@
vitest[24m/runner/dist/chunk-hooks.js:1863:10[90m)[39m
    at runTest [90m(file:///C:/Local/Sheetpilot/[39mnode_modules/[4m@vitest
[24m/runner/dist/chunk-hooks.js:1574:12[90m)[39m
    at runSuite [90m(file:///C:/Local/Sheetpilot/[39mnode_modules/[4m@vitest
[24m/runner/dist/chunk-hooks.js:1729:8[90m)[39m

[90mstderr[2m | __tests__/main-application-logic.spec.ts[2m > [22m[2mMain 
Application Logic Tests[2m > [22m[2mWindow State Management[2m > 
[22m[2mshould handle save errors gracefully
[22m[39mCould not save window state: Error: Permission denied
    at Proxy.<anonymous> [90m(C:\Local\Sheetpilot\[39m__tests__\main-applicat
ion-logic.spec.ts:461:15[90m)[39m
    at Proxy.mockCall [90m(file:///C:/Local/Sheetpilot/[39mnode_modules/[4m@
vitest[24m/spy/dist/index.js:96:15[90m)[39m
    at Proxy.spy [90m(file:///C:/Local/Sheetpilot/[39mnode_modules/[4mtinysp
y[24m/dist/index.js:47:80[90m)[39m
    at saveWindowState [90m(C:\Local\Sheetpilot\[39m__tests__\main-applicatio
n-logic.spec.ts:344:16[90m)[39m
    at 
[90mC:\Local\Sheetpilot\[39m__tests__\main-application-logic.spec.ts:467:20
    at Proxy.assertThrows [90m(file:///C:/Local/Sheetpilot/[39mnode_modules/
[4mchai[24m/index.js:2767:5[90m)[39m
    at Proxy.methodWrapper [90m(file:///C:/Local/Sheetpilot/[39mnode_modules/
[4mchai[24m/index.js:1686:25[90m)[39m
    at Proxy.<anonymous> [90m(file:///C:/Local/Sheetpilot/[39mnode_modules/[
4m@vitest[24m/expect/dist/index.js:1088:12[90m)[39m
    at Proxy.overwritingMethodWrapper [90m(file:///C:/Local/Sheetpilot/[39mno
de_modules/[4mchai[24m/index.js:1735:33[90m)[39m
    at Proxy.<anonymous> [90m(file:///C:/Local/Sheetpilot/[39mnode_modules/[
4m@vitest[24m/expect/dist/index.js:1420:16[90m)[39m

 [32mΓ£ô[39m __tests__/main-application-logic.spec.ts [2m([22m[2m29 tests[22m[2m)[22m[32m 84[2mms[22m[39m
 [32mΓ£ô[39m __tests__/unit/quarter-validation.spec.ts [2m([22m[2m17 tests[22m[2m)[22m[32m 40[2mms[22m[39m
[90mstdout[2m | __tests__/services/bot/authentication_flow.spec.ts[2m > [22m[2mLoginManager.validate_login_state[2m > [22m[2mreturns true when current URL includes any success pattern
[22m[39m11:34:45.445 > {
  component: [32m'Authentication'[39m,
  message: [32m'Validating login state'[39m,
  data: {
    currentUrl: [32m'https://app.smartsheet.com/b/home'[39m,
    successUrls: [ [32m'app.smartsheet.com/b/home'[39m, [32m'forms.smartsheet.com'[39m ]
  }
}
11:34:45.461 > {
  component: [32m'Authentication'[39m,
  message: [32m'Login state validated successfully'[39m
}

[90mstdout[2m | __tests__/services/bot/authentication_flow.spec.ts[2m > [22m[2mLoginManager.validate_login_state[2m > [22m[2mreturns true (default) even if patterns not matched (back-compat)
[22m[39m11:34:45.472 > {
  component: [32m'Authentication'[39m,
  message: [32m'Validating login state'[39m,
  data: {
    currentUrl: [32m'https://example.com/'[39m,
    successUrls: [ [32m'some-other-url'[39m ]
  }
}
11:34:45.475 > {
  component: [32m'Authentication'[39m,
  message: [32m'No success URL match, defaulting to validated'[39m
}

[90mstderr[2m | __tests__/services/bot/authentication_flow.spec.ts[2m > 
[22m[2mLoginManager.validate_login_state[2m > [22m[2mreturns false when 
require_page throws
[22m[39m11:34:45.478 > {
  component: [32m'Authentication'[39m,
  message: [32m'Login state validation failed'[39m,
  data: {
    error: [32m'Error: no page\n'[39m +
      [32m'    at Object.require_page (C:\\Local\\Sheetpilot\\__tests__\\servi
ces\\bot\\authentication_flow.spec.ts:25:42)\n'[39m +
      [32m'    at LoginManager.validate_login_state (C:\\Local\\Sheetpilot\\sr
c\\services\\bot\\src\\authentication_flow.ts:176:41)\n'[39m +
      [32m'    at C:\\Local\\Sheetpilot\\__tests__\\services\\bot\\authenticat
ion_flow.spec.ts:27:22\n'[39m +
      [32m'    at file:///C:/Local/Sheetpilot/node_modules/@vitest/runner/dist
/chunk-hooks.js:155:11\n'[39m +
      [32m'    at file:///C:/Local/Sheetpilot/node_modules/@vitest/runner/dist
/chunk-hooks.js:752:26\n'[39m +
      [32m'    at file:///C:/Local/Sheetpilot/node_modules/@vitest/runner/dist
/chunk-hooks.js:1897:20\n'[39m +
      [32m'    at new Promise (<anonymous>)\n'[39m +
      [32m'    at runWithTimeout (file:///C:/Local/Sheetpilot/node_modules/@vi
test/runner/dist/chunk-hooks.js:1863:10)\n'[39m +
      [32m'    at runTest (file:///C:/Local/Sheetpilot/node_modules/@vitest/ru
nner/dist/chunk-hooks.js:1574:12)\n'[39m +
      [32m'    at runSuite (file:///C:/Local/Sheetpilot/node_modules/@vitest/r
unner/dist/chunk-hooks.js:1729:8)'[39m
  }
}

 [32mΓ£ô[39m __tests__/services/bot/authentication_flow.spec.ts [2m([22m[2m3 tests[22m[2m)[22m[32m 59[2mms[22m[39m
 [32mΓ£ô[39m __tests__/unit/validation-rules.spec.ts [2m([22m[2m29 tests[22m[2m)[22m[32m 79[2mms[22m[39m
 [32mΓ£ô[39m __tests__/unit/time-normalization.spec.ts [2m([22m[2m19 tests[22m[2m)[22m[32m 82[2mms[22m[39m
 [32mΓ£ô[39m __tests__/unit/date-normalization.spec.ts [2m([22m[2m17 tests[22m[2m)[22m[32m 80[2mms[22m[39m
 [32mΓ£ô[39m __tests__/quarter-routing-integration.spec.ts [2m([22m[2m25 tests[22m[2m)[22m[32m 36[2mms[22m[39m
 [32mΓ£ô[39m __tests__/contracts/renderer-main-contracts.spec.ts [2m([22m[2m18 tests[22m[2m)[22m[32m 47[2mms[22m[39m
 [32mΓ£ô[39m __tests__/contracts/ipc-contracts.spec.ts [2m([22m[2m20 tests[22m[2m)[22m[32m 24[2mms[22m[39m
 [32mΓ£ô[39m __tests__/quarter-config.spec.ts [2m([22m[2m22 tests[22m[2m)[22m[32m 22[2mms[22m[39m
 [32mΓ£ô[39m __tests__/deprecated-constants.spec.ts [2m([22m[2m15 tests[22m[2m)[22m[32m 27[2mms[22m[39m
 [32mΓ£ô[39m __tests__/auto-updater.spec.ts [2m([22m[2m16 tests[22m[2m)[22m[32m 15[2mms[22m[39m
 [32mΓ£ô[39m __tests__/renderer/regression-tests.spec.tsx [2m([22m[2m7 tests[22m[2m)[22m[32m 9[2mms[22m[39m
 [32mΓ£ô[39m __tests__/renderer/ipc-bridge.spec.tsx [2m([22m[2m6 tests[22m[2m)[22m[32m 7[2mms[22m[39m
 [32mΓ£ô[39m __tests__/renderer/browser-environment.spec.tsx [2m([22m[2m4 tests[22m[2m)[22m[32m 5[2mms[22m[39m
 [32mΓ£ô[39m __tests__/renderer/setup-verification.spec.tsx [2m([22m[2m3 tests[22m[2m)[22m[32m 5[2mms[22m[39m

[31mΓÄ»ΓÄ»ΓÄ»ΓÄ»ΓÄ»ΓÄ»[39m[1m[41m Failed Suites 4 
[49m[22m[31mΓÄ»ΓÄ»ΓÄ»ΓÄ»ΓÄ»ΓÄ»ΓÄ»[39m

[41m[1m FAIL [22m[49m __tests__/ipc-main.spec.ts[2m [ 
__tests__/ipc-main.spec.ts ][22m
[31m[1mTypeError[22m: app.getAppPath is not a function[39m
[36m [2mΓ¥»[22m createWindow src/main/main.ts:[2m311:30[22m[39m
    [90m309| [39m  } [35melse[39m {
    [90m310| [39m    [90m// In development, use absolute path from project 
root[39m
    [90m311| [39m    iconPath = path.join(app.getAppPath(), 'src', 
'renderer', 'assets'ΓÇª
    [90m   | [39m                             [31m^[39m
    [90m312| [39m  }
    [90m313| [39m  
[90m [2mΓ¥»[22m registerIPCHandlers src/main/main.ts:[2m1026:3[22m[39m
[90m [2mΓ¥»[22m src/main/main.ts:[2m1056:3[22m[39m
[90m [2mΓ¥»[22m Object.then __tests__/ipc-main.spec.ts:[2m70:9[22m[39m
[90m [2mΓ¥»[22m src/main/main.ts:[2m1047:17[22m[39m
[90m [2mΓ¥»[22m __tests__/ipc-main.spec.ts:[2m137:1[22m[39m

[31m[2mΓÄ»ΓÄ»ΓÄ»ΓÄ»ΓÄ»ΓÄ»ΓÄ»ΓÄ»ΓÄ»ΓÄ»ΓÄ»ΓÄ»ΓÄ»ΓÄ»ΓÄ»ΓÄ»ΓÄ»ΓÄ»ΓÄ»ΓÄ»ΓÄ»ΓÄ»ΓÄ»[
1/85]ΓÄ»[22m[39m

[41m[1m FAIL [22m[49m 
__tests__/renderer/blank-screen-prevention.spec.tsx[2m [ 
__tests__/renderer/blank-screen-prevention.spec.tsx ][22m
[31m[1mError[22m: EMFILE: too many open files, open 'C:\Local\Sheetpilot\src
\renderer\node_modules\@mui\icons-material\esm\SelectAllSharp.js'[39m
[31m[2mΓÄ»ΓÄ»ΓÄ»ΓÄ»ΓÄ»ΓÄ»ΓÄ»ΓÄ»ΓÄ»ΓÄ»ΓÄ»ΓÄ»ΓÄ»ΓÄ»ΓÄ»ΓÄ»ΓÄ»ΓÄ»ΓÄ»ΓÄ»ΓÄ»ΓÄ»ΓÄ»[
2/85]ΓÄ»[22m[39m

[41m[1m FAIL [22m[49m 
__tests__/renderer/e2e-blank-screen-prevention.spec.tsx[2m [ 
__tests__/renderer/e2e-blank-screen-prevention.spec.tsx ][22m
[31m[1mError[22m: EMFILE: too many open files, open 
'C:\Local\Sheetpilot\src\renderer\node_modules\react-dom\index.js'[39m
[31m[2mΓÄ»ΓÄ»ΓÄ»ΓÄ»ΓÄ»ΓÄ»ΓÄ»ΓÄ»ΓÄ»ΓÄ»ΓÄ»ΓÄ»ΓÄ»ΓÄ»ΓÄ»ΓÄ»ΓÄ»ΓÄ»ΓÄ»ΓÄ»ΓÄ»ΓÄ»ΓÄ»[
3/85]ΓÄ»[22m[39m

[41m[1m FAIL [22m[49m __tests__/services/bot/webform_flow.spec.ts[2m > 
[22mWebformFiller against mock form
[31m[1mError[22m: page.goto: Protocol error (Page.navigate): Cannot 
navigate to invalid URL
Call log:
[2m  - navigating to "DEPRECATED_USE_DYNAMIC_CONFIG", waiting until 
"load"[22m
[39m
[36m [2mΓ¥»[22m 
__tests__/services/bot/webform_flow.spec.ts:[2m34:16[22m[39m
    [90m 32| [39m    })[33m;[39m
    [90m 33| [39m
    [90m 34| [39m    [35mawait[39m 
page[33m.[39m[34mgoto[39m(cfg[33m.[39m[33mBASE_URL[39m)[33m;[39m
    [90m   | [39m               [31m^[39m
    [90m 35| [39m  })[33m;[39m
    [90m 36| [39m

[31m[2mΓÄ»ΓÄ»ΓÄ»ΓÄ»ΓÄ»ΓÄ»ΓÄ»ΓÄ»ΓÄ»ΓÄ»ΓÄ»ΓÄ»ΓÄ»ΓÄ»ΓÄ»ΓÄ»ΓÄ»ΓÄ»ΓÄ»ΓÄ»ΓÄ»ΓÄ»ΓÄ»[
4/85]ΓÄ»[22m[39m


[31mΓÄ»ΓÄ»ΓÄ»ΓÄ»ΓÄ»ΓÄ»[39m[1m[41m Failed Tests 81 
[49m[22m[31mΓÄ»ΓÄ»ΓÄ»ΓÄ»ΓÄ»ΓÄ»ΓÄ»[39m

[41m[1m FAIL [22m[49m __tests__/database.spec.ts[2m > [22mDatabase 
Module[2m > [22mDatabase Path Management[2m > [22mshould set and get 
database path correctly
[41m[1m FAIL [22m[49m __tests__/database.spec.ts[2m > [22mDatabase 
Module[2m > [22mDatabase Path Management[2m > [22mshould resolve relative 
paths to absolute paths
[41m[1m FAIL [22m[49m __tests__/database.spec.ts[2m > [22mDatabase 
Module[2m > [22mDatabase Path Management[2m > [22mshould create database 
directory if it does not exist
[41m[1m FAIL [22m[49m __tests__/database.spec.ts[2m > [22mDatabase 
Module[2m > [22mDatabase Connection[2m > [22mshould open database 
connection successfully
[41m[1m FAIL [22m[49m __tests__/database.spec.ts[2m > [22mDatabase 
Module[2m > [22mDatabase Connection[2m > [22mshould create database file 
if it does not exist
[41m[1m FAIL [22m[49m __tests__/database.spec.ts[2m > [22mDatabase 
Module[2m > [22mSchema Management[2m > [22mshould create timesheet table 
with correct schema
[41m[1m FAIL [22m[49m __tests__/database.spec.ts[2m > [22mDatabase 
Module[2m > [22mSchema Management[2m > [22mshould create required indexes
[41m[1m FAIL [22m[49m __tests__/database.spec.ts[2m > [22mDatabase 
Module[2m > [22mSchema Management[2m > [22mshould create unique constraint 
for deduplication
[41m[1m FAIL [22m[49m __tests__/database.spec.ts[2m > [22mDatabase 
Module[2m > [22mTimesheet Entry Insertion[2m > [22mshould insert a new 
timesheet entry successfully
[41m[1m FAIL [22m[49m __tests__/database.spec.ts[2m > [22mDatabase 
Module[2m > [22mTimesheet Entry Insertion[2m > [22mshould calculate hours 
automatically
[41m[1m FAIL [22m[49m __tests__/database.spec.ts[2m > [22mDatabase 
Module[2m > [22mTimesheet Entry Insertion[2m > [22mshould handle optional 
fields correctly
[41m[1m FAIL [22m[49m __tests__/database.spec.ts[2m > [22mDatabase 
Module[2m > [22mTimesheet Entry Insertion[2m > [22mshould validate time 
constraints
[41m[1m FAIL [22m[49m __tests__/database.spec.ts[2m > [22mDatabase 
Module[2m > [22mDeduplication Functionality[2m > [22mshould prevent 
duplicate entries based on unique constraint
[41m[1m FAIL [22m[49m __tests__/database.spec.ts[2m > [22mDatabase 
Module[2m > [22mDeduplication Functionality[2m > [22mshould allow entries 
with different time_in
[41m[1m FAIL [22m[49m __tests__/database.spec.ts[2m > [22mDatabase 
Module[2m > [22mDeduplication Functionality[2m > [22mshould allow entries 
with different project
[41m[1m FAIL [22m[49m __tests__/database.spec.ts[2m > [22mDatabase 
Module[2m > [22mDeduplication Functionality[2m > [22mshould allow entries 
with different task description
[41m[1m FAIL [22m[49m __tests__/database.spec.ts[2m > [22mDatabase 
Module[2m > [22mDeduplication Functionality[2m > [22mshould allow entries 
with different date
[41m[1m FAIL [22m[49m __tests__/database.spec.ts[2m > [22mDatabase 
Module[2m > [22mDeduplication Functionality[2m > [22mshould allow entries 
with different optional fields
[41m[1m FAIL [22m[49m __tests__/database.spec.ts[2m > [22mDatabase 
Module[2m > [22mDuplicate Checking Utilities[2m > [22mshould correctly 
identify non-duplicate entries
[41m[1m FAIL [22m[49m __tests__/database.spec.ts[2m > [22mDatabase 
Module[2m > [22mDuplicate Checking Utilities[2m > [22mshould correctly 
identify duplicate entries
[41m[1m FAIL [22m[49m __tests__/database.spec.ts[2m > [22mDatabase 
Module[2m > [22mDuplicate Checking Utilities[2m > [22mshould find 
duplicate entries in database
[41m[1m FAIL [22m[49m __tests__/database.spec.ts[2m > [22mDatabase 
Module[2m > [22mDuplicate Checking Utilities[2m > [22mshould filter 
duplicates by date range
[41m[1m FAIL [22m[49m __tests__/database.spec.ts[2m > [22mDatabase 
Module[2m > [22mBatch Insertion[2m > [22mshould insert multiple entries 
successfully
[41m[1m FAIL [22m[49m __tests__/database.spec.ts[2m > [22mDatabase 
Module[2m > [22mBatch Insertion[2m > [22mshould handle mixed duplicates in 
batch insertion
[41m[1m FAIL [22m[49m __tests__/database.spec.ts[2m > [22mDatabase 
Module[2m > [22mBatch Insertion[2m > [22mshould handle empty batch
[41m[1m FAIL [22m[49m __tests__/database.spec.ts[2m > [22mDatabase 
Module[2m > [22mBatch Insertion[2m > [22mshould use transaction for 
atomicity
[41m[1m FAIL [22m[49m __tests__/database.spec.ts[2m > [22mDatabase 
Module[2m > [22mEdge Cases and Error Handling[2m > [22mshould handle 
database connection errors gracefully
[41m[1m FAIL [22m[49m __tests__/database.spec.ts[2m > [22mDatabase 
Module[2m > [22mEdge Cases and Error Handling[2m > [22mshould handle 
malformed entry data
[41m[1m FAIL [22m[49m __tests__/database.spec.ts[2m > [22mDatabase 
Module[2m > [22mEdge Cases and Error Handling[2m > [22mshould handle null 
and undefined values in optional fields
[41m[1m FAIL [22m[49m __tests__/ipc-workflow-integration.spec.ts[2m > 
[22mIPC Workflow Integration[2m > [22mshould handle workflow when database 
has pending entries
[41m[1m FAIL [22m[49m __tests__/ipc-workflow-integration.spec.ts[2m > 
[22mIPC Workflow Integration[2m > [22mshould handle workflow when database 
is empty
[41m[1m FAIL [22m[49m __tests__/ipc-workflow-integration.spec.ts[2m > 
[22mIPC Workflow Integration[2m > [22mshould not mutate database entries 
during failed submission
[41m[1m FAIL [22m[49m __tests__/ipc-workflow-integration.spec.ts[2m > 
[22mIPC Workflow Integration[2m > [22mshould handle multiple pending 
entries with different projects
[41m[1m FAIL [22m[49m __tests__/ipc-workflow-integration.spec.ts[2m > 
[22mIPC Workflow Integration[2m > [22mshould maintain data integrity across 
automation attempts
[41m[1m FAIL [22m[49m 
__tests__/timesheet_submission_integration.spec.ts[2m > [22mTimesheet 
Submission Integration[2m > [22mshould fetch pending entries correctly
[41m[1m FAIL [22m[49m 
__tests__/timesheet_submission_integration.spec.ts[2m > [22mTimesheet 
Submission Integration[2m > [22mshould mark entries as submitted correctly
[41m[1m FAIL [22m[49m 
__tests__/timesheet_submission_integration.spec.ts[2m > [22mTimesheet 
Submission Integration[2m > [22mshould remove failed entries correctly
[41m[1m FAIL [22m[49m 
__tests__/timesheet_submission_integration.spec.ts[2m > [22mTimesheet 
Submission Integration[2m > [22mshould handle empty pending entries 
gracefully
[41m[1m FAIL [22m[49m 
__tests__/timesheet_submission_integration.spec.ts[2m > [22mTimesheet 
Submission Integration[2m > [22mshould convert database rows to bot format 
correctly
[41m[1m FAIL [22m[49m 
__tests__/timesheet_submission_integration.spec.ts[2m > [22mTimesheet 
Submission Integration[2m > [22mshould initialize and cleanup browser when 
submitting timesheets
[41m[1m FAIL [22m[49m 
__tests__/timesheet_submission_integration.spec.ts[2m > [22mTimesheet 
Submission Integration[2m > [22mshould properly handle browser lifecycle 
across multiple submission attempts
[31m[1mError[22m: The module '\\?\C:\Local\Sheetpilot\node_modules\better-sq
lite3\build\Release\better_sqlite3.node'
was compiled against a different Node.js version using
NODE_MODULE_VERSION 139. This version of Node.js requires
NODE_MODULE_VERSION 127. Please try re-compiling or re-installing
the module (for instance, using `npm rebuild` or `npm install`).[39m
[90m [2mΓ¥»[22m bindings 
node_modules/bindings/bindings.js:[2m112:48[22m[39m
[90m [2mΓ¥»[22m new Database 
node_modules/better-sqlite3/lib/database.js:[2m48:64[22m[39m
[36m [2mΓ¥»[22m openDb src/services/database.ts:[2m113:16[22m[39m
    [90m111| [39m    [35mconst[39m mod [33m=[39m 
[34mloadBetterSqlite3[39m() [35mas[39m unknown[33m;[39m
    [90m112| [39m    const DatabaseCtor = (mod as { default?: unknown 
})?.default ?? moΓÇª
    [90m113| [39m    const db = new (DatabaseCtor as new (path: string, 
opts?: BetterSqΓÇª
    [90m   | [39m               [31m^[39m
    [90m114| [39m    
    [90m115| [39m    [90m// Lazy initialization: ensure schema on first 
database open[39m

[31m[2mΓÄ»ΓÄ»ΓÄ»ΓÄ»ΓÄ»ΓÄ»ΓÄ»ΓÄ»ΓÄ»ΓÄ»ΓÄ»ΓÄ»ΓÄ»ΓÄ»ΓÄ»ΓÄ»ΓÄ»ΓÄ»ΓÄ»ΓÄ»ΓÄ»ΓÄ»ΓÄ»[
5/85]ΓÄ»[22m[39m

[41m[1m FAIL [22m[49m __tests__/ipc-handlers-comprehensive.spec.ts[2m > 
[22mIPC Handlers Comprehensive Tests[2m > [22mping handler[2m > 
[22mshould return pong with message
[41m[1m FAIL [22m[49m __tests__/ipc-handlers-comprehensive.spec.ts[2m > 
[22mIPC Handlers Comprehensive Tests[2m > [22mping handler[2m > 
[22mshould handle empty message
[41m[1m FAIL [22m[49m __tests__/ipc-handlers-comprehensive.spec.ts[2m > 
[22mIPC Handlers Comprehensive Tests[2m > [22mping handler[2m > 
[22mshould handle undefined message
[41m[1m FAIL [22m[49m __tests__/ipc-handlers-comprehensive.spec.ts[2m > 
[22mIPC Handlers Comprehensive Tests[2m > [22mcredentials:store handler[2m 
> [22mshould store credentials successfully
[41m[1m FAIL [22m[49m __tests__/ipc-handlers-comprehensive.spec.ts[2m > 
[22mIPC Handlers Comprehensive Tests[2m > [22mcredentials:store handler[2m 
> [22mshould handle storage failure
[41m[1m FAIL [22m[49m __tests__/ipc-handlers-comprehensive.spec.ts[2m > 
[22mIPC Handlers Comprehensive Tests[2m > [22mcredentials:store handler[2m 
> [22mshould handle invalid parameters
[41m[1m FAIL [22m[49m __tests__/ipc-handlers-comprehensive.spec.ts[2m > 
[22mIPC Handlers Comprehensive Tests[2m > [22mcredentials:get handler[2m > 
[22mshould retrieve credentials successfully
[41m[1m FAIL [22m[49m __tests__/ipc-handlers-comprehensive.spec.ts[2m > 
[22mIPC Handlers Comprehensive Tests[2m > [22mcredentials:get handler[2m > 
[22mshould handle missing credentials
[41m[1m FAIL [22m[49m __tests__/ipc-handlers-comprehensive.spec.ts[2m > 
[22mIPC Handlers Comprehensive Tests[2m > [22mcredentials:get handler[2m > 
[22mshould handle invalid service parameter
[41m[1m FAIL [22m[49m __tests__/ipc-handlers-comprehensive.spec.ts[2m > 
[22mIPC Handlers Comprehensive Tests[2m > [22mcredentials:list handler[2m 
> [22mshould list all credentials
[41m[1m FAIL [22m[49m __tests__/ipc-handlers-comprehensive.spec.ts[2m > 
[22mIPC Handlers Comprehensive Tests[2m > [22mcredentials:list handler[2m 
> [22mshould handle empty credentials list
[41m[1m FAIL [22m[49m __tests__/ipc-handlers-comprehensive.spec.ts[2m > 
[22mIPC Handlers Comprehensive Tests[2m > [22mcredentials:delete 
handler[2m > [22mshould delete credentials successfully
[41m[1m FAIL [22m[49m __tests__/ipc-handlers-comprehensive.spec.ts[2m > 
[22mIPC Handlers Comprehensive Tests[2m > [22mcredentials:delete 
handler[2m > [22mshould handle deletion failure
[41m[1m FAIL [22m[49m __tests__/ipc-handlers-comprehensive.spec.ts[2m > 
[22mIPC Handlers Comprehensive Tests[2m > [22mcredentials:delete 
handler[2m > [22mshould handle invalid service parameter
[41m[1m FAIL [22m[49m __tests__/ipc-handlers-comprehensive.spec.ts[2m > 
[22mIPC Handlers Comprehensive Tests[2m > 
[22mdatabase:getAllTimesheetEntries handler[2m > [22mshould retrieve all 
timesheet entries
[41m[1m FAIL [22m[49m __tests__/ipc-handlers-comprehensive.spec.ts[2m > 
[22mIPC Handlers Comprehensive Tests[2m > 
[22mdatabase:getAllTimesheetEntries handler[2m > [22mshould handle empty 
entries list
[41m[1m FAIL [22m[49m __tests__/ipc-handlers-comprehensive.spec.ts[2m > 
[22mIPC Handlers Comprehensive Tests[2m > 
[22mdatabase:getAllTimesheetEntries handler[2m > [22mshould handle database 
errors
[41m[1m FAIL [22m[49m __tests__/ipc-handlers-comprehensive.spec.ts[2m > 
[22mIPC Handlers Comprehensive Tests[2m > [22mdatabase:getAllCredentials 
handler[2m > [22mshould retrieve all credentials
[41m[1m FAIL [22m[49m __tests__/ipc-handlers-comprehensive.spec.ts[2m > 
[22mIPC Handlers Comprehensive Tests[2m > [22mtimesheet:exportToCSV 
handler[2m > [22mshould export timesheet data to CSV
[41m[1m FAIL [22m[49m __tests__/ipc-handlers-comprehensive.spec.ts[2m > 
[22mIPC Handlers Comprehensive Tests[2m > [22mtimesheet:exportToCSV 
handler[2m > [22mshould handle empty data export
[41m[1m FAIL [22m[49m __tests__/ipc-handlers-comprehensive.spec.ts[2m > 
[22mIPC Handlers Comprehensive Tests[2m > [22mtimesheet:exportToCSV 
handler[2m > [22mshould handle export errors
[41m[1m FAIL [22m[49m __tests__/ipc-handlers-comprehensive.spec.ts[2m > 
[22mIPC Handlers Comprehensive Tests[2m > [22mdatabase:clearDatabase 
handler[2m > [22mshould clear all database tables
[41m[1m FAIL [22m[49m __tests__/ipc-handlers-comprehensive.spec.ts[2m > 
[22mIPC Handlers Comprehensive Tests[2m > [22mdatabase:clearDatabase 
handler[2m > [22mshould handle clear database errors
[41m[1m FAIL [22m[49m __tests__/ipc-handlers-comprehensive.spec.ts[2m > 
[22mIPC Handlers Comprehensive Tests[2m > [22mtimesheet:saveDraft 
handler[2m > [22mshould save valid draft data
[41m[1m FAIL [22m[49m __tests__/ipc-handlers-comprehensive.spec.ts[2m > 
[22mIPC Handlers Comprehensive Tests[2m > [22mtimesheet:saveDraft 
handler[2m > [22mshould validate required fields
[41m[1m FAIL [22m[49m __tests__/ipc-handlers-comprehensive.spec.ts[2m > 
[22mIPC Handlers Comprehensive Tests[2m > [22mtimesheet:saveDraft 
handler[2m > [22mshould validate time format
[41m[1m FAIL [22m[49m __tests__/ipc-handlers-comprehensive.spec.ts[2m > 
[22mIPC Handlers Comprehensive Tests[2m > [22mtimesheet:saveDraft 
handler[2m > [22mshould validate quarter constraints
[41m[1m FAIL [22m[49m __tests__/ipc-handlers-comprehensive.spec.ts[2m > 
[22mIPC Handlers Comprehensive Tests[2m > [22mtimesheet:saveDraft 
handler[2m > [22mshould handle duplicate entries
[41m[1m FAIL [22m[49m __tests__/ipc-handlers-comprehensive.spec.ts[2m > 
[22mIPC Handlers Comprehensive Tests[2m > [22mtimesheet:loadDraft 
handler[2m > [22mshould load pending timesheet entries
[41m[1m FAIL [22m[49m __tests__/ipc-handlers-comprehensive.spec.ts[2m > 
[22mIPC Handlers Comprehensive Tests[2m > [22mtimesheet:loadDraft 
handler[2m > [22mshould handle empty draft data
[41m[1m FAIL [22m[49m __tests__/ipc-handlers-comprehensive.spec.ts[2m > 
[22mIPC Handlers Comprehensive Tests[2m > [22mtimesheet:loadDraft 
handler[2m > [22mshould handle load errors
[41m[1m FAIL [22m[49m __tests__/ipc-handlers-comprehensive.spec.ts[2m > 
[22mIPC Handlers Comprehensive Tests[2m > [22mtimesheet:deleteDraft 
handler[2m > [22mshould delete valid draft entry
[41m[1m FAIL [22m[49m __tests__/ipc-handlers-comprehensive.spec.ts[2m > 
[22mIPC Handlers Comprehensive Tests[2m > [22mtimesheet:deleteDraft 
handler[2m > [22mshould validate ID parameter
[41m[1m FAIL [22m[49m __tests__/ipc-handlers-comprehensive.spec.ts[2m > 
[22mIPC Handlers Comprehensive Tests[2m > [22mtimesheet:deleteDraft 
handler[2m > [22mshould handle non-existent entry
[41m[1m FAIL [22m[49m __tests__/ipc-handlers-comprehensive.spec.ts[2m > 
[22mIPC Handlers Comprehensive Tests[2m > [22mtimesheet:deleteDraft 
handler[2m > [22mshould handle database errors
[41m[1m FAIL [22m[49m __tests__/ipc-handlers-comprehensive.spec.ts[2m > 
[22mIPC Handlers Comprehensive Tests[2m > [22mtimesheet:deleteDraft 
handler[2m > [22mshould only delete draft entries (status IS NULL)
[41m[1m FAIL [22m[49m __tests__/ipc-handlers-comprehensive.spec.ts[2m > 
[22mIPC Handlers Comprehensive Tests[2m > [22mtimesheet:submit handler[2m 
> [22mshould submit timesheets with valid credentials
[41m[1m FAIL [22m[49m __tests__/ipc-handlers-comprehensive.spec.ts[2m > 
[22mIPC Handlers Comprehensive Tests[2m > [22mtimesheet:submit handler[2m 
> [22mshould handle missing credentials
[41m[1m FAIL [22m[49m __tests__/ipc-handlers-comprehensive.spec.ts[2m > 
[22mIPC Handlers Comprehensive Tests[2m > [22mtimesheet:submit handler[2m 
> [22mshould handle submission failures
[31m[1mTypeError[22m: app.getAppPath is not a function[39m
[36m [2mΓ¥»[22m createWindow src/main/main.ts:[2m311:30[22m[39m
    [90m309| [39m  } [35melse[39m {
    [90m310| [39m    [90m// In development, use absolute path from project 
root[39m
    [90m311| [39m    iconPath = path.join(app.getAppPath(), 'src', 
'renderer', 'assets'ΓÇª
    [90m   | [39m                             [31m^[39m
    [90m312| [39m  }
    [90m313| [39m  
[90m [2mΓ¥»[22m Module.registerIPCHandlers 
src/main/main.ts:[2m1026:3[22m[39m
[90m [2mΓ¥»[22m 
__tests__/ipc-handlers-comprehensive.spec.ts:[2m208:5[22m[39m

[31m[2mΓÄ»ΓÄ»ΓÄ»ΓÄ»ΓÄ»ΓÄ»ΓÄ»ΓÄ»ΓÄ»ΓÄ»ΓÄ»ΓÄ»ΓÄ»ΓÄ»ΓÄ»ΓÄ»ΓÄ»ΓÄ»ΓÄ»ΓÄ»ΓÄ»ΓÄ»ΓÄ»[
6/85]ΓÄ»[22m[39m

[41m[1m FAIL [22m[49m __tests__/renderer/DatabaseViewer.spec.tsx[2m > 
[22mDatabaseViewer[2m > [22mrenders without crashing
[31m[1mTypeError[22m: Cannot read properties of null (reading 
'useState')[39m
[90m [2mΓ¥»[22m process.env.NODE_ENV.exports.useState 
src/renderer/node_modules/react/cjs/react.development.js:[2m1263:33[22m[39m
[36m [2mΓ¥»[22m Archive 
src/renderer/components/DatabaseViewer.tsx:[2m40:23[22m[39m
    [90m 38| [39m
    [90m 39| [39m[35mconst[39m [33mArchive[39m[33m:[39m 
[33mReact[39m[33m.[39m[33mFC[39m [33m=[39m () [33m=>[39m {
    [90m 40| [39m  const [activeTab] = useState<'timesheet' | 
'credentials'>('timesheetΓÇª
    [90m   | [39m                      [31m^[39m
    [90m 41| [39m  
    [90m 42| [39m  [90m// Use preloaded data from context[39m
[90m [2mΓ¥»[22m Object.react_stack_bottom_frame node_modules/react-dom/cjs/r
eact-dom-client.development.js:[2m25904:20[22m[39m
[90m [2mΓ¥»[22m renderWithHooks node_modules/react-dom/cjs/react-dom-client.
development.js:[2m7662:22[22m[39m
[90m [2mΓ¥»[22m updateFunctionComponent node_modules/react-dom/cjs/react-dom
-client.development.js:[2m10166:19[22m[39m
[90m [2mΓ¥»[22m beginWork node_modules/react-dom/cjs/react-dom-client.develo
pment.js:[2m11778:18[22m[39m
[90m [2mΓ¥»[22m runWithFiberInDEV 
node_modules/react-dom/cjs/react-dom-client.development.js:[2m874:13[22m[39m
[90m [2mΓ¥»[22m performUnitOfWork node_modules/react-dom/cjs/react-dom-clien
t.development.js:[2m17641:22[22m[39m
[90m [2mΓ¥»[22m workLoopSync node_modules/react-dom/cjs/react-dom-client.dev
elopment.js:[2m17469:41[22m[39m
[90m [2mΓ¥»[22m renderRootSync node_modules/react-dom/cjs/react-dom-client.d
evelopment.js:[2m17450:11[22m[39m

[31m[2mΓÄ»ΓÄ»ΓÄ»ΓÄ»ΓÄ»ΓÄ»ΓÄ»ΓÄ»ΓÄ»ΓÄ»ΓÄ»ΓÄ»ΓÄ»ΓÄ»ΓÄ»ΓÄ»ΓÄ»ΓÄ»ΓÄ»ΓÄ»ΓÄ»ΓÄ»ΓÄ»[
7/85]ΓÄ»[22m[39m


[2m Test Files [22m [1m[31m9 failed[39m[22m[2m | [22m[1m[32m27 passed[39m[22m[90m (36)[39m
[2m      Tests [22m [1m[31m81 failed[39m[22m[2m | [22m[1m[32m464 passed[39m[22m[2m | [22m[33m2 skipped[39m[90m (547)[39m
[2m   Start at [22m 11:33:46
[2m   Duration [22m 78.99s[2m (transform 2.21s, setup 42.89s, collect 20.85s, tests 34.88s, environment 150.48s, prepare 12.83s)[22m

